                                      1 ;--------------------------------------------------------
                                      2 ; File Created by SDCC : free open source ANSI-C Compiler
                                      3 ; Version 4.2.0 #13081 (Linux)
                                      4 ;--------------------------------------------------------
                                      5 	.module cart
                                      6 	.optsdcc -mz80
                                      7 	
                                      8 ;--------------------------------------------------------
                                      9 ; Public variables in this module
                                     10 ;--------------------------------------------------------
                                     11 	.globl _cart_type_name
                                     12 	.globl _cart_lic_name
                                     13 	.globl _msx_printf
                                     14 	.globl _Mem_HeapAlloc
                                     15 	.globl _DOS_SeekHandle
                                     16 	.globl _DOS_ReadHandle
                                     17 	.globl _DOS_CloseHandle
                                     18 	.globl _DOS_OpenHandle
                                     19 	.globl _DOS_TPAUpperAddr
                                     20 	.globl _card_load
                                     21 ;--------------------------------------------------------
                                     22 ; special function registers
                                     23 ;--------------------------------------------------------
                                     24 ;--------------------------------------------------------
                                     25 ; ram data
                                     26 ;--------------------------------------------------------
                                     27 	.area _DATA
                           000006    28 _DOS_TPAUpperAddr	=	0x0006
      000000                         29 _ctx:
      000000                         30 	.ds 1032
                                     31 ;--------------------------------------------------------
                                     32 ; ram data
                                     33 ;--------------------------------------------------------
                                     34 	.area _INITIALIZED
      000000                         35 _ROM_TYPES:
      000000                         36 	.ds 70
      000046                         37 _LIC_CODE:
      000046                         38 	.ds 330
                                     39 ;--------------------------------------------------------
                                     40 ; absolute external ram data
                                     41 ;--------------------------------------------------------
                                     42 	.area _DABS (ABS)
                                     43 ;--------------------------------------------------------
                                     44 ; global & static initialisations
                                     45 ;--------------------------------------------------------
                                     46 	.area _HOME
                                     47 	.area _GSINIT
                                     48 	.area _GSFINAL
                                     49 	.area _GSINIT
                                     50 ;--------------------------------------------------------
                                     51 ; Home
                                     52 ;--------------------------------------------------------
                                     53 	.area _HOME
                                     54 	.area _HOME
                                     55 ;--------------------------------------------------------
                                     56 ; code
                                     57 ;--------------------------------------------------------
                                     58 	.area _CODE
                                     59 ;./cart.c:117: const char *cart_lic_name() {
                                     60 ;	---------------------------------
                                     61 ; Function cart_lic_name
                                     62 ; ---------------------------------
      000000                         63 _cart_lic_name::
      000000 DD E5            [15]   64 	push	ix
      000002 DD 21 00 00      [14]   65 	ld	ix,#0
      000006 DD 39            [15]   66 	add	ix,sp
      000008 F5               [11]   67 	push	af
                                     68 ;./cart.c:118: if (ctx.header->new_lic_code <= 0xA4) {
      000009 21r06r04         [10]   69 	ld	hl, #(_ctx + 1030)
      00000C 7E               [ 7]   70 	ld	a, (hl)
      00000D DD 77 FE         [19]   71 	ld	-2 (ix), a
      000010 23               [ 6]   72 	inc	hl
      000011 7E               [ 7]   73 	ld	a, (hl)
      000012 DD 77 FF         [19]   74 	ld	-1 (ix), a
      000015 C1               [10]   75 	pop	bc
      000016 C5               [11]   76 	push	bc
      000017 21 44 00         [10]   77 	ld	hl, #68
      00001A 09               [11]   78 	add	hl, bc
      00001B 4E               [ 7]   79 	ld	c, (hl)
      00001C 23               [ 6]   80 	inc	hl
      00001D 46               [ 7]   81 	ld	b, (hl)
      00001E 3E A4            [ 7]   82 	ld	a, #0xa4
      000020 B9               [ 4]   83 	cp	a, c
      000021 3E 00            [ 7]   84 	ld	a, #0x00
      000023 98               [ 4]   85 	sbc	a, b
      000024 38 14            [12]   86 	jr	C, 00102$
                                     87 ;./cart.c:119: return LIC_CODE[ctx.header->lic_code];
      000026 01r46r00         [10]   88 	ld	bc, #_LIC_CODE+0
      000029 D1               [10]   89 	pop	de
      00002A D5               [11]   90 	push	de
      00002B 21 4B 00         [10]   91 	ld	hl, #75
      00002E 19               [11]   92 	add	hl, de
      00002F 6E               [ 7]   93 	ld	l, (hl)
                                     94 ;	spillPairReg hl
      000030 26 00            [ 7]   95 	ld	h, #0x00
                                     96 ;	spillPairReg hl
                                     97 ;	spillPairReg hl
      000032 29               [11]   98 	add	hl, hl
      000033 09               [11]   99 	add	hl, bc
      000034 5E               [ 7]  100 	ld	e, (hl)
      000035 23               [ 6]  101 	inc	hl
      000036 56               [ 7]  102 	ld	d, (hl)
      000037 C3r3Dr00         [10]  103 	jp	00103$
      00003A                        104 00102$:
                                    105 ;./cart.c:122: return "UNKNOWN";
      00003A 11r46r00         [10]  106 	ld	de, #___str_1
      00003D                        107 00103$:
                                    108 ;./cart.c:123: }
      00003D DD F9            [10]  109 	ld	sp, ix
      00003F DD E1            [14]  110 	pop	ix
      000041 C9               [10]  111 	ret
      000042                        112 ___str_0:
      000042 0A                     113 	.db 0x0a
      000043 0D                     114 	.db 0x0d
      000044 24                     115 	.ascii "$"
      000045 00                     116 	.db 0x00
      000046                        117 ___str_1:
      000046 55 4E 4B 4E 4F 57 4E   118 	.ascii "UNKNOWN"
      00004D 00                     119 	.db 0x00
                                    120 ;./cart.c:125: const char *cart_type_name() {
                                    121 ;	---------------------------------
                                    122 ; Function cart_type_name
                                    123 ; ---------------------------------
      00004E                        124 _cart_type_name::
                                    125 ;./cart.c:126: if (ctx.header->type <= 0x22) {
      00004E 2Ar06r04         [16]  126 	ld	hl, (#(_ctx + 1030) + 0)
      000051 11 47 00         [10]  127 	ld	de, #0x0047
      000054 19               [11]  128 	add	hl, de
      000055 4E               [ 7]  129 	ld	c, (hl)
      000056 3E 22            [ 7]  130 	ld	a, #0x22
      000058 91               [ 4]  131 	sub	a, c
      000059 38 0C            [12]  132 	jr	C, 00102$
                                    133 ;./cart.c:127: return ROM_TYPES[ctx.header->type];
      00005B 11r00r00         [10]  134 	ld	de, #_ROM_TYPES+0
      00005E 69               [ 4]  135 	ld	l, c
                                    136 ;	spillPairReg hl
                                    137 ;	spillPairReg hl
      00005F 26 00            [ 7]  138 	ld	h, #0x00
                                    139 ;	spillPairReg hl
                                    140 ;	spillPairReg hl
      000061 29               [11]  141 	add	hl, hl
      000062 19               [11]  142 	add	hl, de
      000063 5E               [ 7]  143 	ld	e, (hl)
      000064 23               [ 6]  144 	inc	hl
      000065 56               [ 7]  145 	ld	d, (hl)
      000066 C9               [10]  146 	ret
      000067                        147 00102$:
                                    148 ;./cart.c:130: return "UNKNOWN";
      000067 11r6Br00         [10]  149 	ld	de, #___str_2
                                    150 ;./cart.c:131: }
      00006A C9               [10]  151 	ret
      00006B                        152 ___str_2:
      00006B 55 4E 4B 4E 4F 57 4E   153 	.ascii "UNKNOWN"
      000072 00                     154 	.db 0x00
                                    155 ;./cart.c:133: bool card_load(c8 *filename) {
                                    156 ;	---------------------------------
                                    157 ; Function card_load
                                    158 ; ---------------------------------
      000073                        159 _card_load::
      000073 DD E5            [15]  160 	push	ix
      000075 DD 21 00 00      [14]  161 	ld	ix,#0
      000079 DD 39            [15]  162 	add	ix,sp
      00007B 3B               [ 6]  163 	dec	sp
                                    164 ;./cart.c:134: u8 fp = DOS_FOpen(filename, O_RDONLY);
      00007C E5               [11]  165 	push	hl
      00007D 3E 01            [ 7]  166 	ld	a, #0x01
      00007F F5               [11]  167 	push	af
      000080 33               [ 6]  168 	inc	sp
      000081 CDr00r00         [17]  169 	call	_DOS_OpenHandle
      000084 E1               [10]  170 	pop	hl
                                    171 ;./cart.c:136: if (!fp) {
      000085 DD 77 FF         [19]  172 	ld	-1 (ix), a
      000088 B7               [ 4]  173 	or	a, a
      000089 20 0E            [12]  174 	jr	NZ, 00102$
                                    175 ;./cart.c:137: msx_printf("Failed to open: %s\r\n", filename);
      00008B 01rE9r00         [10]  176 	ld	bc, #___str_3+0
      00008E E5               [11]  177 	push	hl
      00008F C5               [11]  178 	push	bc
      000090 CDr00r00         [17]  179 	call	_msx_printf
      000093 F1               [10]  180 	pop	af
      000094 F1               [10]  181 	pop	af
                                    182 ;./cart.c:138: return false;
      000095 AF               [ 4]  183 	xor	a, a
      000096 C3rE5r00         [10]  184 	jp	00103$
      000099                        185 00102$:
                                    186 ;./cart.c:141: msx_printf("Opened: %s\r\n", filename);
      000099 01rFEr00         [10]  187 	ld	bc, #___str_4+0
      00009C E5               [11]  188 	push	hl
      00009D C5               [11]  189 	push	bc
      00009E CDr00r00         [17]  190 	call	_msx_printf
      0000A1 F1               [10]  191 	pop	af
                                    192 ;./cart.c:143: ctx.rom_size = DOS_SeekHandle(fp, 0, SEEK_END); // go to the end to the filename
      0000A2 26 02            [ 7]  193 	ld	h,#0x02
      0000A4 E3               [19]  194 	ex	(sp),hl
      0000A5 33               [ 6]  195 	inc	sp
      0000A6 21 00 00         [10]  196 	ld	hl, #0x0000
      0000A9 E5               [11]  197 	push	hl
      0000AA E5               [11]  198 	push	hl
      0000AB DD 7E FF         [19]  199 	ld	a, -1 (ix)
      0000AE CDr00r00         [17]  200 	call	_DOS_SeekHandle
      0000B1 4D               [ 4]  201 	ld	c, l
      0000B2 44               [ 4]  202 	ld	b, h
      0000B3 ED 53r00r04      [20]  203 	ld	((_ctx + 1024)), de
      0000B7 ED 43r02r04      [20]  204 	ld	((_ctx + 1024)+2), bc
                                    205 ;./cart.c:145: DOS_SeekHandle(fp, 0, SEEK_SET); // rewind 
      0000BB AF               [ 4]  206 	xor	a, a
      0000BC F5               [11]  207 	push	af
      0000BD 33               [ 6]  208 	inc	sp
      0000BE 21 00 00         [10]  209 	ld	hl, #0x0000
      0000C1 E5               [11]  210 	push	hl
      0000C2 E5               [11]  211 	push	hl
      0000C3 DD 7E FF         [19]  212 	ld	a, -1 (ix)
      0000C6 CDr00r00         [17]  213 	call	_DOS_SeekHandle
                                    214 ;./cart.c:147: ctx.rom_data = Mem_HeapAlloc(ctx.rom_size);
      0000C9 2Ar00r04         [16]  215 	ld	hl, (#(_ctx + 1024) + 0)
      0000CC CDr00r00         [17]  216 	call	_Mem_HeapAlloc
      0000CF ED 53r04r04      [20]  217 	ld	((_ctx + 1028)), de
                                    218 ;./cart.c:149: DOS_FRead(fp, (void*)ctx.rom_data, ctx.rom_size);
      0000D3 2Ar00r04         [16]  219 	ld	hl, (#(_ctx + 1024) + 0)
      0000D6 E5               [11]  220 	push	hl
      0000D7 DD 7E FF         [19]  221 	ld	a, -1 (ix)
      0000DA CDr00r00         [17]  222 	call	_DOS_ReadHandle
                                    223 ;./cart.c:150: DOS_FClose(fp); 
      0000DD DD 7E FF         [19]  224 	ld	a, -1 (ix)
      0000E0 CDr00r00         [17]  225 	call	_DOS_CloseHandle
                                    226 ;./cart.c:152: return true;
      0000E3 3E 01            [ 7]  227 	ld	a, #0x01
      0000E5                        228 00103$:
                                    229 ;./cart.c:153: }
      0000E5 33               [ 6]  230 	inc	sp
      0000E6 DD E1            [14]  231 	pop	ix
      0000E8 C9               [10]  232 	ret
      0000E9                        233 ___str_3:
      0000E9 46 61 69 6C 65 64 20   234 	.ascii "Failed to open: %s"
             74 6F 20 6F 70 65 6E
             3A 20 25 73
      0000FB 0D                     235 	.db 0x0d
      0000FC 0A                     236 	.db 0x0a
      0000FD 00                     237 	.db 0x00
      0000FE                        238 ___str_4:
      0000FE 4F 70 65 6E 65 64 3A   239 	.ascii "Opened: %s"
             20 25 73
      000108 0D                     240 	.db 0x0d
      000109 0A                     241 	.db 0x0a
      00010A 00                     242 	.db 0x00
                                    243 	.area _CODE
      00010B                        244 ___str_5:
      00010B 52 4F 4D 20 4F 4E 4C   245 	.ascii "ROM ONLY"
             59
      000113 00                     246 	.db 0x00
      000114                        247 ___str_6:
      000114 4D 42 43 31            248 	.ascii "MBC1"
      000118 00                     249 	.db 0x00
      000119                        250 ___str_7:
      000119 4D 42 43 31 2B 52 41   251 	.ascii "MBC1+RAM"
             4D
      000121 00                     252 	.db 0x00
      000122                        253 ___str_8:
      000122 4D 42 43 31 2B 52 41   254 	.ascii "MBC1+RAM+BATTERY"
             4D 2B 42 41 54 54 45
             52 59
      000132 00                     255 	.db 0x00
      000133                        256 ___str_9:
      000133 30 78 30 34 20 3F 3F   257 	.ascii "0x04 ???"
             3F
      00013B 00                     258 	.db 0x00
      00013C                        259 ___str_10:
      00013C 4D 42 43 32            260 	.ascii "MBC2"
      000140 00                     261 	.db 0x00
      000141                        262 ___str_11:
      000141 4D 42 43 32 2B 42 41   263 	.ascii "MBC2+BATTERY"
             54 54 45 52 59
      00014D 00                     264 	.db 0x00
      00014E                        265 ___str_12:
      00014E 30 78 30 37 20 3F 3F   266 	.ascii "0x07 ???"
             3F
      000156 00                     267 	.db 0x00
      000157                        268 ___str_13:
      000157 52 4F 4D 2B 52 41 4D   269 	.ascii "ROM+RAM 1"
             20 31
      000160 00                     270 	.db 0x00
      000161                        271 ___str_14:
      000161 52 4F 4D 2B 52 41 4D   272 	.ascii "ROM+RAM+BATTERY 1"
             2B 42 41 54 54 45 52
             59 20 31
      000172 00                     273 	.db 0x00
      000173                        274 ___str_15:
      000173 30 78 30 41 20 3F 3F   275 	.ascii "0x0A ???"
             3F
      00017B 00                     276 	.db 0x00
      00017C                        277 ___str_16:
      00017C 4D 4D 4D 30 31         278 	.ascii "MMM01"
      000181 00                     279 	.db 0x00
      000182                        280 ___str_17:
      000182 4D 4D 4D 30 31 2B 52   281 	.ascii "MMM01+RAM"
             41 4D
      00018B 00                     282 	.db 0x00
      00018C                        283 ___str_18:
      00018C 4D 4D 4D 30 31 2B 52   284 	.ascii "MMM01+RAM+BATTERY"
             41 4D 2B 42 41 54 54
             45 52 59
      00019D 00                     285 	.db 0x00
      00019E                        286 ___str_19:
      00019E 30 78 30 45 20 3F 3F   287 	.ascii "0x0E ???"
             3F
      0001A6 00                     288 	.db 0x00
      0001A7                        289 ___str_20:
      0001A7 4D 42 43 33 2B 54 49   290 	.ascii "MBC3+TIMER+BATTERY"
             4D 45 52 2B 42 41 54
             54 45 52 59
      0001B9 00                     291 	.db 0x00
      0001BA                        292 ___str_21:
      0001BA 4D 42 43 33 2B 54 49   293 	.ascii "MBC3+TIMER+RAM+BATTERY 2"
             4D 45 52 2B 52 41 4D
             2B 42 41 54 54 45 52
             59 20 32
      0001D2 00                     294 	.db 0x00
      0001D3                        295 ___str_22:
      0001D3 4D 42 43 33            296 	.ascii "MBC3"
      0001D7 00                     297 	.db 0x00
      0001D8                        298 ___str_23:
      0001D8 4D 42 43 33 2B 52 41   299 	.ascii "MBC3+RAM 2"
             4D 20 32
      0001E2 00                     300 	.db 0x00
      0001E3                        301 ___str_24:
      0001E3 4D 42 43 33 2B 52 41   302 	.ascii "MBC3+RAM+BATTERY 2"
             4D 2B 42 41 54 54 45
             52 59 20 32
      0001F5 00                     303 	.db 0x00
      0001F6                        304 ___str_25:
      0001F6 30 78 31 34 20 3F 3F   305 	.ascii "0x14 ???"
             3F
      0001FE 00                     306 	.db 0x00
      0001FF                        307 ___str_26:
      0001FF 30 78 31 35 20 3F 3F   308 	.ascii "0x15 ???"
             3F
      000207 00                     309 	.db 0x00
      000208                        310 ___str_27:
      000208 30 78 31 36 20 3F 3F   311 	.ascii "0x16 ???"
             3F
      000210 00                     312 	.db 0x00
      000211                        313 ___str_28:
      000211 30 78 31 37 20 3F 3F   314 	.ascii "0x17 ???"
             3F
      000219 00                     315 	.db 0x00
      00021A                        316 ___str_29:
      00021A 30 78 31 38 20 3F 3F   317 	.ascii "0x18 ???"
             3F
      000222 00                     318 	.db 0x00
      000223                        319 ___str_30:
      000223 4D 42 43 35            320 	.ascii "MBC5"
      000227 00                     321 	.db 0x00
      000228                        322 ___str_31:
      000228 4D 42 43 35 2B 52 41   323 	.ascii "MBC5+RAM"
             4D
      000230 00                     324 	.db 0x00
      000231                        325 ___str_32:
      000231 4D 42 43 35 2B 52 41   326 	.ascii "MBC5+RAM+BATTERY"
             4D 2B 42 41 54 54 45
             52 59
      000241 00                     327 	.db 0x00
      000242                        328 ___str_33:
      000242 4D 42 43 35 2B 52 55   329 	.ascii "MBC5+RUMBLE"
             4D 42 4C 45
      00024D 00                     330 	.db 0x00
      00024E                        331 ___str_34:
      00024E 4D 42 43 35 2B 52 55   332 	.ascii "MBC5+RUMBLE+RAM"
             4D 42 4C 45 2B 52 41
             4D
      00025D 00                     333 	.db 0x00
      00025E                        334 ___str_35:
      00025E 4D 42 43 35 2B 52 55   335 	.ascii "MBC5+RUMBLE+RAM+BATTERY"
             4D 42 4C 45 2B 52 41
             4D 2B 42 41 54 54 45
             52 59
      000275 00                     336 	.db 0x00
      000276                        337 ___str_36:
      000276 30 78 31 46 20 3F 3F   338 	.ascii "0x1F ???"
             3F
      00027E 00                     339 	.db 0x00
      00027F                        340 ___str_37:
      00027F 4D 42 43 36            341 	.ascii "MBC6"
      000283 00                     342 	.db 0x00
      000284                        343 ___str_38:
      000284 30 78 32 31 20 3F 3F   344 	.ascii "0x21 ???"
             3F
      00028C 00                     345 	.db 0x00
      00028D                        346 ___str_39:
      00028D 4D 42 43 37 2B 53 45   347 	.ascii "MBC7+SENSOR+RUMBLE+RAM+BATTERY"
             4E 53 4F 52 2B 52 55
             4D 42 4C 45 2B 52 41
             4D 2B 42 41 54 54 45
             52 59
      0002AB 00                     348 	.db 0x00
      0002AC                        349 ___str_40:
      0002AC 4E 6F 6E 65            350 	.ascii "None"
      0002B0 00                     351 	.db 0x00
      0002B1                        352 ___str_41:
      0002B1 4E 69 6E 74 65 6E 64   353 	.ascii "Nintendo R&D1"
             6F 20 52 26 44 31
      0002BE 00                     354 	.db 0x00
      0002BF                        355 ___str_42:
      0002BF 43 61 70 63 6F 6D      356 	.ascii "Capcom"
      0002C5 00                     357 	.db 0x00
      0002C6                        358 ___str_43:
      0002C6 45 6C 65 63 74 72 6F   359 	.ascii "Electronic Arts"
             6E 69 63 20 41 72 74
             73
      0002D5 00                     360 	.db 0x00
      0002D6                        361 ___str_44:
      0002D6 48 75 64 73 6F 6E 20   362 	.ascii "Hudson Soft"
             53 6F 66 74
      0002E1 00                     363 	.db 0x00
      0002E2                        364 ___str_45:
      0002E2 62 2D 61 69            365 	.ascii "b-ai"
      0002E6 00                     366 	.db 0x00
      0002E7                        367 ___str_46:
      0002E7 6B 73 73               368 	.ascii "kss"
      0002EA 00                     369 	.db 0x00
      0002EB                        370 ___str_47:
      0002EB 70 6F 77               371 	.ascii "pow"
      0002EE 00                     372 	.db 0x00
      0002EF                        373 ___str_48:
      0002EF 50 43 4D 20 43 6F 6D   374 	.ascii "PCM Complete"
             70 6C 65 74 65
      0002FB 00                     375 	.db 0x00
      0002FC                        376 ___str_49:
      0002FC 73 61 6E 2D 78         377 	.ascii "san-x"
      000301 00                     378 	.db 0x00
      000302                        379 ___str_50:
      000302 4B 65 6D 63 6F 20 4A   380 	.ascii "Kemco Japan"
             61 70 61 6E
      00030D 00                     381 	.db 0x00
      00030E                        382 ___str_51:
      00030E 73 65 74 61            383 	.ascii "seta"
      000312 00                     384 	.db 0x00
      000313                        385 ___str_52:
      000313 56 69 61 63 6F 6D      386 	.ascii "Viacom"
      000319 00                     387 	.db 0x00
      00031A                        388 ___str_53:
      00031A 4E 69 6E 74 65 6E 64   389 	.ascii "Nintendo"
             6F
      000322 00                     390 	.db 0x00
      000323                        391 ___str_54:
      000323 42 61 6E 64 61 69      392 	.ascii "Bandai"
      000329 00                     393 	.db 0x00
      00032A                        394 ___str_55:
      00032A 4F 63 65 61 6E 2F 41   395 	.ascii "Ocean/Acclaim"
             63 63 6C 61 69 6D
      000337 00                     396 	.db 0x00
      000338                        397 ___str_56:
      000338 4B 6F 6E 61 6D 69      398 	.ascii "Konami"
      00033E 00                     399 	.db 0x00
      00033F                        400 ___str_57:
      00033F 48 65 63 74 6F 72      401 	.ascii "Hector"
      000345 00                     402 	.db 0x00
      000346                        403 ___str_58:
      000346 54 61 69 74 6F         404 	.ascii "Taito"
      00034B 00                     405 	.db 0x00
      00034C                        406 ___str_59:
      00034C 48 75 64 73 6F 6E      407 	.ascii "Hudson"
      000352 00                     408 	.db 0x00
      000353                        409 ___str_60:
      000353 42 61 6E 70 72 65 73   410 	.ascii "Banpresto"
             74 6F
      00035C 00                     411 	.db 0x00
      00035D                        412 ___str_61:
      00035D 55 62 69 20 53 6F 66   413 	.ascii "Ubi Soft"
             74
      000365 00                     414 	.db 0x00
      000366                        415 ___str_62:
      000366 41 74 6C 75 73         416 	.ascii "Atlus"
      00036B 00                     417 	.db 0x00
      00036C                        418 ___str_63:
      00036C 4D 61 6C 69 62 75      419 	.ascii "Malibu"
      000372 00                     420 	.db 0x00
      000373                        421 ___str_64:
      000373 61 6E 67 65 6C         422 	.ascii "angel"
      000378 00                     423 	.db 0x00
      000379                        424 ___str_65:
      000379 42 75 6C 6C 65 74 2D   425 	.ascii "Bullet-Proof"
             50 72 6F 6F 66
      000385 00                     426 	.db 0x00
      000386                        427 ___str_66:
      000386 69 72 65 6D            428 	.ascii "irem"
      00038A 00                     429 	.db 0x00
      00038B                        430 ___str_67:
      00038B 41 62 73 6F 6C 75 74   431 	.ascii "Absolute"
             65
      000393 00                     432 	.db 0x00
      000394                        433 ___str_68:
      000394 41 63 63 6C 61 69 6D   434 	.ascii "Acclaim"
      00039B 00                     435 	.db 0x00
      00039C                        436 ___str_69:
      00039C 41 63 74 69 76 69 73   437 	.ascii "Activision"
             69 6F 6E
      0003A6 00                     438 	.db 0x00
      0003A7                        439 ___str_70:
      0003A7 41 6D 65 72 69 63 61   440 	.ascii "American sammy"
             6E 20 73 61 6D 6D 79
      0003B5 00                     441 	.db 0x00
      0003B6                        442 ___str_71:
      0003B6 48 69 20 74 65 63 68   443 	.ascii "Hi tech entertainment"
             20 65 6E 74 65 72 74
             61 69 6E 6D 65 6E 74
      0003CB 00                     444 	.db 0x00
      0003CC                        445 ___str_72:
      0003CC 4C 4A 4E               446 	.ascii "LJN"
      0003CF 00                     447 	.db 0x00
      0003D0                        448 ___str_73:
      0003D0 4D 61 74 63 68 62 6F   449 	.ascii "Matchbox"
             78
      0003D8 00                     450 	.db 0x00
      0003D9                        451 ___str_74:
      0003D9 4D 61 74 74 65 6C      452 	.ascii "Mattel"
      0003DF 00                     453 	.db 0x00
      0003E0                        454 ___str_75:
      0003E0 4D 69 6C 74 6F 6E 20   455 	.ascii "Milton Bradley"
             42 72 61 64 6C 65 79
      0003EE 00                     456 	.db 0x00
      0003EF                        457 ___str_76:
      0003EF 54 69 74 75 73         458 	.ascii "Titus"
      0003F4 00                     459 	.db 0x00
      0003F5                        460 ___str_77:
      0003F5 56 69 72 67 69 6E      461 	.ascii "Virgin"
      0003FB 00                     462 	.db 0x00
      0003FC                        463 ___str_78:
      0003FC 4C 75 63 61 73 41 72   464 	.ascii "LucasArts"
             74 73
      000405 00                     465 	.db 0x00
      000406                        466 ___str_79:
      000406 4F 63 65 61 6E         467 	.ascii "Ocean"
      00040B 00                     468 	.db 0x00
      00040C                        469 ___str_80:
      00040C 49 6E 66 6F 67 72 61   470 	.ascii "Infogrames"
             6D 65 73
      000416 00                     471 	.db 0x00
      000417                        472 ___str_81:
      000417 49 6E 74 65 72 70 6C   473 	.ascii "Interplay"
             61 79
      000420 00                     474 	.db 0x00
      000421                        475 ___str_82:
      000421 42 72 6F 64 65 72 62   476 	.ascii "Broderbund"
             75 6E 64
      00042B 00                     477 	.db 0x00
      00042C                        478 ___str_83:
      00042C 73 63 75 6C 70 74 75   479 	.ascii "sculptured"
             72 65 64
      000436 00                     480 	.db 0x00
      000437                        481 ___str_84:
      000437 73 63 69               482 	.ascii "sci"
      00043A 00                     483 	.db 0x00
      00043B                        484 ___str_85:
      00043B 54 48 51               485 	.ascii "THQ"
      00043E 00                     486 	.db 0x00
      00043F                        487 ___str_86:
      00043F 41 63 63 6F 6C 61 64   488 	.ascii "Accolade"
             65
      000447 00                     489 	.db 0x00
      000448                        490 ___str_87:
      000448 6D 69 73 61 77 61      491 	.ascii "misawa"
      00044E 00                     492 	.db 0x00
      00044F                        493 ___str_88:
      00044F 6C 6F 7A 63            494 	.ascii "lozc"
      000453 00                     495 	.db 0x00
      000454                        496 ___str_89:
      000454 54 6F 6B 75 6D 61 20   497 	.ascii "Tokuma Shoten Intermedia"
             53 68 6F 74 65 6E 20
             49 6E 74 65 72 6D 65
             64 69 61
      00046C 00                     498 	.db 0x00
      00046D                        499 ___str_90:
      00046D 54 73 75 6B 75 64 61   500 	.ascii "Tsukuda Original"
             20 4F 72 69 67 69 6E
             61 6C
      00047D 00                     501 	.db 0x00
      00047E                        502 ___str_91:
      00047E 43 68 75 6E 73 6F 66   503 	.ascii "Chunsoft"
             74
      000486 00                     504 	.db 0x00
      000487                        505 ___str_92:
      000487 56 69 64 65 6F 20 73   506 	.ascii "Video system"
             79 73 74 65 6D
      000493 00                     507 	.db 0x00
      000494                        508 ___str_93:
      000494 56 61 72 69 65         509 	.ascii "Varie"
      000499 00                     510 	.db 0x00
      00049A                        511 ___str_94:
      00049A 59 6F 6E 65 7A 61 77   512 	.ascii "Yonezawa/s"
             61 2F 73
      0004A4 E2                     513 	.db 0xe2
      0004A5 80                     514 	.db 0x80
      0004A6 99                     515 	.db 0x99
      0004A7 70 61 6C               516 	.ascii "pal"
      0004AA 00                     517 	.db 0x00
      0004AB                        518 ___str_95:
      0004AB 4B 61 6E 65 6B 6F      519 	.ascii "Kaneko"
      0004B1 00                     520 	.db 0x00
      0004B2                        521 ___str_96:
      0004B2 50 61 63 6B 20 69 6E   522 	.ascii "Pack in soft"
             20 73 6F 66 74
      0004BE 00                     523 	.db 0x00
      0004BF                        524 ___str_97:
      0004BF 4B 6F 6E 61 6D 69 20   525 	.ascii "Konami (Yu-Gi-Oh!)"
             28 59 75 2D 47 69 2D
             4F 68 21 29
      0004D1 00                     526 	.db 0x00
                                    527 	.area _INITIALIZER
      000000                        528 __xinit__ROM_TYPES:
      000000r0Br01                  529 	.dw ___str_5
      000002r14r01                  530 	.dw ___str_6
      000004r19r01                  531 	.dw ___str_7
      000006r22r01                  532 	.dw ___str_8
      000008r33r01                  533 	.dw ___str_9
      00000Ar3Cr01                  534 	.dw ___str_10
      00000Cr41r01                  535 	.dw ___str_11
      00000Er4Er01                  536 	.dw ___str_12
      000010r57r01                  537 	.dw ___str_13
      000012r61r01                  538 	.dw ___str_14
      000014r73r01                  539 	.dw ___str_15
      000016r7Cr01                  540 	.dw ___str_16
      000018r82r01                  541 	.dw ___str_17
      00001Ar8Cr01                  542 	.dw ___str_18
      00001Cr9Er01                  543 	.dw ___str_19
      00001ErA7r01                  544 	.dw ___str_20
      000020rBAr01                  545 	.dw ___str_21
      000022rD3r01                  546 	.dw ___str_22
      000024rD8r01                  547 	.dw ___str_23
      000026rE3r01                  548 	.dw ___str_24
      000028rF6r01                  549 	.dw ___str_25
      00002ArFFr01                  550 	.dw ___str_26
      00002Cr08r02                  551 	.dw ___str_27
      00002Er11r02                  552 	.dw ___str_28
      000030r1Ar02                  553 	.dw ___str_29
      000032r23r02                  554 	.dw ___str_30
      000034r28r02                  555 	.dw ___str_31
      000036r31r02                  556 	.dw ___str_32
      000038r42r02                  557 	.dw ___str_33
      00003Ar4Er02                  558 	.dw ___str_34
      00003Cr5Er02                  559 	.dw ___str_35
      00003Er76r02                  560 	.dw ___str_36
      000040r7Fr02                  561 	.dw ___str_37
      000042r84r02                  562 	.dw ___str_38
      000044r8Dr02                  563 	.dw ___str_39
      000046                        564 __xinit__LIC_CODE:
      000046rACr02                  565 	.dw ___str_40
      000048rB1r02                  566 	.dw ___str_41
      00004A 00 00                  567 	.dw #0x0000
      00004C 00 00                  568 	.dw #0x0000
      00004E 00 00                  569 	.dw #0x0000
      000050 00 00                  570 	.dw #0x0000
      000052 00 00                  571 	.dw #0x0000
      000054 00 00                  572 	.dw #0x0000
      000056rBFr02                  573 	.dw ___str_42
      000058 00 00                  574 	.dw #0x0000
      00005A 00 00                  575 	.dw #0x0000
      00005C 00 00                  576 	.dw #0x0000
      00005E 00 00                  577 	.dw #0x0000
      000060 00 00                  578 	.dw #0x0000
      000062 00 00                  579 	.dw #0x0000
      000064 00 00                  580 	.dw #0x0000
      000066 00 00                  581 	.dw #0x0000
      000068 00 00                  582 	.dw #0x0000
      00006A 00 00                  583 	.dw #0x0000
      00006CrC6r02                  584 	.dw ___str_43
      00006E 00 00                  585 	.dw #0x0000
      000070 00 00                  586 	.dw #0x0000
      000072 00 00                  587 	.dw #0x0000
      000074 00 00                  588 	.dw #0x0000
      000076rD6r02                  589 	.dw ___str_44
      000078rE2r02                  590 	.dw ___str_45
      00007A 00 00                  591 	.dw #0x0000
      00007C 00 00                  592 	.dw #0x0000
      00007E 00 00                  593 	.dw #0x0000
      000080 00 00                  594 	.dw #0x0000
      000082 00 00                  595 	.dw #0x0000
      000084 00 00                  596 	.dw #0x0000
      000086rE7r02                  597 	.dw ___str_46
      000088 00 00                  598 	.dw #0x0000
      00008ArEBr02                  599 	.dw ___str_47
      00008C 00 00                  600 	.dw #0x0000
      00008ErEFr02                  601 	.dw ___str_48
      000090rFCr02                  602 	.dw ___str_49
      000092 00 00                  603 	.dw #0x0000
      000094 00 00                  604 	.dw #0x0000
      000096r02r03                  605 	.dw ___str_50
      000098r0Er03                  606 	.dw ___str_51
      00009A 00 00                  607 	.dw #0x0000
      00009C 00 00                  608 	.dw #0x0000
      00009E 00 00                  609 	.dw #0x0000
      0000A0 00 00                  610 	.dw #0x0000
      0000A2 00 00                  611 	.dw #0x0000
      0000A4 00 00                  612 	.dw #0x0000
      0000A6r13r03                  613 	.dw ___str_52
      0000A8r1Ar03                  614 	.dw ___str_53
      0000AAr23r03                  615 	.dw ___str_54
      0000ACr2Ar03                  616 	.dw ___str_55
      0000AEr38r03                  617 	.dw ___str_56
      0000B0r3Fr03                  618 	.dw ___str_57
      0000B2 00 00                  619 	.dw #0x0000
      0000B4r46r03                  620 	.dw ___str_58
      0000B6r4Cr03                  621 	.dw ___str_59
      0000B8r53r03                  622 	.dw ___str_60
      0000BA 00 00                  623 	.dw #0x0000
      0000BC 00 00                  624 	.dw #0x0000
      0000BE 00 00                  625 	.dw #0x0000
      0000C0 00 00                  626 	.dw #0x0000
      0000C2 00 00                  627 	.dw #0x0000
      0000C4 00 00                  628 	.dw #0x0000
      0000C6 00 00                  629 	.dw #0x0000
      0000C8r5Dr03                  630 	.dw ___str_61
      0000CAr66r03                  631 	.dw ___str_62
      0000CC 00 00                  632 	.dw #0x0000
      0000CEr6Cr03                  633 	.dw ___str_63
      0000D0 00 00                  634 	.dw #0x0000
      0000D2r73r03                  635 	.dw ___str_64
      0000D4r79r03                  636 	.dw ___str_65
      0000D6 00 00                  637 	.dw #0x0000
      0000D8r86r03                  638 	.dw ___str_66
      0000DA 00 00                  639 	.dw #0x0000
      0000DC 00 00                  640 	.dw #0x0000
      0000DE 00 00                  641 	.dw #0x0000
      0000E0 00 00                  642 	.dw #0x0000
      0000E2 00 00                  643 	.dw #0x0000
      0000E4 00 00                  644 	.dw #0x0000
      0000E6r8Br03                  645 	.dw ___str_67
      0000E8r94r03                  646 	.dw ___str_68
      0000EAr9Cr03                  647 	.dw ___str_69
      0000ECrA7r03                  648 	.dw ___str_70
      0000EEr38r03                  649 	.dw ___str_56
      0000F0rB6r03                  650 	.dw ___str_71
      0000F2rCCr03                  651 	.dw ___str_72
      0000F4rD0r03                  652 	.dw ___str_73
      0000F6rD9r03                  653 	.dw ___str_74
      0000F8rE0r03                  654 	.dw ___str_75
      0000FA 00 00                  655 	.dw #0x0000
      0000FC 00 00                  656 	.dw #0x0000
      0000FE 00 00                  657 	.dw #0x0000
      000100 00 00                  658 	.dw #0x0000
      000102 00 00                  659 	.dw #0x0000
      000104 00 00                  660 	.dw #0x0000
      000106rEFr03                  661 	.dw ___str_76
      000108rF5r03                  662 	.dw ___str_77
      00010A 00 00                  663 	.dw #0x0000
      00010C 00 00                  664 	.dw #0x0000
      00010ErFCr03                  665 	.dw ___str_78
      000110 00 00                  666 	.dw #0x0000
      000112 00 00                  667 	.dw #0x0000
      000114r06r04                  668 	.dw ___str_79
      000116 00 00                  669 	.dw #0x0000
      000118rC6r02                  670 	.dw ___str_43
      00011A 00 00                  671 	.dw #0x0000
      00011C 00 00                  672 	.dw #0x0000
      00011E 00 00                  673 	.dw #0x0000
      000120 00 00                  674 	.dw #0x0000
      000122 00 00                  675 	.dw #0x0000
      000124 00 00                  676 	.dw #0x0000
      000126r0Cr04                  677 	.dw ___str_80
      000128r17r04                  678 	.dw ___str_81
      00012Ar21r04                  679 	.dw ___str_82
      00012Cr2Cr04                  680 	.dw ___str_83
      00012E 00 00                  681 	.dw #0x0000
      000130r37r04                  682 	.dw ___str_84
      000132 00 00                  683 	.dw #0x0000
      000134 00 00                  684 	.dw #0x0000
      000136r3Br04                  685 	.dw ___str_85
      000138r3Fr04                  686 	.dw ___str_86
      00013A 00 00                  687 	.dw #0x0000
      00013C 00 00                  688 	.dw #0x0000
      00013E 00 00                  689 	.dw #0x0000
      000140 00 00                  690 	.dw #0x0000
      000142 00 00                  691 	.dw #0x0000
      000144 00 00                  692 	.dw #0x0000
      000146r48r04                  693 	.dw ___str_87
      000148 00 00                  694 	.dw #0x0000
      00014A 00 00                  695 	.dw #0x0000
      00014Cr4Fr04                  696 	.dw ___str_88
      00014E 00 00                  697 	.dw #0x0000
      000150 00 00                  698 	.dw #0x0000
      000152r54r04                  699 	.dw ___str_89
      000154r6Dr04                  700 	.dw ___str_90
      000156 00 00                  701 	.dw #0x0000
      000158 00 00                  702 	.dw #0x0000
      00015A 00 00                  703 	.dw #0x0000
      00015C 00 00                  704 	.dw #0x0000
      00015E 00 00                  705 	.dw #0x0000
      000160 00 00                  706 	.dw #0x0000
      000162 00 00                  707 	.dw #0x0000
      000164 00 00                  708 	.dw #0x0000
      000166 00 00                  709 	.dw #0x0000
      000168r7Er04                  710 	.dw ___str_91
      00016Ar87r04                  711 	.dw ___str_92
      00016Cr2Ar03                  712 	.dw ___str_55
      00016E 00 00                  713 	.dw #0x0000
      000170r94r04                  714 	.dw ___str_93
      000172r9Ar04                  715 	.dw ___str_94
      000174rABr04                  716 	.dw ___str_95
      000176 00 00                  717 	.dw #0x0000
      000178rB2r04                  718 	.dw ___str_96
      00017A 00 00                  719 	.dw #0x0000
      00017C 00 00                  720 	.dw #0x0000
      00017E 00 00                  721 	.dw #0x0000
      000180 00 00                  722 	.dw #0x0000
      000182 00 00                  723 	.dw #0x0000
      000184 00 00                  724 	.dw #0x0000
      000186 00 00                  725 	.dw #0x0000
      000188 00 00                  726 	.dw #0x0000
      00018A 00 00                  727 	.dw #0x0000
      00018C 00 00                  728 	.dw #0x0000
      00018ErBFr04                  729 	.dw ___str_97
                                    730 	.area _CABS (ABS)
