ASxxxx Assembler V02.00 + NoICE + SDCC mods  (Zilog Z80 / Hitachi HD64180 / ZX-Next / eZ80), page 1.
Hexadecimal [24-Bits]



                                      1 ; ____________________________
                                      2 ; ██▀███▀██▀▀▀▀▀▀▀█▀▀█        │   ▄▄       ▄▄   ▄▄
                                      3 ; ██  ▀  █▄  ▀██▄ ▀ ▄█ ▄▀▀ █  │  ██ ▀ ██▄▀ ██▀ █ ██
                                      4 ; █  █ █  ▀▀  ▄█  █  █ ▀▄█ █▄ │  ▀█▄▀ ██   ▀█▄ ▀▄█▀
                                      5 ; ▀▀▀▀▀▀▀▀▀▀▀▀▀▀▀▀▀▀▀▀────────┘
                                      6 ;  by Guillaume 'Aoineko' Blanchard under CC-BY-AS license
                                      7 ;──────────────────────────────────────────────────────────────────────────────
                                      8 ; crt0 header for MSX-DOS program
                                      9 ;──────────────────────────────────────────────────────────────────────────────
                                     10 ; Based on work from 'Konamiman' and 'Avelino' (11/2004)
                                     11 ;  https://github.com/Konamiman/MSX/blob/master/SRC/SDCC/crt0-msxdos/crt0msx_msxdos.asm
                                     12 ;
                                     13 ; Code address: 0x0100
                                     14 ; Data address: 0		(right after code)
                                     15 ;------------------------------------------------------------------------------
                                     16 .module	crt0
                                     17 
ASxxxx Assembler V02.00 + NoICE + SDCC mods  (Zilog Z80 / Hitachi HD64180 / ZX-Next / eZ80), page 2.
Hexadecimal [24-Bits]



                                     18 .include "defines.asm"
                                      1 ; ____________________________
                                      2 ; ██▀███▀██▀▀▀▀▀▀▀█▀▀█        │   ▄▄       ▄▄   ▄▄
                                      3 ; ██  ▀  █▄  ▀██▄ ▀ ▄█ ▄▀▀ █  │  ██ ▀ ██▄▀ ██▀ █ ██
                                      4 ; █  █ █  ▀▀  ▄█  █  █ ▀▄█ █▄ │  ▀█▄▀ ██   ▀█▄ ▀▄█▀
                                      5 ; ▀▀▀▀▀▀▀▀▀▀▀▀▀▀▀▀▀▀▀▀────────┘
                                      6 ;  by Guillaume 'Aoineko' Blanchard under CC-BY-AS license
                                      7 ;──────────────────────────────────────────────────────────────────────────────
                                      8 ; crt0 helper defines
                                      9 ;------------------------------------------------------------------------------
                                     10 ; By Guillaume 'Aoineko' Blanchard for MSX Game Library 
                                     11 ; (ɔ) 2022 under CC-BY-AS license
                                     12 ;------------------------------------------------------------------------------
                                     13 .module	crt0
                                     14 
                                     15 ;------------------------------------------------------------------------------
                                     16 ; Global symbols
                                     17 .globl _main
                                     18 .globl l__INITIALIZER
                                     19 .globl s__INITIALIZED
                                     20 .globl s__INITIALIZER
                                     21 .globl s__HEADER
                                     22 .globl s__GSFINAL
                                     23 .globl s__HEAP
                                     24 
                                     25 ;------------------------------------------------------------------------------
                                     26 ; I/O ports
                           0000A8    27 PPI_A			= #0xA8
                           000099    28 VDP_S			= #0x99
                           000099    29 VDP_A			= #0x99
                           000066    30 V9_P06			= #0x66
                                     31 
                                     32 ;------------------------------------------------------------------------------
                                     33 ; Main-ROM routines
                           000024    34 ENASLT			= #0x0024
                           00002B    35 ROMVER			= #0x002B
                           00002D    36 MSXVER			= #0x002D
                           000138    37 RSLREG			= #0x0138
                                     38 
                                     39 ;------------------------------------------------------------------------------
                                     40 ; RAM work area variables
                           00FC4A    41 HIMEM			= #0xFC4A
                           00FCC1    42 EXPTBL			= #0xFCC1
                           00FEDA    43 H_STKE			= #0xFEDA
                           00FFFF    44 SLTSL			= #0xFFFF
                                     45 
                                     46 ;------------------------------------------------------------------------------
                                     47 ; ROM types
                           000000    48 ROM_PLAIN		= 0 ; Plain ROM (no mapper)
                           000002    49 ROM_MAPPER_8K	= 2 ; Mapper 8 KB
                           000002    50 ROM_ASCII8		= 2 ; ASCII-8 mapper
                           000003    51 ROM_KONAMI		= 3 ; Konami without SCC mapper
                           000004    52 ROM_KONAMI_SCC	= 4 ; Konami with SCC mapper
                           000005    53 ROM_NEO8		= 5 ; NEO-8 mapper
                           000008    54 ROM_MAPPER_16K	= 8 ; Mapper 16 KB
ASxxxx Assembler V02.00 + NoICE + SDCC mods  (Zilog Z80 / Hitachi HD64180 / ZX-Next / eZ80), page 3.
Hexadecimal [24-Bits]



                           000008    55 ROM_ASCII16		= 8 ; ASCII-16 mmaper
                           000009    56 ROM_NEO16		= 9 ; NEO-16 mapper
                                     57 
                                     58 
                                     59 ;------------------------------------------------------------------------------
                                     60 ; ISR types
                           000000    61 ISR_VBLANK		= 0				; V-blank handler (V9938 or V9958)
                           000001    62 ISR_VHBLANK		= 1				; V-blank and h-blank handler (V9958)
                           000002    63 ISR_V9990		= 2				; V-blank, h-blank and command end handler (V9990)
                                     64 
                                     65 ;------------------------------------------------------------------------------
                                     66 ; Default values
                           004000    67 START_ADDR		= 0x4000		; Program start address
                           000000    68 ROM_MAPPER		= ROM_PLAIN		; ROM type
                           000000    69 ROM_DELAY		= 0				; Install BDOS
                           000000    70 ROM_BCALL		= 0				; Add banked call trampoline
                           000000    71 ROM_ISR			= ISR_VBLANK	; ISR type
                           000000    72 ROM_RAMISR		= 0				; Install ISR in RAM
                           000000    73 ISR_SET_S0		= 0				; Reset statut register to S#0 in ISR
                           000000    74 APP_SIGN		= 0				; Add application signature
                           004C47    75 APP_SIGN_NAME	= "GL"			; Application creator/group/company name
                           000000    76 APP_SIGN_ID		= 0x0000		; Application number
                           000000    77 DOS_PARSEARG	= 0				; Parse MSX-DOS command-line arguments
                           000000    78 DOS_ISR			= 0				; Install ISR for MSX-DOS
                                     79 
                                     80 ;------------------------------------------------------------------------------
                                     81 ; Project overwrite values; File generated by the build tool
ASxxxx Assembler V02.00 + NoICE + SDCC mods  (Zilog Z80 / Hitachi HD64180 / ZX-Next / eZ80), page 4.
Hexadecimal [24-Bits]



                                     82 .include "crt0_config.asm"
                                      1 ; MSXgl | Crt0 config file generated by the Build tool
                           000100     2 ADDR_BOOT=0x0100
                           000001     3 DOS_PARSEARG=1
                           000001     4 APP_SIGN=1
                           004342     5 APP_SIGN_NAME="BC"
                           004247     6 APP_SIGN_ID="GB"
ASxxxx Assembler V02.00 + NoICE + SDCC mods  (Zilog Z80 / Hitachi HD64180 / ZX-Next / eZ80), page 5.
Hexadecimal [24-Bits]



                                     19 .include "macros.asm"
                                      1 ; ____________________________
                                      2 ; ██▀███▀██▀▀▀▀▀▀▀█▀▀█        │   ▄▄       ▄▄   ▄▄
                                      3 ; ██  ▀  █▄  ▀██▄ ▀ ▄█ ▄▀▀ █  │  ██ ▀ ██▄▀ ██▀ █ ██
                                      4 ; █  █ █  ▀▀  ▄█  █  █ ▀▄█ █▄ │  ▀█▄▀ ██   ▀█▄ ▀▄█▀
                                      5 ; ▀▀▀▀▀▀▀▀▀▀▀▀▀▀▀▀▀▀▀▀────────┘
                                      6 ;  by Guillaume 'Aoineko' Blanchard under CC-BY-AS license
                                      7 ;──────────────────────────────────────────────────────────────────────────────
                                      8 .module	crt0
                                      9 
                                     10 ;==============================================================================
                                     11 ; HEADER
                                     12 ;==============================================================================
                                     13 
                                     14 ;------------------------------------------------------------------------------
                                     15 ; ROM Header
                                     16 ;------------------------------------------------------------------------------
                                     17 .macro ROM_HEADER startAddr
                                     18 
                                     19 	crt0_rom_header:
                                     20 		.ascii	"AB"
                                     21 		.dw		startAddr
                                     22 		.dw		0x0000
                                     23 		.dw		0x0000
                                     24 		.dw		0x0000
                                     25 		.dw		0x0000
                                     26 		.dw		0x0000
                                     27 		.dw		0x0000
                                     28 
                                     29 	.ifeq ROM_MAPPER-ROM_NEO8
                                     30 		.ascii	"NEOMAP08"
                                     31 	.endif
                                     32 	.ifeq ROM_MAPPER-ROM_NEO16
                                     33 		.ascii	"NEOMAP16"
                                     34 	.endif
                                     35 
                                     36 	.if APP_SIGN
                                     37 	_g_AppSignature::
                                     38 		.dw		APP_SIGN_NAME
                                     39 		.dw		APP_SIGN_ID
                                     40 	.endif
                                     41 	; .ifdef APP_SIGN_EXTRA
                                     42 		; .db		APP_SIGN_EXTRA
                                     43 	; .endif
                                     44 
                                     45 .endm
                                     46 
                                     47 ;------------------------------------------------------------------------------
                                     48 ; Basic Header
                                     49 ;------------------------------------------------------------------------------
                                     50 .macro BASIC_HEADER endAddr
                                     51 
                                     52 	crt0_basic_header:
                                     53 		.db 	0xFE				; ID byte
                                     54 		.dw 	crt0_basic_start	; Start address
ASxxxx Assembler V02.00 + NoICE + SDCC mods  (Zilog Z80 / Hitachi HD64180 / ZX-Next / eZ80), page 6.
Hexadecimal [24-Bits]



                                     55 		.dw		crt0_end			; End address
                                     56 		.dw 	crt0_basic_exec		; Execution address
                                     57 
                                     58 	crt0_basic_start:
                                     59 	.if APP_SIGN
                                     60 	_g_AppSignature::
                                     61 		.dw		APP_SIGN_NAME
                                     62 		.dw		APP_SIGN_ID
                                     63 	.endif
                                     64 	; .ifdef APP_SIGN_EXTRA
                                     65 		; .db		APP_SIGN_EXTRA
                                     66 	; .endif
                                     67 	crt0_basic_exec:
                                     68 
                                     69 .endm
                                     70 
                                     71 ;==============================================================================
                                     72 ; HELPER
                                     73 ;==============================================================================
                                     74 
                                     75 ;------------------------------------------------------------------------------
                                     76 ; Initialize globals
                                     77 ;------------------------------------------------------------------------------
                                     78 .macro INIT_GLOBALS
                                     79 
                                     80 	crt0_init_globals:
                                     81 		ld		bc, #l__INITIALIZER
                                     82 		ld		a, b
                                     83 		or		a, c
                                     84 		jp		z, crt0_skip_globals
                                     85 		ld		de, #s__INITIALIZED
                                     86 		ld		hl, #s__INITIALIZER
                                     87 		ldir
                                     88 	crt0_skip_globals:
                                     89 
                                     90 .endm
                                     91 
                                     92 ;------------------------------------------------------------------------------
                                     93 ; Set page #2 at the same slot than the page #1 (for 32K ROM)
                                     94 ;------------------------------------------------------------------------------
                                     95 .macro INIT_P1_TO_P2
                                     96 
                                     97 	crt0_p1_to_p2:
                                     98 		in		a, (PPI_A)				; A=[P3|P2|P1|P0] Get primary slots info
                                     99 		rrca
                                    100 		rrca							; A=[P0|P3|P2|P1]
                                    101 		and		a, #0b00000011			; A=[00|00|00|P1] Save Page 1 primary slot
                                    102 		ld		c, a					; C=[00|00|00|P1]
                                    103 		ld		hl, #EXPTBL				; HL=&EXPTBL
                                    104 		add		a, l
                                    105 		ld		l, a
                                    106 		ld		a, (hl)					; A=EXPTBL[P1]    See if the slot is expanded or not
                                    107 		and		a, #0x80				; A=[X|000|00|00] Keep only expansion flag
                                    108 		or		a, c					; A=[X|000|00|P1] Set MSB if so
                                    109 		ld		c, a					; C=[X|000|00|P1] Save it to [C]
ASxxxx Assembler V02.00 + NoICE + SDCC mods  (Zilog Z80 / Hitachi HD64180 / ZX-Next / eZ80), page 7.
Hexadecimal [24-Bits]



                                    110 		inc		l						;                 Point to primary slot's SLTTBL entry
                                    111 		inc		l
                                    112 		inc		l
                                    113 		inc		l
                                    114 		ld		a, (hl)					; A=SLTTBL[P1]    Get what is currently output to expansion slot register
                                    115 		and		a, #0b00001100			; A=[00|00|S1|00]
                                    116 		or		c						; A=[X|000|S1|P1] Finally form slot address
                                    117 		ld		h, #0x80				; H=Page 2
                                    118 		call	ENASLT					;                 Enable page 1's slot in page 2
                                    119 .endm
                                    120 
                                    121 ;------------------------------------------------------------------------------
                                    122 ; Set pages #0 and #2 at the same slot than the page #1 (for 48K ROM)
                                    123 ;------------------------------------------------------------------------------
                                    124 .macro INIT_P1_TO_P02
                                    125 
                                    126 	crt0_p1_to_p02:
                                    127 		; Set all pages primary slot equal to page #1 one
                                    128 		in		a, (PPI_A)				; A=[P3|P2|P1|P0] Get primary slots info
                                    129 		ld		d, a					; D=[P3|P2|P1|P0] Backup full slots info
                                    130 		and		a, #0b00001100			; A=[00|00|P1|00] Mask all pages slots but P1 
                                    131 		ld		c, a					; C=[00|00|P1|00] Backup P1
                                    132 		rrca							;                 A>>1
                                    133 		rrca							; A=[00|00|00|P1] A>>1
                                    134 		or		a, c					; A=[00|00|P1|P1]
                                    135 		ld		c, a					; C=[00|00|P1|P1] Backup 
                                    136 		add		a, a					;                 A<<1
                                    137 		add		a, a					; A=[00|P1|P1|00] A<<1
                                    138 		add		a, a					;                 A<<1
                                    139 		add		a, a					; A=[P1|P1|00|00] A<<1
                                    140 		or		a, c					; A=[P1|P1|P1|P1] Merge
                                    141 		out		(PPI_A), a				;                 Set primary slots info
                                    142 		ld		e, a					; E=[P1|P1|P1|P1] Backup new slots
                                    143 
                                    144 		; Set page #0 and 2 at the same secondary slot than page #1 one
                                    145 		ld		a, (SLTSL)				; A=[~3|~2|~1|~0] Read secondary slots register of selected primary slot
                                    146 		cpl								; A=[S3|S2|S1|S0] Reverses the bits
                                    147 		ld		b, a					; B=[S3|S2|S1|S0] Backup secondary slot
                                    148 		and		a, #0b00001100			; A=[00|00|S1|00] Mask all pages secondary slots but P1 
                                    149 		ld		c, a					; C=[00|00|S1|00] Backup
                                    150 		rrca							;                 A>>1
                                    151 		rrca							; A=[00|00|00|S1] A>>1
                                    152 		or		a, c					; A=[00|00|S1|S1] Merge
                                    153 		ld		c, a					; C=[00|00|S1|S1] Backup
                                    154 		add		a, a					;                 A<<1
                                    155 		add		a, a					; A=[00|S1|S1|00] A<<1
                                    156 		or		a, c					; A=[00|S1|S1|S1] Merge
                                    157 		ld		c, a					; C=[00|S1|S1|S1] Backup
                                    158 		ld		a, b					; A=[S3|S2|S1|S0] Restore primary slots info 
                                    159 		and		a, #0b11000000			; A=[S3|00|00|00] Mask all pages slots but P0 
                                    160 		or		a, c					; A=[S3|S1|S1|S0] Merge original P0 and P1 in all other page
                                    161 		ld		(SLTSL), a				;                 Set secondary slot info
                                    162 
                                    163 		; Restore initial Page 3 slot
                                    164 		ld		a, d					; A=[P3|P2|P1|P0] Restore initiale primary slots
ASxxxx Assembler V02.00 + NoICE + SDCC mods  (Zilog Z80 / Hitachi HD64180 / ZX-Next / eZ80), page 8.
Hexadecimal [24-Bits]



                                    165 		and		a, #0b11000000			; A=[P3|00|00|00] Keep page #3 primary slot
                                    166 		ld		c, a					; C=[P3|00|00|00] Backup
                                    167 		ld		a, e					; A=[P1|P1|P1|P1] Restore new primary slots
                                    168 		and		a, #0b00111111			; A=[00|P1|P1|P1] Keep all pages but page #3
                                    169 		or		a, c					; A=[P3|P1|P1|P1] Merge
                                    170 		out		(PPI_A), a				;                 Set primary slots info
                                    171 .endm
                                    172 
                                    173 ;------------------------------------------------------------------------------
                                    174 ; Set page #0 at the same slot than the page #3 (replace Main-ROM by RAM)
                                    175 ; /!\ Need 64 KB of RAM
                                    176 ;------------------------------------------------------------------------------
                                    177 .macro INIT_P3_TO_P0
                                    178 
                                    179 	crt0_p3_to_p0:
                                    180 		; Set pages #0 primary slot equal to page #3 one
                                    181 		in		a, (PPI_A)				; A=[P3|P2|P1|P0] Get primary slots info 
                                    182 		and		a, #0b11111100			; A=[P3|P2|P1|00] Mask P0 slot 
                                    183 		ld		b, a					; B=[P3|P2|P1|00] Backup
                                    184 		and		a, #0b11000000			; A=[P3|00|00|00] Mask all pages slots but P3 
                                    185 		rlca							;                 A<<1
                                    186 		rlca							; A=[00|00|00|P3] A<<1
                                    187 		or		a, b					; A=[P3|P2|P1|P3] Merge
                                    188 		out		(PPI_A), a				;                 Set primary slots info
                                    189 
                                    190 		; Set page #0 seconday slot equal to page #3 one
                                    191 		ld		a, (SLTSL)				; A=[~3|~2|~1|~0] Read secondary slots register of selected primary slot
                                    192 		cpl								; A=[S3|S2|S1|S0] Reverses the bits
                                    193 		and		a, #0b11111100			; A=[S3|S2|S1|00] Mask S0 slot 
                                    194 		ld		b, a					; B=[S3|S2|S1|00] Backup
                                    195 		and		a, #0b11000000			; A=[S3|00|00|00] Mask all pages slots but S3 
                                    196 		rlca							;                 A<<1
                                    197 		rlca							; A=[00|00|00|S3] A<<1
                                    198 		or		a, b					; A=[S3|S2|S1|S3] Merge
                                    199 		ld		(SLTSL), a				;                 Set secondary slot info
                                    200 .endm
                                    201 
                                    202 ;------------------------------------------------------------------------------
                                    203 ; Delay boot using STKE hook
                                    204 ;------------------------------------------------------------------------------
                                    205 .macro DELAY_BOOT
                                    206 	.if ROM_DELAY
                                    207 	; Setup the hook H.STKE to run the ROM with disk support
                                    208 	crt0_bdos_install:
                                    209 		ld		a, c					; Get the ROM slot number
                                    210 		ld		hl, #crt0_bdos_hook
                                    211 		ld		de, #H_STKE
                                    212 		ld		bc, #4
                                    213 		ldir							; Copy the routine to execute the ROM to the hook
                                    214 		ld		(H_STKE+1), a			; Put the ROM slot number to the hook
                                    215 		ret								; Back to slots scanning
                                    216 
                                    217 	; Routine to execute the ROM
                                    218 	crt0_bdos_hook:
                                    219 		rst		0x30					; Inter-slot call
ASxxxx Assembler V02.00 + NoICE + SDCC mods  (Zilog Z80 / Hitachi HD64180 / ZX-Next / eZ80), page 9.
Hexadecimal [24-Bits]



                                    220 		.db		1						; This byte will be replaced by the slot number of ROM
                                    221 		.dw		crt0_bdos_end			; Address to execute the ROM
                                    222 
                                    223 	; Remove the hook and resume the ROM boot sequence
                                    224 	crt0_bdos_end:
                                    225 		ld		a, #0xC9				; 'ret' instruction
                                    226 		ld		(H_STKE), a
                                    227 	.endif
                                    228 .endm
                                    229 
                                    230 ;------------------------------------------------------------------------------
                                    231 ; Interrupt Service Routine
                                    232 ;------------------------------------------------------------------------------
                                    233 
                                    234 ;..............................................................................
                                    235 ; V-Blank ISR
                           000001   236 .ifeq ROM_ISR-ISR_VBLANK
                                    237 .macro INCLUDE_ISR
                                    238 		.globl	_VDP_InterruptHandler
                                    239 	crt0_interrupt_start::
                                    240 	; Skip interruptions that do not come from the VDP.
                                    241 		push	af
                                    242 	; Reset R#15 to S#0
                                    243 	.if ISR_SET_S0
                                    244 		xor		a
                                    245 		out		(VDP_A), a
                                    246 		ld		a, #(0x80 + 15)
                                    247 		out		(VDP_A),a
                                    248 	.endif
                                    249 		in		a, (VDP_S)
                                    250 		rlca
                                    251 		jr		nc, crt0_interrupt_skip
                                    252 	; Backup registers
                                    253 		push	hl
                                    254 		push	de
                                    255 		push	bc
                                    256 		exx
                                    257 		ex		af, af'
                                    258 		push	af
                                    259 		push	hl
                                    260 		push	de
                                    261 		push	bc
                                    262 		push	iy
                                    263 		push	ix
                                    264 	; Call VDP interruption handler
                                    265 		call	_VDP_InterruptHandler
                                    266 	; Restore registers
                                    267 		pop		ix
                                    268 		pop		iy
                                    269 		pop		bc
                                    270 		pop		de
                                    271 		pop		hl
                                    272 		pop		af
                                    273 		ex		af, af'
                                    274 		exx
ASxxxx Assembler V02.00 + NoICE + SDCC mods  (Zilog Z80 / Hitachi HD64180 / ZX-Next / eZ80), page 10.
Hexadecimal [24-Bits]



                                    275 		pop		bc
                                    276 		pop		de
                                    277 		pop		hl
                                    278 	; Restore registers
                                    279 	crt0_interrupt_skip:
                                    280 		pop		af
                                    281 		ei
                                    282 		reti
                                    283 	crt0_interrupt_end:
                                    284 .endm
                                    285 .endif
                                    286 
                                    287 ;..............................................................................
                                    288 ; V-Blank & H-Blank ISR
                           000000   289 .ifeq ROM_ISR-ISR_VHBLANK
                                    290 .macro INCLUDE_ISR
                                    291 		.globl	_VDP_InterruptHandler
                                    292 		.globl	_VDP_HBlankHandler
                                    293 
                                    294 	crt0_interrupt_start::
                                    295 	; Backup registers
                                    296 		push	af
                                    297 		push	hl
                                    298 		push	de
                                    299 		push	bc
                                    300 		exx
                                    301 		ex		af, af'
                                    302 		push	af
                                    303 		push	hl
                                    304 		push	de
                                    305 		push	bc
                                    306 		push	iy
                                    307 		push	ix
                                    308 	; Reset R#15 to S#0
                                    309 	.if ISR_SET_S0
                                    310 		xor		a
                                    311 		out		(VDP_A), a
                                    312 		ld		a, #(0x80 + 15)
                                    313 		out		(VDP_A),a
                                    314 	.endif
                                    315 	; Check V-Blank
                                    316 		in		a, (VDP_S)					; Get S#0 value
                                    317 		rlca
                                    318 		call	c, _VDP_InterruptHandler 	; Call VDP interruption handler
                                    319 	; Check H-Blank
                                    320 		ld		a, #1
                                    321 		out		(VDP_A), a
                                    322 		ld		a, #(0x80 + 15)
                                    323 		out		(VDP_A), a
                                    324 		in		a, (VDP_S)
                                    325 		rrca								; Call H-Blank if bit #0 of S#1 is set 
                                    326 		call	c, _VDP_HBlankHandler		; call to C function HBlankHook()
                                    327 	; Reset R#15 to S#0
                                    328 		xor		a
                                    329 		out		(VDP_A), a
ASxxxx Assembler V02.00 + NoICE + SDCC mods  (Zilog Z80 / Hitachi HD64180 / ZX-Next / eZ80), page 11.
Hexadecimal [24-Bits]



                                    330 		ld		a, #(0x80 + 15)
                                    331 		out		(VDP_A),a
                                    332 	; Restore registers
                                    333 		pop		ix
                                    334 		pop		iy
                                    335 		pop		bc
                                    336 		pop		de
                                    337 		pop		hl
                                    338 		pop		af
                                    339 		ex		af, af'
                                    340 		exx
                                    341 		pop		bc
                                    342 		pop		de
                                    343 		pop		hl
                                    344 		pop		af
                                    345 		ei
                                    346 		reti
                                    347 	crt0_interrupt_end:
                                    348 .endm
                                    349 .endif
                                    350 
                                    351 ;..............................................................................
                                    352 ; V9990 ISR
                           000000   353 .ifeq ROM_ISR-ISR_V9990
                                    354 .macro INCLUDE_ISR
                                    355 		.globl	_V9_InterruptVBlank
                                    356 		.globl	_V9_InterruptHBlank
                                    357 		.globl	_V9_InterruptCommand
                                    358 
                                    359 	crt0_interrupt_start::
                                    360 	; Skip interruptions that do not come from the VDP.
                                    361 		push	af
                                    362 		in		a, (V9_P06)
                                    363 		or		a
                                    364 		jr		z, crt0_interrupt_skip ; Quick skip (before full register backup)
                                    365 	; Backup registers
                                    366 		push	hl
                                    367 		push	de
                                    368 		push	bc
                                    369 		exx
                                    370 		ex		af, af'
                                    371 		push	af
                                    372 		push	hl
                                    373 		push	de
                                    374 		push	bc
                                    375 		push	iy
                                    376 		push	ix
                                    377 	; Call VDP interruption handler
                                    378 		in		a, (V9_P06)			; Get P#6 again (quicker than push/pop the value)
                                    379 		out		(V9_P06), a			; Reset interrupt bits
                                    380 	; V-Blank interruption
                                    381 		rra
                                    382 		call	c, _V9_InterruptVBlank
                                    383 	; H-Blank interruption
                                    384 		rra
ASxxxx Assembler V02.00 + NoICE + SDCC mods  (Zilog Z80 / Hitachi HD64180 / ZX-Next / eZ80), page 12.
Hexadecimal [24-Bits]



                                    385 		call	c, _V9_InterruptHBlank
                                    386 	; Command end interruption
                                    387 		rra
                                    388 		call	c, _V9_InterruptCommand
                                    389 	; Restore registers
                                    390 		pop		ix
                                    391 		pop		iy
                                    392 		pop		bc
                                    393 		pop		de
                                    394 		pop		hl
                                    395 		pop		af
                                    396 		ex		af, af'
                                    397 		exx
                                    398 		pop		bc
                                    399 		pop		de
                                    400 		pop		hl
                                    401 	; Restore registers
                                    402 	crt0_interrupt_skip:
                                    403 		pop		af
                                    404 		ei
                                    405 		reti
                                    406 	crt0_interrupt_end:
                                    407 .endm
                                    408 .endif
                                    409 
                                    410 ;------------------------------------------------------------------------------
                                    411 ; Install ISR in RAM
                                    412 ; (needs 64 KB of RAM in Page #3's slot)
                                    413 ;------------------------------------------------------------------------------
                                    414 .macro INSTALL_RAM_ISR
                                    415 	.if ROM_RAMISR
                                    416 
                                    417 		di
                                    418 		jp		crt0_interrupt_end
                                    419 
                                    420 	; ISR
                                    421 		INCLUDE_ISR
                                    422 
                                    423 	; Switch page 0 to RAM
                                    424 		INIT_P3_TO_P0
                                    425 
                                    426 	; Copy ISR to RAM
                                    427 		ld		bc, #crt0_interrupt_end-crt0_interrupt_start
                                    428 		ld		hl, #crt0_interrupt_start
                                    429 		ld		de, #0x0038
                                    430 		ldir
                                    431 
                                    432 		ei
                                    433 
                                    434 	.endif
                                    435 .endm
                                    436 
                                    437 
                                    438 ;------------------------------------------------------------------------------
                                    439 ; Add banked call trampoline
ASxxxx Assembler V02.00 + NoICE + SDCC mods  (Zilog Z80 / Hitachi HD64180 / ZX-Next / eZ80), page 13.
Hexadecimal [24-Bits]



                                    440 ;------------------------------------------------------------------------------
                                    441 .macro SUPPORT_BANKED_CALL
                                    442 	.if ROM_BCALL
                                    443 	; Set segment (get value from register A)
                                    444 	set_bank::
                                    445 		.ifeq ROM_MAPPER-ROM_ASCII16
                                    446 		ld		(BANK1_ADDR), a ; Bank 1 (8000h)
                                    447 		.else
                                    448 		ld		(BANK2_ADDR), a ; Bank 2 (8000h)
                                    449 		.endif
                                    450 		ld		(_g_CurrentSegment), a
                                    451 		ret
                                    452 
                                    453 	; Get segment (return value in register A)
                                    454 	get_bank::
                                    455 		ld		a, (_g_CurrentSegment)
                                    456 		ret
                                    457 	.endif
                                    458 .endm
                                    459 
                                    460 
                                    461 ;==============================================================================
                                    462 ; ROM MAPPER
                                    463 ;==============================================================================
                                    464 
                                    465 ;------------------------------------------------------------------------------
                                    466 ; ROM_PLAIN
                                    467 ;------------------------------------------------------------------------------
                           000001   468 .ifeq ROM_MAPPER-ROM_PLAIN
                                    469 	.macro INIT_MAPPER
                                    470 	.endm
                                    471 
                                    472 	.macro ALLOC_MAPPER
                                    473 	.endm
                                    474 .endif
                                    475 
                                    476 ;------------------------------------------------------------------------------
                                    477 ; ROM_ASCII8
                                    478 ;------------------------------------------------------------------------------
                           000000   479 .ifeq ROM_MAPPER-ROM_ASCII8
                                    480 
                                    481 	BANK0_ADDR = #0x6000
                                    482 	BANK1_ADDR = #0x6800
                                    483 	BANK2_ADDR = #0x7000
                                    484 	BANK3_ADDR = #0x7800
                                    485 
                                    486 	.macro INIT_MAPPER
                                    487 		xor		a
                                    488 		ld		(BANK0_ADDR), a ; Segment 0 in Bank 0
                                    489 		ld		(_g_Bank0Segment), a
                                    490 		inc		a
                                    491 		ld		(BANK1_ADDR), a ; Segment 1 in Bank 1
                                    492 		ld		(_g_Bank1Segment), a
                                    493 		inc		a
                                    494 		ld		(BANK2_ADDR), a ; Segment 2 in Bank 2
ASxxxx Assembler V02.00 + NoICE + SDCC mods  (Zilog Z80 / Hitachi HD64180 / ZX-Next / eZ80), page 14.
Hexadecimal [24-Bits]



                                    495 		ld		(_g_Bank2Segment), a
                                    496 		inc		a
                                    497 		ld		(BANK3_ADDR), a ; Segment 3 in Bank 3
                                    498 		ld		(_g_Bank3Segment), a
                                    499 	.endm
                                    500 
                                    501 	.macro ALLOC_MAPPER
                                    502 		_g_Bank0Segment::
                                    503 			.ds 1
                                    504 		_g_Bank1Segment::
                                    505 			.ds 1
                                    506 		_g_CurrentSegment::
                                    507 		_g_Bank2Segment::
                                    508 			.ds 1
                                    509 		_g_Bank3Segment::
                                    510 			.ds 1
                                    511 	.endm
                                    512 
                                    513 .endif
                                    514 
                                    515 ;------------------------------------------------------------------------------
                                    516 ; ROM_ASCII16
                                    517 ;------------------------------------------------------------------------------
                           000000   518 .ifeq ROM_MAPPER-ROM_ASCII16
                                    519 
                                    520 	BANK0_ADDR = #0x6000
                                    521 	BANK1_ADDR = #0x77FF
                                    522 
                                    523 	.macro INIT_MAPPER
                                    524 		xor		a
                                    525 		ld		(BANK0_ADDR), a ; Segment 0 in Bank 0
                                    526 		ld		(_g_Bank0Segment), a
                                    527 		inc		a
                                    528 		ld		(BANK1_ADDR), a ; Segment 1 in Bank 1
                                    529 		ld		(_g_Bank1Segment), a
                                    530 	.endm
                                    531 
                                    532 	.macro ALLOC_MAPPER
                                    533 		_g_Bank0Segment::
                                    534 			.ds 1
                                    535 		_g_CurrentSegment::
                                    536 		_g_Bank1Segment::
                                    537 			.ds 1
                                    538 	.endm
                                    539 
                                    540 .endif
                                    541 
                                    542 ;------------------------------------------------------------------------------
                                    543 ; ROM_KONAMI
                                    544 ;------------------------------------------------------------------------------
                           000000   545 .ifeq ROM_MAPPER-ROM_KONAMI
                                    546 
                                    547 	BANK1_ADDR = #0x6000
                                    548 	BANK2_ADDR = #0x8000
                                    549 	BANK3_ADDR = #0xA000
ASxxxx Assembler V02.00 + NoICE + SDCC mods  (Zilog Z80 / Hitachi HD64180 / ZX-Next / eZ80), page 15.
Hexadecimal [24-Bits]



                                    550 
                                    551 	.macro INIT_MAPPER
                                    552 		xor		a
                                    553 		ld		(_g_Bank0Segment), a
                                    554 		inc		a
                                    555 		ld		(BANK1_ADDR), a ; Segment 1 in Bank 1
                                    556 		ld		(_g_Bank1Segment), a
                                    557 		inc		a
                                    558 		ld		(BANK2_ADDR), a ; Segment 2 in Bank 2
                                    559 		ld		(_g_Bank2Segment), a
                                    560 		inc		a
                                    561 		ld		(BANK3_ADDR), a ; Segment 3 in Bank 3
                                    562 		ld		(_g_Bank3Segment), a
                                    563 	.endm
                                    564 
                                    565 	.macro ALLOC_MAPPER
                                    566 		_g_Bank0Segment::
                                    567 			.ds 1
                                    568 		_g_Bank1Segment::
                                    569 			.ds 1
                                    570 		_g_CurrentSegment::
                                    571 		_g_Bank2Segment::
                                    572 			.ds 1
                                    573 		_g_Bank3Segment::
                                    574 			.ds 1
                                    575 	.endm
                                    576 
                                    577 .endif
                                    578 
                                    579 ;------------------------------------------------------------------------------
                                    580 ; ROM_KONAMI_SCC
                                    581 ;------------------------------------------------------------------------------
                           000000   582 .ifeq ROM_MAPPER-ROM_KONAMI_SCC
                                    583 
                                    584 	BANK0_ADDR = #0x5000
                                    585 	BANK1_ADDR = #0x7000
                                    586 	BANK2_ADDR = #0x9000
                                    587 	BANK3_ADDR = #0xB000
                                    588 
                                    589 	.macro INIT_MAPPER
                                    590 		xor		a
                                    591 		ld		(BANK0_ADDR), a ; Segment 0 in Bank 0
                                    592 		ld		(_g_Bank0Segment), a
                                    593 		inc		a
                                    594 		ld		(BANK1_ADDR), a ; Segment 1 in Bank 1
                                    595 		ld		(_g_Bank1Segment), a
                                    596 		inc		a
                                    597 		ld		(BANK2_ADDR), a ; Segment 2 in Bank 2
                                    598 		ld		(_g_Bank2Segment), a
                                    599 		inc		a
                                    600 		ld		(BANK3_ADDR), a ; Segment 3 in Bank 3
                                    601 		ld		(_g_Bank3Segment), a
                                    602 	.endm
                                    603 
                                    604 	.macro ALLOC_MAPPER
ASxxxx Assembler V02.00 + NoICE + SDCC mods  (Zilog Z80 / Hitachi HD64180 / ZX-Next / eZ80), page 16.
Hexadecimal [24-Bits]



                                    605 		_g_Bank0Segment::
                                    606 			.ds 1
                                    607 		_g_Bank1Segment::
                                    608 			.ds 1
                                    609 		_g_CurrentSegment::
                                    610 		_g_Bank2Segment::
                                    611 			.ds 1
                                    612 		_g_Bank3Segment::
                                    613 			.ds 1
                                    614 	.endm
                                    615 
                                    616 .endif
                                    617 
                                    618 ;------------------------------------------------------------------------------
                                    619 ; ROM_NEO8
                                    620 ;------------------------------------------------------------------------------
                           000000   621 .ifeq ROM_MAPPER-ROM_NEO8
                                    622 
                                    623 	BANK0_ADDR = #0x5000
                                    624 	BANK1_ADDR = #0x5800
                                    625 	BANK2_ADDR = #0x6000
                                    626 	BANK3_ADDR = #0x6800
                                    627 	BANK4_ADDR = #0x7000
                                    628 	BANK5_ADDR = #0x7800
                                    629 
                                    630 	.macro INIT_MAPPER
                                    631 		xor		a
                                    632 		ld		(BANK2_ADDR), a ; Segment 0 in Bank 2
                                    633 		ld		(_g_Bank2Segment), a
                                    634 		inc		a
                                    635 		ld		(BANK3_ADDR), a ; Segment 1 in Bank 3
                                    636 		ld		(_g_Bank3Segment), a
                                    637 		inc		a
                                    638 		ld		(BANK4_ADDR), a ; Segment 2 in Bank 4
                                    639 		ld		(_g_Bank4Segment), a
                                    640 		inc		a
                                    641 		ld		(BANK5_ADDR), a ; Segment 3 in Bank 5
                                    642 		ld		(_g_Bank5Segment), a
                                    643 		inc		a
                                    644 		ld		(BANK0_ADDR), a ; Segment 4 in Bank 0
                                    645 		ld		(_g_Bank0Segment), a
                                    646 		inc		a
                                    647 		ld		(BANK1_ADDR), a ; Segment 5 in Bank 1
                                    648 		ld		(_g_Bank1Segment), a
                                    649 
                                    650 	.endm
                                    651 
                                    652 	.macro ALLOC_MAPPER
                                    653 		_g_Bank0Segment::
                                    654 			.ds 2
                                    655 		_g_Bank1Segment::
                                    656 			.ds 2
                                    657 		_g_Bank2Segment::
                                    658 			.ds 2
                                    659 		_g_Bank3Segment::
ASxxxx Assembler V02.00 + NoICE + SDCC mods  (Zilog Z80 / Hitachi HD64180 / ZX-Next / eZ80), page 17.
Hexadecimal [24-Bits]



                                    660 			.ds 2
                                    661 		_g_CurrentSegment::
                                    662 		_g_Bank4Segment::
                                    663 			.ds 2
                                    664 		_g_Bank5Segment::
                                    665 			.ds 2
                                    666 	.endm
                                    667 
                                    668 .endif
                                    669 
                                    670 ;------------------------------------------------------------------------------
                                    671 ; ROM_NEO16
                                    672 ;------------------------------------------------------------------------------
                           000000   673 .ifeq ROM_MAPPER-ROM_NEO16
                                    674 
                                    675 	BANK0_ADDR = #0x5000
                                    676 	BANK1_ADDR = #0x6000
                                    677 	BANK0_ADDR = #0x7000
                                    678 
                                    679 	.macro INIT_MAPPER
                                    680 		xor		a
                                    681 		ld		(BANK1_ADDR), a ; Segment 0 in Bank 1
                                    682 		ld		(_g_Bank1Segment), a
                                    683 		inc		a
                                    684 		ld		(BANK2_ADDR), a ; Segment 1 in Bank 2
                                    685 		ld		(_g_Bank2Segment), a
                                    686 		inc		a
                                    687 		ld		(BANK0_ADDR), a ; Segment 2 in Bank 0
                                    688 		ld		(_g_Bank0Segment), a
                                    689 	.endm
                                    690 
                                    691 	.macro ALLOC_MAPPER
                                    692 		_g_Bank0Segment::
                                    693 			.ds 2
                                    694 		_g_Bank1Segment::
                                    695 			.ds 2
                                    696 		_g_CurrentSegment::
                                    697 		_g_Bank2Segment::
                                    698 			.ds 2
                                    699 	.endm
                                    700 
                                    701 .endif
ASxxxx Assembler V02.00 + NoICE + SDCC mods  (Zilog Z80 / Hitachi HD64180 / ZX-Next / eZ80), page 18.
Hexadecimal [24-Bits]



                                     20 
                           000006    21 DOS_TPA   = 0x0006
                           000000    22 DOS_TERM0 = 0x00
                           000062    23 DOS_TERM  = 0x62
                           000005    24 BDOS      = 0x0005
                           00F36B    25 SETRAM    = 0xF36B
                                     26 
                                     27 ;==============================================================================
                                     28 ; RAM
                                     29 ;==============================================================================
                                     30 	.area	_HEADER (ABS)
      000100                         31 	.org	0x0100 ; MSX-DOS .com program start address
                                     32 
                                     33 	.area	_HOME
                                     34 	.area	_CODE
                                     35 
      000000                         36 _g_FirstAddr::
      000000                         37 _g_HeaderAddr::
                                     38 
                           000001    39 .if APP_SIGN
      000000 18 04            [12]   40 	jr		crt0_init
      000002                         41 _g_AppSignature::
      000002 42 43                   42 	.dw		APP_SIGN_NAME
      000004 47 42                   43 	.dw		APP_SIGN_ID
                                     44 
                                     45 .endif
                                     46 ; .ifdef APP_SIGN_EXTRA
                                     47 	; .db		APP_SIGN_EXTRA
                                     48 ; .endif
                                     49 
                                     50 ;------------------------------------------------------------------------------
                                     51 ; Initialization code
      000006                         52 crt0_init:
      000006 CD 6B F3         [17]   53 	call	SETRAM
                                     54 
      000009 F3               [ 4]   55 	di
                                     56 	; Set stack address at the top of free memory
                                     57 	; ld		sp, (DOS_TPA)
                                     58 
                                     59 	; Initialize globals
      00000A                         60 	INIT_GLOBALS
                                      1 
      00000A                          2 	crt0_init_globals:
      00000A 01 00 00         [10]    3 		ld		bc, #l__INITIALIZER
      00000D 78               [ 4]    4 		ld		a, b
      00000E B1               [ 4]    5 		or		a, c
      00000F CA 1A 00         [10]    6 		jp		z, crt0_skip_globals
      000012 11 00 00         [10]    7 		ld		de, #s__INITIALIZED
      000015 21 00 00         [10]    8 		ld		hl, #s__INITIALIZER
      000018 ED B0            [21]    9 		ldir
      00001A                         10 	crt0_skip_globals:
                                     11 
                                     61 
                           000000    62 	.if DOS_ISR
                                     63 		ld		a, #0xC3				; JP
ASxxxx Assembler V02.00 + NoICE + SDCC mods  (Zilog Z80 / Hitachi HD64180 / ZX-Next / eZ80), page 19.
Hexadecimal [24-Bits]



                                     64 		ld		(0x0038), a
                                     65 		ld		hl, #crt0_interrupt_start
                                     66 		ld		(0x0039), hl
                                     67 		jp		crt0_install_isr
                                     68 		INCLUDE_ISR
                                     69 	crt0_install_isr:
                                     70 	.endif
                                     71 
                           000001    72 	.if DOS_PARSEARG
                                     73 		;--- Step 2: Build the parameter pointers table on 0x100,
                                     74 		;    and terminate each parameter with 0.
                                     75 		;    MSX-DOS places the command line length at 0x80 (one byte),
                                     76 		;    and the command line itself at 0x81 (up to 127 characters).
                                     77 
                                     78 		;* Check if there are any parameters at all
      00001A 3A 80 00         [13]   79 		ld		a, (#0x0080)			; Get parameters line length
      00001D B7               [ 4]   80 		or		a
      00001E 0E 00            [ 7]   81 		ld		c, #0					; Initialize parameters counter
      000020 28 4F            [12]   82 		jr		z, crt0_start			; Skip parameters parsing
                                     83 
                                     84 		;* Terminate command line with 0
                                     85 		;  (DOS 2 does this automatically but DOS 1 does not)
      000022 21 81 00         [10]   86 		ld		hl, #0x0081
      000025 ED 4B 80 00      [20]   87 		ld		bc, (#0x0080)
      000029 06 00            [ 7]   88 		ld		b, #0
      00002B 09               [11]   89 		add		hl, bc
      00002C 36 00            [10]   90 		ld		(hl), #0
                                     91 
                                     92 		;* Copy the command line processing code to 0xC000 and
                                     93 		;  execute it from there, this way the memory of the original code
                                     94 		;  can be recycled for the parameter pointers table.
                                     95 		;  (The space from 0x100 up to "cont" can be used,
                                     96 		;   this is room for about 40 parameters.
                                     97 		;   No real world application will handle so many parameters.)
      00002E 21 49 00         [10]   98 		ld		hl, #crt0_param_start
      000031 11 00 C0         [10]   99 		ld		de, #0xC000
      000034 01 28 00         [10]  100 		ld		bc, #crt0_param_end-#crt0_param_start
      000037 ED B0            [21]  101 		ldir
                                    102 
                                    103 		;* Initialize registers and jump to the loop routine
      000039 21 81 00         [10]  104 		ld		hl, #0x0081				; Command line pointer
      00003C 0E 00            [ 7]  105 		ld		c, #0					; Number of params found
      00003E DD 21 00 01      [14]  106 		ld		ix, #0x100				; Params table pointer
                                    107 
      000042 11 71 00         [10]  108 		ld		de, #crt0_start			; To continue execution at "cont"
      000045 D5               [11]  109 		push	de						; when the routine RETs
      000046 C3 00 C0         [10]  110 		jp		0xC000
                                    111 
                                    112 		;>>> Command line processing routine begin
      000049                        113 	crt0_param_start:
                                    114 
                                    115 		;* Loop over the command line: skip spaces
      000049                        116 	crt0_param_loop:
      000049 7E               [ 7]  117 		ld		a, (hl)
      00004A B7               [ 4]  118 		or		a						; Command line end found?
ASxxxx Assembler V02.00 + NoICE + SDCC mods  (Zilog Z80 / Hitachi HD64180 / ZX-Next / eZ80), page 20.
Hexadecimal [24-Bits]



      00004B C8               [11]  119 		ret		z
                                    120 
      00004C FE 20            [ 7]  121 		cp		#32
      00004E 20 03            [12]  122 		jr		nz, crt0_param_found
      000050 23               [ 6]  123 		inc		hl
      000051 18 F6            [12]  124 		jr		crt0_param_loop
                                    125 
                                    126 		;* Parameter found: add its address to params table...
      000053                        127 	crt0_param_found:
      000053 DD 75 00         [19]  128 		ld		0(ix), l
      000056 DD 74 01         [19]  129 		ld		1(ix), h
      000059 DD 23            [10]  130 		inc		ix
      00005B DD 23            [10]  131 		inc		ix
      00005D 0C               [ 4]  132 		inc		c
                                    133 
      00005E 79               [ 4]  134 		ld		a, c					; protection against too many parameters
      00005F FE 28            [ 7]  135 		cp		#40
      000061 D0               [11]  136 		ret		nc
                                    137 
                                    138 		;* ...and skip chars until finding a space or command line end
      000062                        139 	crt0_param_loop2:
      000062 7E               [ 7]  140 		ld		a, (hl)
      000063 B7               [ 4]  141 		or		a						; Command line end found?
      000064 C8               [11]  142 		ret		z
                                    143 
      000065 FE 20            [ 7]  144 		cp		#32
      000067 20 05            [12]  145 		jr		nz, crt0_param_nospc	; If space found, set it to 0
                                    146 										; (string terminator)...
      000069 36 00            [10]  147 		ld		(hl), #0
      00006B 23               [ 6]  148 		inc		hl
      00006C 18 DB            [12]  149 		jr		crt0_param_loop			;...and return to space skipping loop
                                    150 
      00006E                        151 	crt0_param_nospc:
      00006E 23               [ 6]  152 		inc		hl
      00006F 18 F1            [12]  153 		jr		crt0_param_loop2
                                    154 
      000071                        155 	crt0_param_end:
                                    156 		;>>> Command line processing routine end
                                    157 
      000071                        158 	crt0_start:
                                    159 		; Start main(argc, argv) function
      000071 FB               [ 4]  160 		ei
      000072 79               [ 4]  161 		ld		a, c					; Parameters number
      000073 11 00 01         [10]  162 		ld		de, #0x100				; Parameters 
      000076 CD 00 00         [17]  163 		call	_main
                                    164 
                           000000   165 	.else ; !DOS_PARSEARG
                                    166 
                                    167 	crt0_start:
                                    168 		; Start main() function
                                    169 		ei
                                    170 		call	_main
                                    171 
                                    172 	.endif
                                    173 
ASxxxx Assembler V02.00 + NoICE + SDCC mods  (Zilog Z80 / Hitachi HD64180 / ZX-Next / eZ80), page 21.
Hexadecimal [24-Bits]



                                    174 	; Exit program and return value from register A
      000079 47               [ 4]  175 	ld		b, a
      00007A 0E 62            [ 7]  176 	ld		c, #DOS_TERM
      00007C CD 05 00         [17]  177 	call	BDOS					; Try the DOS-2 termination function (_TERM)
      00007F 0E 00            [ 7]  178 	ld		c, #DOS_TERM0
      000081 C3 05 00         [10]  179 	jp		BDOS					; Otherwise, try the DOS-1 termination function (0)
                                    180 
                                    181 ;------------------------------------------------------------------------------
                                    182 ; Ordering of segments for the linker
                                    183 	.area	_RODATA
                                    184 	.area	_INITIALIZER 
                                    185 	.area   _GSINIT
                                    186 	.area   _GSFINAL
      000000                        187 _g_LastAddr::
                                    188 
                                    189 	.area	_DATA
      000000                        190 _g_HeapStartAddress::
      000000 00 00                  191 	.dw		s__HEAP
                                    192 
                                    193 ;------------------------------------------------------------------------------
                                    194 ; Ordering of segments for the linker
                                    195 	.area	_INITIALIZED
                                    196 	.area	_BSEG
                                    197 	.area   _BSS
                                    198 	.area   _HEAP
