                                      1 ;--------------------------------------------------------
                                      2 ; File Created by SDCC : free open source ANSI-C Compiler
                                      3 ; Version 4.2.0 #13081 (Linux)
                                      4 ;--------------------------------------------------------
                                      5 	.module dos
                                      6 	.optsdcc -mz80
                                      7 	
                                      8 ;--------------------------------------------------------
                                      9 ; Public variables in this module
                                     10 ;--------------------------------------------------------
                                     11 	.globl _g_DOS_Time
                                     12 	.globl _g_DOS_LastFIB
                                     13 	.globl _g_DOS_LastError
                                     14 	.globl _g_SLTSL
                                     15 	.globl _g_GRPACY
                                     16 	.globl _g_GRPACX
                                     17 	.globl _g_LOGOPR
                                     18 	.globl _g_CMASK
                                     19 	.globl _g_CLOC
                                     20 	.globl _g_FNKSTR
                                     21 	.globl _g_ATRBYT
                                     22 	.globl _g_BDRCLR
                                     23 	.globl _g_BAKCLR
                                     24 	.globl _g_FORCLR
                                     25 	.globl _g_CSRX
                                     26 	.globl _g_CSRY
                                     27 	.globl _g_CLIKSW
                                     28 	.globl _g_MLTPAT
                                     29 	.globl _g_MLTATR
                                     30 	.globl _g_MLTCGP
                                     31 	.globl _g_MLTCOL
                                     32 	.globl _g_MLTNAM
                                     33 	.globl _g_GRPPAT
                                     34 	.globl _g_GRPATR
                                     35 	.globl _g_GRPCGP
                                     36 	.globl _g_GRPCOL
                                     37 	.globl _g_GRPNAM
                                     38 	.globl _g_T32PAT
                                     39 	.globl _g_T32ATR
                                     40 	.globl _g_T32CGP
                                     41 	.globl _g_T32COL
                                     42 	.globl _g_T32NAM
                                     43 	.globl _g_TXTPAT
                                     44 	.globl _g_TXTATR
                                     45 	.globl _g_TXTCGP
                                     46 	.globl _g_TXTCOL
                                     47 	.globl _g_TXTNAM
                                     48 	.globl _g_CLMLST
                                     49 	.globl _g_CRTCNT
                                     50 	.globl _g_LINLEN
                                     51 	.globl _g_LINL32
                                     52 	.globl _g_LINL40
                                     53 	.globl _DOS_TPAUpperAddr
                                     54 	.globl _g_BDOS
                                     55 	.globl _g_MASTER
                                     56 	.globl _g_RAMAD3
                                     57 	.globl _g_RAMAD2
                                     58 	.globl _g_RAMAD1
                                     59 	.globl _g_RAMAD0
                                     60 	.globl _g_BREAKV
                                     61 	.globl _g_DISKVE
                                     62 	.globl _g_KANJTABLE
                                     63 	.globl _g_STRSRC
                                     64 	.globl _g_SUBRID
                                     65 	.globl _g_CHAR_16
                                     66 	.globl _g_MSXMID
                                     67 	.globl _g_MSXVER
                                     68 	.globl _g_ROMVersion
                                     69 	.globl _g_BASRVN
                                     70 	.globl _g_VDP_DW
                                     71 	.globl _g_VDP_DR
                                     72 	.globl _g_CGTABL
                                     73 	.globl _g_SVFFFD
                                     74 	.globl _g_RG27SAV
                                     75 	.globl _g_RG26SAV
                                     76 	.globl _g_RG25SAV
                                     77 	.globl _g_SVFFF8
                                     78 	.globl _g_MINROM
                                     79 	.globl _g_RG23SAV
                                     80 	.globl _g_RG22SAV
                                     81 	.globl _g_RG21SAV
                                     82 	.globl _g_RG20SAV
                                     83 	.globl _g_RG19SAV
                                     84 	.globl _g_RG18SAV
                                     85 	.globl _g_RG17SAV
                                     86 	.globl _g_RG16SAV
                                     87 	.globl _g_RG15SAV
                                     88 	.globl _g_RG14SAV
                                     89 	.globl _g_RG13SAV
                                     90 	.globl _g_RG12SAV
                                     91 	.globl _g_RG11SAV
                                     92 	.globl _g_RG10SAV
                                     93 	.globl _g_RG09SAV
                                     94 	.globl _g_RG08SAV
                                     95 	.globl _g_PROCNM
                                     96 	.globl _g_SLTWRK
                                     97 	.globl _g_SLTATR
                                     98 	.globl _g_SLTTBL
                                     99 	.globl _g_EXPTBL
                                    100 	.globl _g_MNROM
                                    101 	.globl _g_DRWANG
                                    102 	.globl _g_DRWSCL
                                    103 	.globl _g_DRWFLG
                                    104 	.globl _g_GYPOS
                                    105 	.globl _g_GXPOS
                                    106 	.globl _g_BRDATR
                                    107 	.globl _g_CASPRV
                                    108 	.globl _g_OLDSCR
                                    109 	.globl _g_SCRMOD
                                    110 	.globl _g_FLBMEM
                                    111 	.globl _g_KANAMD
                                    112 	.globl _g_KANAST
                                    113 	.globl _g_CAPST
                                    114 	.globl _g_CSTYLE
                                    115 	.globl _g_CSRSW
                                    116 	.globl _g_INSFLG
                                    117 	.globl _g_ESCCNT
                                    118 	.globl _g_GRPHED
                                    119 	.globl _g_WINWID
                                    120 	.globl _g_LOWLIM
                                    121 	.globl _g_INTCNT
                                    122 	.globl _g_INTVAL
                                    123 	.globl _g_JIFFY
                                    124 	.globl _g_PADX
                                    125 	.globl _g_PADY
                                    126 	.globl _g_INTFLG
                                    127 	.globl _g_RTYCNT
                                    128 	.globl _g_TRPTBL
                                    129 	.globl _g_HIMEM
                                    130 	.globl _g_BOTTOM
                                    131 	.globl _g_PATWRK
                                    132 	.globl _g_LINWRK
                                    133 	.globl _g_KEYBUF
                                    134 	.globl _g_NEWKEY
                                    135 	.globl _g_OLDKEY
                                    136 	.globl _g_CLIKFL
                                    137 	.globl _g_ONGSBF
                                    138 	.globl _g_FNKFLG
                                    139 	.globl _g_FNKSWI
                                    140 	.globl _g_CODSAV
                                    141 	.globl _g_FSTPOS
                                    142 	.globl _g_LINTTB
                                    143 	.globl _g_BASROM
                                    144 	.globl _g_ENSTOP
                                    145 	.globl _g_VCBC
                                    146 	.globl _g_VCBB
                                    147 	.globl _g_VCBA
                                    148 	.globl _g_PLYCNT
                                    149 	.globl _g_MUSICF
                                    150 	.globl _g_QUEUEN
                                    151 	.globl _g_MCLPTR
                                    152 	.globl _g_MCLLEN
                                    153 	.globl _g_SAVVOL
                                    154 	.globl _g_VOICEN
                                    155 	.globl _g_SAVSP
                                    156 	.globl _g_PRSCNT
                                    157 	.globl _g_LSTMOD
                                    158 	.globl _g_LSTCOM
                                    159 	.globl _g_COMMSK
                                    160 	.globl _g_ESTBLS
                                    161 	.globl _g_FLAGS
                                    162 	.globl _g_ERRORS
                                    163 	.globl _g_DATCNT
                                    164 	.globl _g_DEVNUM
                                    165 	.globl _g_OLDINT
                                    166 	.globl _g_OLDSTT
                                    167 	.globl _g_MEXBIh
                                    168 	.globl _g_RSIQLN
                                    169 	.globl _g_RSFCB
                                    170 	.globl _g_TOCNT
                                    171 	.globl _g_RSTMP
                                    172 	.globl _g_YSAVE
                                    173 	.globl _g_XSAVE
                                    174 	.globl _g_NORUSE
                                    175 	.globl _g_MODE
                                    176 	.globl _g_ROMA
                                    177 	.globl _g_CHRCNT
                                    178 	.globl _g_EXBRSA
                                    179 	.globl _g_AVCSAV
                                    180 	.globl _g_ACPAGE
                                    181 	.globl _g_DPPAGE
                                    182 	.globl _g_RS2IQ
                                    183 	.globl _g_VOICCQ
                                    184 	.globl _g_VOICBQ
                                    185 	.globl _g_VOICAQ
                                    186 	.globl _g_QUEBAK
                                    187 	.globl _g_QUETAB
                                    188 	.globl _g_ASPCT2
                                    189 	.globl _g_ASPCT1
                                    190 	.globl _g_HEADER
                                    191 	.globl _g_HIGH
                                    192 	.globl _g_LOW
                                    193 	.globl _g_CS240
                                    194 	.globl _g_CS120
                                    195 	.globl _g_GETPNT
                                    196 	.globl _g_PUTPNT
                                    197 	.globl _g_REPCNT
                                    198 	.globl _g_SCNCNT
                                    199 	.globl _g_FRCNEW
                                    200 	.globl _g_QUEUES
                                    201 	.globl _g_MINUPD
                                    202 	.globl _g_MAXUPD
                                    203 	.globl _g_TRGFLG
                                    204 	.globl _g_STATFL
                                    205 	.globl _g_RG7SAV
                                    206 	.globl _g_RG6SAV
                                    207 	.globl _g_RG5SAV
                                    208 	.globl _g_RG4SAV
                                    209 	.globl _g_RG3SAV
                                    210 	.globl _g_RG2SAV
                                    211 	.globl _g_RG1SAV
                                    212 	.globl _g_RG0SAV
                                    213 	.globl _g_CNSDFG
                                    214 	.globl _g_USRTAB
                                    215 	.globl _g_CLPRIM
                                    216 	.globl _g_WRPRIM
                                    217 	.globl _g_RDPRIM
                                    218 	.globl _DOS_Call
                                    219 	.globl _DOS_Exit0
                                    220 	.globl _DOS_CharInput
                                    221 	.globl _DOS_CharOutput
                                    222 	.globl _DOS_StringOutput
                                    223 	.globl _DOS_SetTransferAddr
                                    224 	.globl _DOS_OpenFCB
                                    225 	.globl _DOS_CreateFCB
                                    226 	.globl _DOS_CloseFCB
                                    227 	.globl _DOS_SequentialReadFCB
                                    228 	.globl _DOS_SequentialWriteFCB
                                    229 	.globl _DOS_RandomBlockWriteFCB
                                    230 	.globl _DOS_RandomBlockReadFCB
                                    231 	.globl _DOS_FindFirstFileFCB
                                    232 	.globl _DOS_FindNextFileFCB
                                    233 	.globl _DOS_OpenHandle
                                    234 	.globl _DOS_CreateHandle
                                    235 	.globl _DOS_CloseHandle
                                    236 	.globl _DOS_EnsureHandle
                                    237 	.globl _DOS_DuplicateHandle
                                    238 	.globl _DOS_ReadHandle
                                    239 	.globl _DOS_WriteHandle
                                    240 	.globl _DOS_SeekHandle
                                    241 	.globl _DOS_DeleteHandle
                                    242 	.globl _DOS_RenameHandle
                                    243 	.globl _DOS_MoveHandle
                                    244 	.globl _DOS_SetAttributeHandle
                                    245 	.globl _DOS_GetAttributeHandle
                                    246 	.globl _DOS_GetDiskParam
                                    247 	.globl _DOS_Exit
                                    248 	.globl _DOS_Explain
                                    249 	.globl _DOS_FindFirstEntry
                                    250 	.globl _DOS_FindNextEntry
                                    251 	.globl _DOS_Delete
                                    252 	.globl _DOS_Rename
                                    253 	.globl _DOS_Move
                                    254 	.globl _DOS_SetAttribute
                                    255 	.globl _DOS_GetAttribute
                                    256 	.globl _DOS_GetDirectory
                                    257 	.globl _DOS_ChangeDirectory
                                    258 	.globl _DOS_GetTime
                                    259 	.globl _DOS_GetVersion
                                    260 ;--------------------------------------------------------
                                    261 ; special function registers
                                    262 ;--------------------------------------------------------
                           0000A8   263 _g_PortPrimarySlot	=	0x00a8
                           0000A9   264 _g_PortReadKeyboard	=	0x00a9
                           0000AA   265 _g_PortAccessKeyboard	=	0x00aa
                           0000AB   266 _g_PortControl	=	0x00ab
                           000098   267 _g_VDP_DataPort	=	0x0098
                           000099   268 _g_VDP_RegPort	=	0x0099
                           000099   269 _g_VDP_AddrPort	=	0x0099
                           000099   270 _g_VDP_StatPort	=	0x0099
                           00009A   271 _g_VDP_PalPort	=	0x009a
                           00009B   272 _g_VDP_IRegPort	=	0x009b
                           0000A0   273 _g_PSG_RegPort	=	0x00a0
                           0000A1   274 _g_PSG_DataPort	=	0x00a1
                           0000A2   275 _g_PSG_StatPort	=	0x00a2
                           000010   276 _g_PSG_Ext_RegPort	=	0x0010
                           000011   277 _g_PSG_Ext_DataPort	=	0x0011
                           000012   278 _g_PSG_Ext_StatPort	=	0x0012
                           00007C   279 _g_MSXMusic_IndexPort	=	0x007c
                           00007D   280 _g_MSXMusic_DataPort	=	0x007d
                           0000C0   281 _g_MSXAudio_IndexPort	=	0x00c0
                           0000C1   282 _g_MSXAudio_DataPort	=	0x00c1
                           0000C2   283 _g_MSXAudio_IndexPort2	=	0x00c2
                           0000C3   284 _g_MSXAudio_DataPort2	=	0x00c3
                           0000B4   285 _g_RTC_AddrPort	=	0x00b4
                           0000B5   286 _g_RTC_DataPort	=	0x00b5
                                    287 ;--------------------------------------------------------
                                    288 ; ram data
                                    289 ;--------------------------------------------------------
                                    290 	.area _DATA
                           000006   291 _DOS_TPAUpperAddr	=	0x0006
                           00F3AE   292 _g_LINL40	=	0xf3ae
                           00F3AF   293 _g_LINL32	=	0xf3af
                           00F3B0   294 _g_LINLEN	=	0xf3b0
                           00F3B1   295 _g_CRTCNT	=	0xf3b1
                           00F3B2   296 _g_CLMLST	=	0xf3b2
                           00F3B3   297 _g_TXTNAM	=	0xf3b3
                           00F3B5   298 _g_TXTCOL	=	0xf3b5
                           00F3B7   299 _g_TXTCGP	=	0xf3b7
                           00F3B9   300 _g_TXTATR	=	0xf3b9
                           00F3BB   301 _g_TXTPAT	=	0xf3bb
                           00F3BD   302 _g_T32NAM	=	0xf3bd
                           00F3BF   303 _g_T32COL	=	0xf3bf
                           00F3C1   304 _g_T32CGP	=	0xf3c1
                           00F3C3   305 _g_T32ATR	=	0xf3c3
                           00F3C5   306 _g_T32PAT	=	0xf3c5
                           00F3C7   307 _g_GRPNAM	=	0xf3c7
                           00F3C9   308 _g_GRPCOL	=	0xf3c9
                           00F3CB   309 _g_GRPCGP	=	0xf3cb
                           00F3CD   310 _g_GRPATR	=	0xf3cd
                           00F3CF   311 _g_GRPPAT	=	0xf3cf
                           00F3D1   312 _g_MLTNAM	=	0xf3d1
                           00F3D3   313 _g_MLTCOL	=	0xf3d3
                           00F3D5   314 _g_MLTCGP	=	0xf3d5
                           00F3D7   315 _g_MLTATR	=	0xf3d7
                           00F3D9   316 _g_MLTPAT	=	0xf3d9
                           00F3DB   317 _g_CLIKSW	=	0xf3db
                           00F3DC   318 _g_CSRY	=	0xf3dc
                           00F3DD   319 _g_CSRX	=	0xf3dd
                           00F3E9   320 _g_FORCLR	=	0xf3e9
                           00F3EA   321 _g_BAKCLR	=	0xf3ea
                           00F3EB   322 _g_BDRCLR	=	0xf3eb
                           00F3F2   323 _g_ATRBYT	=	0xf3f2
                           00F87F   324 _g_FNKSTR	=	0xf87f
                           00F92A   325 _g_CLOC	=	0xf92a
                           00F92C   326 _g_CMASK	=	0xf92c
                           00FB02   327 _g_LOGOPR	=	0xfb02
                           00FCB7   328 _g_GRPACX	=	0xfcb7
                           00FCB9   329 _g_GRPACY	=	0xfcb9
                           00FFFF   330 _g_SLTSL	=	0xffff
      000000                        331 _g_DOS_LastError::
      000000                        332 	.ds 1
      000001                        333 _g_DOS_LastFIB::
      000001                        334 	.ds 64
      000041                        335 _g_DOS_Time::
      000041                        336 	.ds 8
                                    337 ;--------------------------------------------------------
                                    338 ; ram data
                                    339 ;--------------------------------------------------------
                                    340 	.area _INITIALIZED
                                    341 ;--------------------------------------------------------
                                    342 ; absolute external ram data
                                    343 ;--------------------------------------------------------
                                    344 	.area _DABS (ABS)
                                    345 ;--------------------------------------------------------
                                    346 ; global & static initialisations
                                    347 ;--------------------------------------------------------
                                    348 	.area _HOME
                                    349 	.area _GSINIT
                                    350 	.area _GSFINAL
                                    351 	.area _GSINIT
                                    352 ;--------------------------------------------------------
                                    353 ; Home
                                    354 ;--------------------------------------------------------
                                    355 	.area _HOME
                                    356 	.area _HOME
                                    357 ;--------------------------------------------------------
                                    358 ; code
                                    359 ;--------------------------------------------------------
                                    360 	.area _CODE
                                    361 ;/home/bruno/dev/MSXgl/engine/src/dos.c:36: void DOS_Call(u8 func)
                                    362 ;	---------------------------------
                                    363 ; Function DOS_Call
                                    364 ; ---------------------------------
      000000                        365 _DOS_Call::
                                    366 ;/home/bruno/dev/MSXgl/engine/src/dos.c:44: __endasm;
      000000 DD E5            [15]  367 	push	ix
      000002 4F               [ 4]  368 	ld	c, a
      000003 CD 05 00         [17]  369 	call	0x0005
      000006 DD E1            [14]  370 	pop	ix
                                    371 ;/home/bruno/dev/MSXgl/engine/src/dos.c:45: }
      000008 C9               [10]  372 	ret
      000009                        373 ___str_0:
      000009 0A                     374 	.db 0x0a
      00000A 0D                     375 	.db 0x0d
      00000B 24                     376 	.ascii "$"
      00000C 00                     377 	.db 0x00
                           00F380   378 _g_RDPRIM	=	0xf380
                           00F385   379 _g_WRPRIM	=	0xf385
                           00F38C   380 _g_CLPRIM	=	0xf38c
                           00F39A   381 _g_USRTAB	=	0xf39a
                           00F3DE   382 _g_CNSDFG	=	0xf3de
                           00F3DF   383 _g_RG0SAV	=	0xf3df
                           00F3E0   384 _g_RG1SAV	=	0xf3e0
                           00F3E1   385 _g_RG2SAV	=	0xf3e1
                           00F3E2   386 _g_RG3SAV	=	0xf3e2
                           00F3E3   387 _g_RG4SAV	=	0xf3e3
                           00F3E4   388 _g_RG5SAV	=	0xf3e4
                           00F3E5   389 _g_RG6SAV	=	0xf3e5
                           00F3E6   390 _g_RG7SAV	=	0xf3e6
                           00F3E7   391 _g_STATFL	=	0xf3e7
                           00F3E8   392 _g_TRGFLG	=	0xf3e8
                           00F3EC   393 _g_MAXUPD	=	0xf3ec
                           00F3EF   394 _g_MINUPD	=	0xf3ef
                           00F3F3   395 _g_QUEUES	=	0xf3f3
                           00F3F5   396 _g_FRCNEW	=	0xf3f5
                           00F3F6   397 _g_SCNCNT	=	0xf3f6
                           00F3F7   398 _g_REPCNT	=	0xf3f7
                           00F3F8   399 _g_PUTPNT	=	0xf3f8
                           00F3FA   400 _g_GETPNT	=	0xf3fa
                           00F3FC   401 _g_CS120	=	0xf3fc
                           00F401   402 _g_CS240	=	0xf401
                           00F406   403 _g_LOW	=	0xf406
                           00F408   404 _g_HIGH	=	0xf408
                           00F40A   405 _g_HEADER	=	0xf40a
                           00F40B   406 _g_ASPCT1	=	0xf40b
                           00F40D   407 _g_ASPCT2	=	0xf40d
                           00F959   408 _g_QUETAB	=	0xf959
                           00F971   409 _g_QUEBAK	=	0xf971
                           00F975   410 _g_VOICAQ	=	0xf975
                           00F9F5   411 _g_VOICBQ	=	0xf9f5
                           00FA75   412 _g_VOICCQ	=	0xfa75
                           00FAF5   413 _g_RS2IQ	=	0xfaf5
                           00FAF5   414 _g_DPPAGE	=	0xfaf5
                           00FAF6   415 _g_ACPAGE	=	0xfaf6
                           00FAF7   416 _g_AVCSAV	=	0xfaf7
                           00FAF8   417 _g_EXBRSA	=	0xfaf8
                           00FAF9   418 _g_CHRCNT	=	0xfaf9
                           00FAFA   419 _g_ROMA	=	0xfafa
                           00FAFC   420 _g_MODE	=	0xfafc
                           00FAFD   421 _g_NORUSE	=	0xfafd
                           00FAFE   422 _g_XSAVE	=	0xfafe
                           00FB00   423 _g_YSAVE	=	0xfb00
                           00FB03   424 _g_RSTMP	=	0xfb03
                           00FB03   425 _g_TOCNT	=	0xfb03
                           00FB04   426 _g_RSFCB	=	0xfb04
                           00FB06   427 _g_RSIQLN	=	0xfb06
                           00FB07   428 _g_MEXBIh	=	0xfb07
                           00FB0C   429 _g_OLDSTT	=	0xfb0c
                           00FB0C   430 _g_OLDINT	=	0xfb0c
                           00FB16   431 _g_DEVNUM	=	0xfb16
                           00FB17   432 _g_DATCNT	=	0xfb17
                           00FB1A   433 _g_ERRORS	=	0xfb1a
                           00FB1B   434 _g_FLAGS	=	0xfb1b
                           00FB1C   435 _g_ESTBLS	=	0xfb1c
                           00FB1D   436 _g_COMMSK	=	0xfb1d
                           00FB1E   437 _g_LSTCOM	=	0xfb1e
                           00FB1F   438 _g_LSTMOD	=	0xfb1f
                           00FB35   439 _g_PRSCNT	=	0xfb35
                           00FB36   440 _g_SAVSP	=	0xfb36
                           00FB38   441 _g_VOICEN	=	0xfb38
                           00FB39   442 _g_SAVVOL	=	0xfb39
                           00FB3B   443 _g_MCLLEN	=	0xfb3b
                           00FB3C   444 _g_MCLPTR	=	0xfb3c
                           00FB3E   445 _g_QUEUEN	=	0xfb3e
                           00FB3F   446 _g_MUSICF	=	0xfb3f
                           00FB40   447 _g_PLYCNT	=	0xfb40
                           00FB41   448 _g_VCBA	=	0xfb41
                           00FB66   449 _g_VCBB	=	0xfb66
                           00FB8B   450 _g_VCBC	=	0xfb8b
                           00FBB0   451 _g_ENSTOP	=	0xfbb0
                           00FBB1   452 _g_BASROM	=	0xfbb1
                           00FBB2   453 _g_LINTTB	=	0xfbb2
                           00FBCA   454 _g_FSTPOS	=	0xfbca
                           00FBCC   455 _g_CODSAV	=	0xfbcc
                           00FBCD   456 _g_FNKSWI	=	0xfbcd
                           00FBCE   457 _g_FNKFLG	=	0xfbce
                           00FBD8   458 _g_ONGSBF	=	0xfbd8
                           00FBD9   459 _g_CLIKFL	=	0xfbd9
                           00FBDA   460 _g_OLDKEY	=	0xfbda
                           00FBE5   461 _g_NEWKEY	=	0xfbe5
                           00FBF0   462 _g_KEYBUF	=	0xfbf0
                           00FC18   463 _g_LINWRK	=	0xfc18
                           00FC40   464 _g_PATWRK	=	0xfc40
                           00FC48   465 _g_BOTTOM	=	0xfc48
                           00FC4A   466 _g_HIMEM	=	0xfc4a
                           00FC4C   467 _g_TRPTBL	=	0xfc4c
                           00FC9A   468 _g_RTYCNT	=	0xfc9a
                           00FC9B   469 _g_INTFLG	=	0xfc9b
                           00FC9C   470 _g_PADY	=	0xfc9c
                           00FC9D   471 _g_PADX	=	0xfc9d
                           00FC9E   472 _g_JIFFY	=	0xfc9e
                           00FCA0   473 _g_INTVAL	=	0xfca0
                           00FCA2   474 _g_INTCNT	=	0xfca2
                           00FCA4   475 _g_LOWLIM	=	0xfca4
                           00FCA5   476 _g_WINWID	=	0xfca5
                           00FCA6   477 _g_GRPHED	=	0xfca6
                           00FCA7   478 _g_ESCCNT	=	0xfca7
                           00FCA8   479 _g_INSFLG	=	0xfca8
                           00FCA9   480 _g_CSRSW	=	0xfca9
                           00FCAA   481 _g_CSTYLE	=	0xfcaa
                           00FCAB   482 _g_CAPST	=	0xfcab
                           00FCAC   483 _g_KANAST	=	0xfcac
                           00FCAD   484 _g_KANAMD	=	0xfcad
                           00FCAE   485 _g_FLBMEM	=	0xfcae
                           00FCAF   486 _g_SCRMOD	=	0xfcaf
                           00FCB0   487 _g_OLDSCR	=	0xfcb0
                           00FCB1   488 _g_CASPRV	=	0xfcb1
                           00FCB2   489 _g_BRDATR	=	0xfcb2
                           00FCB3   490 _g_GXPOS	=	0xfcb3
                           00FCB5   491 _g_GYPOS	=	0xfcb5
                           00FCBB   492 _g_DRWFLG	=	0xfcbb
                           00FCBC   493 _g_DRWSCL	=	0xfcbc
                           00FCBD   494 _g_DRWANG	=	0xfcbd
                           00FCC1   495 _g_MNROM	=	0xfcc1
                           00FCC1   496 _g_EXPTBL	=	0xfcc1
                           00FCC5   497 _g_SLTTBL	=	0xfcc5
                           00FCC9   498 _g_SLTATR	=	0xfcc9
                           00FD09   499 _g_SLTWRK	=	0xfd09
                           00FD89   500 _g_PROCNM	=	0xfd89
                           00FFE7   501 _g_RG08SAV	=	0xffe7
                           00FFE8   502 _g_RG09SAV	=	0xffe8
                           00FFE9   503 _g_RG10SAV	=	0xffe9
                           00FFEA   504 _g_RG11SAV	=	0xffea
                           00FFEB   505 _g_RG12SAV	=	0xffeb
                           00FFEC   506 _g_RG13SAV	=	0xffec
                           00FFED   507 _g_RG14SAV	=	0xffed
                           00FFEE   508 _g_RG15SAV	=	0xffee
                           00FFEF   509 _g_RG16SAV	=	0xffef
                           00FFF0   510 _g_RG17SAV	=	0xfff0
                           00FFF1   511 _g_RG18SAV	=	0xfff1
                           00FFF2   512 _g_RG19SAV	=	0xfff2
                           00FFF3   513 _g_RG20SAV	=	0xfff3
                           00FFF4   514 _g_RG21SAV	=	0xfff4
                           00FFF5   515 _g_RG22SAV	=	0xfff5
                           00FFF6   516 _g_RG23SAV	=	0xfff6
                           00FFF7   517 _g_MINROM	=	0xfff7
                           00FFF8   518 _g_SVFFF8	=	0xfff8
                           00FFFA   519 _g_RG25SAV	=	0xfffa
                           00FFFB   520 _g_RG26SAV	=	0xfffb
                           00FFFC   521 _g_RG27SAV	=	0xfffc
                           00FFFD   522 _g_SVFFFD	=	0xfffd
                           000004   523 _g_CGTABL	=	0x0004
                           000006   524 _g_VDP_DR	=	0x0006
                           000007   525 _g_VDP_DW	=	0x0007
                           00002B   526 _g_BASRVN	=	0x002b
                           00002B   527 _g_ROMVersion	=	0x002b
                           00002D   528 _g_MSXVER	=	0x002d
                           00002E   529 _g_MSXMID	=	0x002e
                           000034   530 _g_CHAR_16	=	0x0034
                           000000   531 _g_SUBRID	=	0x0000
                           000002   532 _g_STRSRC	=	0x0002
                           00F30F   533 _g_KANJTABLE	=	0xf30f
                           00F323   534 _g_DISKVE	=	0xf323
                           00F325   535 _g_BREAKV	=	0xf325
                           00F341   536 _g_RAMAD0	=	0xf341
                           00F342   537 _g_RAMAD1	=	0xf342
                           00F343   538 _g_RAMAD2	=	0xf343
                           00F344   539 _g_RAMAD3	=	0xf344
                           00F348   540 _g_MASTER	=	0xf348
                           00F37D   541 _g_BDOS	=	0xf37d
                                    542 ;/home/bruno/dev/MSXgl/engine/src/dos.c:49: void DOS_Exit0()
                                    543 ;	---------------------------------
                                    544 ; Function DOS_Exit0
                                    545 ; ---------------------------------
      00000D                        546 _DOS_Exit0::
                                    547 ;/home/bruno/dev/MSXgl/engine/src/dos.c:54: __endasm;
      00000D 0E 00            [ 7]  548 	ld	c, #0x00
      00000F C3 05 00         [10]  549 	jp	0x0005
                                    550 ;/home/bruno/dev/MSXgl/engine/src/dos.c:55: }
      000012 C9               [10]  551 	ret
                                    552 ;/home/bruno/dev/MSXgl/engine/src/dos.c:59: c8 DOS_CharInput()
                                    553 ;	---------------------------------
                                    554 ; Function DOS_CharInput
                                    555 ; ---------------------------------
      000013                        556 _DOS_CharInput::
                                    557 ;/home/bruno/dev/MSXgl/engine/src/dos.c:67: __endasm;
      000013 DD E5            [15]  558 	push	ix
      000015 0E 01            [ 7]  559 	ld	c, #0x01
      000017 CD 05 00         [17]  560 	call	0x0005
      00001A DD E1            [14]  561 	pop	ix
                                    562 ;/home/bruno/dev/MSXgl/engine/src/dos.c:68: }
      00001C C9               [10]  563 	ret
                                    564 ;/home/bruno/dev/MSXgl/engine/src/dos.c:72: void DOS_CharOutput(c8 chr)
                                    565 ;	---------------------------------
                                    566 ; Function DOS_CharOutput
                                    567 ; ---------------------------------
      00001D                        568 _DOS_CharOutput::
                                    569 ;/home/bruno/dev/MSXgl/engine/src/dos.c:81: __endasm;
      00001D DD E5            [15]  570 	push	ix
      00001F 5F               [ 4]  571 	ld	e, a
      000020 0E 02            [ 7]  572 	ld	c, #0x02
      000022 CD 05 00         [17]  573 	call	0x0005
      000025 DD E1            [14]  574 	pop	ix
                                    575 ;/home/bruno/dev/MSXgl/engine/src/dos.c:82: }
      000027 C9               [10]  576 	ret
                                    577 ;/home/bruno/dev/MSXgl/engine/src/dos.c:86: void DOS_StringOutput(const c8* str)
                                    578 ;	---------------------------------
                                    579 ; Function DOS_StringOutput
                                    580 ; ---------------------------------
      000028                        581 _DOS_StringOutput::
                                    582 ;/home/bruno/dev/MSXgl/engine/src/dos.c:95: __endasm;
      000028 DD E5            [15]  583 	push	ix
      00002A EB               [ 4]  584 	ex	de, hl
      00002B 0E 09            [ 7]  585 	ld	c, #0x09
      00002D CD 05 00         [17]  586 	call	0x0005
      000030 DD E1            [14]  587 	pop	ix
                                    588 ;/home/bruno/dev/MSXgl/engine/src/dos.c:96: }
      000032 C9               [10]  589 	ret
                                    590 ;/home/bruno/dev/MSXgl/engine/src/dos.c:102: void DOS_SetTransferAddr(void* data)
                                    591 ;	---------------------------------
                                    592 ; Function DOS_SetTransferAddr
                                    593 ; ---------------------------------
      000033                        594 _DOS_SetTransferAddr::
                                    595 ;/home/bruno/dev/MSXgl/engine/src/dos.c:113: __endasm;
      000033 DD E5            [15]  596 	push	ix
      000035 EB               [ 4]  597 	ex	de, hl
      000036 0E 1A            [ 7]  598 	ld	c, #0x1A
      000038 CD 05 00         [17]  599 	call	0x0005
      00003B DD E1            [14]  600 	pop	ix
                                    601 ;/home/bruno/dev/MSXgl/engine/src/dos.c:114: }
      00003D C9               [10]  602 	ret
                                    603 ;/home/bruno/dev/MSXgl/engine/src/dos.c:121: u8 DOS_OpenFCB(FCB* stream)
                                    604 ;	---------------------------------
                                    605 ; Function DOS_OpenFCB
                                    606 ; ---------------------------------
      00003E                        607 _DOS_OpenFCB::
                                    608 ;/home/bruno/dev/MSXgl/engine/src/dos.c:135: __endasm;
      00003E DD E5            [15]  609 	push	ix
      000040 EB               [ 4]  610 	ex	de, hl
      000041 0E 0F            [ 7]  611 	ld	c, #0x0F
      000043 CD 05 00         [17]  612 	call	0x0005
      000046 32r00r00         [13]  613 	ld	(_g_DOS_LastError), a
      000049 DD E1            [14]  614 	pop	ix
                                    615 ;/home/bruno/dev/MSXgl/engine/src/dos.c:136: }
      00004B C9               [10]  616 	ret
                                    617 ;/home/bruno/dev/MSXgl/engine/src/dos.c:140: u8 DOS_CreateFCB(FCB* stream)
                                    618 ;	---------------------------------
                                    619 ; Function DOS_CreateFCB
                                    620 ; ---------------------------------
      00004C                        621 _DOS_CreateFCB::
                                    622 ;/home/bruno/dev/MSXgl/engine/src/dos.c:154: __endasm;
      00004C DD E5            [15]  623 	push	ix
      00004E EB               [ 4]  624 	ex	de, hl
      00004F 0E 16            [ 7]  625 	ld	c, #0x16
      000051 CD 05 00         [17]  626 	call	0x0005
      000054 32r00r00         [13]  627 	ld	(_g_DOS_LastError), a
      000057 DD E1            [14]  628 	pop	ix
                                    629 ;/home/bruno/dev/MSXgl/engine/src/dos.c:155: }
      000059 C9               [10]  630 	ret
                                    631 ;/home/bruno/dev/MSXgl/engine/src/dos.c:159: u8 DOS_CloseFCB(FCB* stream)
                                    632 ;	---------------------------------
                                    633 ; Function DOS_CloseFCB
                                    634 ; ---------------------------------
      00005A                        635 _DOS_CloseFCB::
                                    636 ;/home/bruno/dev/MSXgl/engine/src/dos.c:173: __endasm;
      00005A DD E5            [15]  637 	push	ix
      00005C EB               [ 4]  638 	ex	de, hl
      00005D 0E 10            [ 7]  639 	ld	c, #0x10
      00005F CD 05 00         [17]  640 	call	0x0005
      000062 32r00r00         [13]  641 	ld	(_g_DOS_LastError), a
      000065 DD E1            [14]  642 	pop	ix
                                    643 ;/home/bruno/dev/MSXgl/engine/src/dos.c:174: }
      000067 C9               [10]  644 	ret
                                    645 ;/home/bruno/dev/MSXgl/engine/src/dos.c:178: u8 DOS_SequentialReadFCB(FCB* stream)
                                    646 ;	---------------------------------
                                    647 ; Function DOS_SequentialReadFCB
                                    648 ; ---------------------------------
      000068                        649 _DOS_SequentialReadFCB::
                                    650 ;/home/bruno/dev/MSXgl/engine/src/dos.c:192: __endasm;
      000068 DD E5            [15]  651 	push	ix
      00006A EB               [ 4]  652 	ex	de, hl
      00006B 0E 14            [ 7]  653 	ld	c, #0x14
      00006D CD 05 00         [17]  654 	call	0x0005
      000070 32r00r00         [13]  655 	ld	(_g_DOS_LastError), a
      000073 DD E1            [14]  656 	pop	ix
                                    657 ;/home/bruno/dev/MSXgl/engine/src/dos.c:193: }
      000075 C9               [10]  658 	ret
                                    659 ;/home/bruno/dev/MSXgl/engine/src/dos.c:197: u8 DOS_SequentialWriteFCB(FCB* stream)
                                    660 ;	---------------------------------
                                    661 ; Function DOS_SequentialWriteFCB
                                    662 ; ---------------------------------
      000076                        663 _DOS_SequentialWriteFCB::
                                    664 ;/home/bruno/dev/MSXgl/engine/src/dos.c:211: __endasm;
      000076 DD E5            [15]  665 	push	ix
      000078 EB               [ 4]  666 	ex	de, hl
      000079 0E 15            [ 7]  667 	ld	c, #0x15
      00007B CD 05 00         [17]  668 	call	0x0005
      00007E 32r00r00         [13]  669 	ld	(_g_DOS_LastError), a
      000081 DD E1            [14]  670 	pop	ix
                                    671 ;/home/bruno/dev/MSXgl/engine/src/dos.c:212: }
      000083 C9               [10]  672 	ret
                                    673 ;/home/bruno/dev/MSXgl/engine/src/dos.c:216: u8 DOS_RandomBlockWriteFCB(FCB* stream, u16 records)
                                    674 ;	---------------------------------
                                    675 ; Function DOS_RandomBlockWriteFCB
                                    676 ; ---------------------------------
      000084                        677 _DOS_RandomBlockWriteFCB::
                                    678 ;/home/bruno/dev/MSXgl/engine/src/dos.c:231: __endasm;
      000084 DD E5            [15]  679 	push	ix
      000086 EB               [ 4]  680 	ex	de, hl
      000087 0E 26            [ 7]  681 	ld	c, #0x26
      000089 CD 05 00         [17]  682 	call	0x0005
      00008C 32r00r00         [13]  683 	ld	(_g_DOS_LastError), a
      00008F DD E1            [14]  684 	pop	ix
                                    685 ;/home/bruno/dev/MSXgl/engine/src/dos.c:232: }
      000091 C9               [10]  686 	ret
                                    687 ;/home/bruno/dev/MSXgl/engine/src/dos.c:236: u16 DOS_RandomBlockReadFCB(FCB* stream, u16 records)
                                    688 ;	---------------------------------
                                    689 ; Function DOS_RandomBlockReadFCB
                                    690 ; ---------------------------------
      000092                        691 _DOS_RandomBlockReadFCB::
                                    692 ;/home/bruno/dev/MSXgl/engine/src/dos.c:252: __endasm;
      000092 DD E5            [15]  693 	push	ix
      000094 EB               [ 4]  694 	ex	de, hl
      000095 0E 27            [ 7]  695 	ld	c, #0x27
      000097 CD 05 00         [17]  696 	call	0x0005
      00009A 32r00r00         [13]  697 	ld	(_g_DOS_LastError), a
      00009D EB               [ 4]  698 	ex	de, hl
      00009E DD E1            [14]  699 	pop	ix
                                    700 ;/home/bruno/dev/MSXgl/engine/src/dos.c:253: }
      0000A0 C9               [10]  701 	ret
                                    702 ;/home/bruno/dev/MSXgl/engine/src/dos.c:257: u8 DOS_FindFirstFileFCB(FCB* stream)
                                    703 ;	---------------------------------
                                    704 ; Function DOS_FindFirstFileFCB
                                    705 ; ---------------------------------
      0000A1                        706 _DOS_FindFirstFileFCB::
                                    707 ;/home/bruno/dev/MSXgl/engine/src/dos.c:270: __endasm;
      0000A1 DD E5            [15]  708 	push	ix
      0000A3 EB               [ 4]  709 	ex	de, hl
      0000A4 0E 11            [ 7]  710 	ld	c, #0x11
      0000A6 CD 05 00         [17]  711 	call	0x0005
      0000A9 32r00r00         [13]  712 	ld	(_g_DOS_LastError), a
      0000AC DD E1            [14]  713 	pop	ix
                                    714 ;/home/bruno/dev/MSXgl/engine/src/dos.c:271: }
      0000AE C9               [10]  715 	ret
                                    716 ;/home/bruno/dev/MSXgl/engine/src/dos.c:275: u8 DOS_FindNextFileFCB()
                                    717 ;	---------------------------------
                                    718 ; Function DOS_FindNextFileFCB
                                    719 ; ---------------------------------
      0000AF                        720 _DOS_FindNextFileFCB::
                                    721 ;/home/bruno/dev/MSXgl/engine/src/dos.c:285: __endasm;
      0000AF DD E5            [15]  722 	push	ix
      0000B1 0E 12            [ 7]  723 	ld	c, #0x12
      0000B3 CD 05 00         [17]  724 	call	0x0005
      0000B6 32r00r00         [13]  725 	ld	(_g_DOS_LastError), a
      0000B9 DD E1            [14]  726 	pop	ix
                                    727 ;/home/bruno/dev/MSXgl/engine/src/dos.c:286: }
      0000BB C9               [10]  728 	ret
                                    729 ;/home/bruno/dev/MSXgl/engine/src/dos.c:299: u8 DOS_OpenHandle(const c8* path, u8 mode) __NAKED // Stack: 3 bytes
                                    730 ;	---------------------------------
                                    731 ; Function DOS_OpenHandle
                                    732 ; ---------------------------------
      0000BC                        733 _DOS_OpenHandle::
                                    734 ;/home/bruno/dev/MSXgl/engine/src/dos.c:325: __endasm;
      0000BC FD E1            [14]  735 	pop	iy
      0000BE EB               [ 4]  736 	ex	de, hl
      0000BF 3B               [ 6]  737 	dec	sp
      0000C0 F1               [10]  738 	pop	af
      0000C1 0E 43            [ 7]  739 	ld	c, #0x43
      0000C3 CD 05 00         [17]  740 	call	0x0005
      0000C6 32r00r00         [13]  741 	ld	(_g_DOS_LastError), a
      0000C9 B7               [ 4]  742 	or	a
      0000CA CArD2r00         [10]  743 	jp	z, fopen_ok
      0000CD 3E FF            [ 7]  744 	ld	a, #0xFF
      0000CF C3rD3r00         [10]  745 	jp	fopen_end
      0000D2                        746 	fopen_ok:
      0000D2 78               [ 4]  747 	ld	a, b
      0000D3                        748 	fopen_end:
      0000D3 FD E9            [ 8]  749 	jp	(iy)
                                    750 ;/home/bruno/dev/MSXgl/engine/src/dos.c:327: }
                                    751 ;/home/bruno/dev/MSXgl/engine/src/dos.c:331: u8 DOS_CreateHandle(const c8* path, u8 mode, u8 attr) __NAKED // Stack: 4 bytes
                                    752 ;	---------------------------------
                                    753 ; Function DOS_CreateHandle
                                    754 ; ---------------------------------
      0000D5                        755 _DOS_CreateHandle::
                                    756 ;/home/bruno/dev/MSXgl/engine/src/dos.c:359: __endasm;
      0000D5 FD E1            [14]  757 	pop	iy
      0000D7 EB               [ 4]  758 	ex	de, hl
      0000D8 C1               [10]  759 	pop	bc
      0000D9 79               [ 4]  760 	ld	a, c
      0000DA 0E 44            [ 7]  761 	ld	c, #0x44
      0000DC CD 05 00         [17]  762 	call	0x0005
      0000DF 32r00r00         [13]  763 	ld	(_g_DOS_LastError), a
      0000E2 B7               [ 4]  764 	or	a
      0000E3 CArEBr00         [10]  765 	jp	z, fcreat_ok
      0000E6 3E FF            [ 7]  766 	ld	a, #0xFF
      0000E8 C3rECr00         [10]  767 	jp	fcreat_end
      0000EB                        768 	fcreat_ok:
      0000EB 78               [ 4]  769 	ld	a, b
      0000EC                        770 	fcreat_end:
      0000EC FD E9            [ 8]  771 	jp	(iy)
                                    772 ;/home/bruno/dev/MSXgl/engine/src/dos.c:361: }
                                    773 ;/home/bruno/dev/MSXgl/engine/src/dos.c:365: u8 DOS_CloseHandle(u8 file)
                                    774 ;	---------------------------------
                                    775 ; Function DOS_CloseHandle
                                    776 ; ---------------------------------
      0000EE                        777 _DOS_CloseHandle::
                                    778 ;/home/bruno/dev/MSXgl/engine/src/dos.c:375: __endasm;
      0000EE 47               [ 4]  779 	ld	b, a
      0000EF 0E 45            [ 7]  780 	ld	c, #0x45
      0000F1 CD 05 00         [17]  781 	call	0x0005
      0000F4 32r00r00         [13]  782 	ld	(_g_DOS_LastError), a
                                    783 ;/home/bruno/dev/MSXgl/engine/src/dos.c:377: }
      0000F7 C9               [10]  784 	ret
                                    785 ;/home/bruno/dev/MSXgl/engine/src/dos.c:381: u8 DOS_EnsureHandle(u8 file)
                                    786 ;	---------------------------------
                                    787 ; Function DOS_EnsureHandle
                                    788 ; ---------------------------------
      0000F8                        789 _DOS_EnsureHandle::
                                    790 ;/home/bruno/dev/MSXgl/engine/src/dos.c:391: __endasm;
      0000F8 47               [ 4]  791 	ld	b, a
      0000F9 0E 46            [ 7]  792 	ld	c, #0x46
      0000FB CD 05 00         [17]  793 	call	0x0005
      0000FE 32r00r00         [13]  794 	ld	(_g_DOS_LastError), a
                                    795 ;/home/bruno/dev/MSXgl/engine/src/dos.c:393: }
      000101 C9               [10]  796 	ret
                                    797 ;/home/bruno/dev/MSXgl/engine/src/dos.c:397: u8 DOS_DuplicateHandle(u8 file)
                                    798 ;	---------------------------------
                                    799 ; Function DOS_DuplicateHandle
                                    800 ; ---------------------------------
      000102                        801 _DOS_DuplicateHandle::
                                    802 ;/home/bruno/dev/MSXgl/engine/src/dos.c:414: __endasm;
      000102 47               [ 4]  803 	ld	b, a
      000103 0E 47            [ 7]  804 	ld	c, #0x47
      000105 CD 05 00         [17]  805 	call	0x0005
      000108 32r00r00         [13]  806 	ld	(_g_DOS_LastError), a
      00010B B7               [ 4]  807 	or	a
      00010C CAr14r01         [10]  808 	jp	z, fdupl_ok
      00010F 3E FF            [ 7]  809 	ld	a, #0xFF
      000111 C3r15r01         [10]  810 	jp	fdupl_end
      000114                        811 	fdupl_ok:
      000114 78               [ 4]  812 	ld	a, b
      000115                        813 	fdupl_end:
                                    814 ;/home/bruno/dev/MSXgl/engine/src/dos.c:416: }
      000115 C9               [10]  815 	ret
                                    816 ;/home/bruno/dev/MSXgl/engine/src/dos.c:420: u16 DOS_ReadHandle(u8 file, void* buffer, u16 size) __NAKED // Stack: 4 bytes
                                    817 ;	---------------------------------
                                    818 ; Function DOS_ReadHandle
                                    819 ; ---------------------------------
      000116                        820 _DOS_ReadHandle::
                                    821 ;/home/bruno/dev/MSXgl/engine/src/dos.c:446: __endasm;
      000116 47               [ 4]  822 	ld	b, a
      000117 FD E1            [14]  823 	pop	iy
      000119 E1               [10]  824 	pop	hl
      00011A 0E 48            [ 7]  825 	ld	c, #0x48
      00011C CD 05 00         [17]  826 	call	0x0005
      00011F EB               [ 4]  827 	ex	de, hl
      000120 32r00r00         [13]  828 	ld	(_g_DOS_LastError), a
      000123 B7               [ 4]  829 	or	a
      000124 CAr2Ar01         [10]  830 	jp	z, fread_end
      000127 1E FF            [ 7]  831 	ld	e, #0xFF
      000129 53               [ 4]  832 	ld	d, e
      00012A                        833 	fread_end:
      00012A FD E9            [ 8]  834 	jp	(iy)
                                    835 ;/home/bruno/dev/MSXgl/engine/src/dos.c:448: }
                                    836 ;/home/bruno/dev/MSXgl/engine/src/dos.c:452: u16 DOS_WriteHandle(u8 file, const void* buffer, u16 size) __NAKED // Stack: 4 bytes
                                    837 ;	---------------------------------
                                    838 ; Function DOS_WriteHandle
                                    839 ; ---------------------------------
      00012C                        840 _DOS_WriteHandle::
                                    841 ;/home/bruno/dev/MSXgl/engine/src/dos.c:478: __endasm;
      00012C FD E1            [14]  842 	pop	iy
      00012E 47               [ 4]  843 	ld	b, a
      00012F E1               [10]  844 	pop	hl
      000130 0E 49            [ 7]  845 	ld	c, #0x49
      000132 CD 05 00         [17]  846 	call	0x0005
      000135 EB               [ 4]  847 	ex	de, hl
      000136 32r00r00         [13]  848 	ld	(_g_DOS_LastError), a
      000139 B7               [ 4]  849 	or	a
      00013A CAr40r01         [10]  850 	jp	z, fwrite_end
      00013D 1E FF            [ 7]  851 	ld	e, #0xFF
      00013F 53               [ 4]  852 	ld	d, e
      000140                        853 	fwrite_end:
      000140 FD E9            [ 8]  854 	jp	(iy)
                                    855 ;/home/bruno/dev/MSXgl/engine/src/dos.c:480: }
                                    856 ;/home/bruno/dev/MSXgl/engine/src/dos.c:484: u32 DOS_SeekHandle(u8 file, i32 offset, u8 mode) __CALLEE __NAKED // Stack: 7 bytes
                                    857 ;	---------------------------------
                                    858 ; Function DOS_SeekHandle
                                    859 ; ---------------------------------
      000142                        860 _DOS_SeekHandle::
                                    861 ;/home/bruno/dev/MSXgl/engine/src/dos.c:515: __endasm;
      000142 FD E1            [14]  862 	pop	iy
      000144 47               [ 4]  863 	ld	b, a
      000145 E1               [10]  864 	pop	hl
      000146 D1               [10]  865 	pop	de
      000147 3B               [ 6]  866 	dec	sp
      000148 F1               [10]  867 	pop	af
      000149 0E 4A            [ 7]  868 	ld	c, #0x4A
      00014B CD 05 00         [17]  869 	call	0x0005
      00014E EB               [ 4]  870 	ex	de, hl
      00014F 32r00r00         [13]  871 	ld	(_g_DOS_LastError), a
      000152 B7               [ 4]  872 	or	a
      000153 CAr5Br01         [10]  873 	jp	z, flseek_end
      000156 1E FF            [ 7]  874 	ld	e, #0xFF
      000158 53               [ 4]  875 	ld	d, e
      000159 6B               [ 4]  876 	ld	l, e
      00015A 63               [ 4]  877 	ld	h, e
      00015B                        878 	flseek_end:
      00015B FD E9            [ 8]  879 	jp	(iy)
                                    880 ;/home/bruno/dev/MSXgl/engine/src/dos.c:516: }
                                    881 ;/home/bruno/dev/MSXgl/engine/src/dos.c:520: u8 DOS_DeleteHandle(u8 file)
                                    882 ;	---------------------------------
                                    883 ; Function DOS_DeleteHandle
                                    884 ; ---------------------------------
      00015D                        885 _DOS_DeleteHandle::
                                    886 ;/home/bruno/dev/MSXgl/engine/src/dos.c:530: __endasm;
      00015D 47               [ 4]  887 	ld	b, a
      00015E 0E 52            [ 7]  888 	ld	c, #0x52
      000160 C3 05 00         [10]  889 	jp	0x0005
      000163 32r00r00         [13]  890 	ld	(_g_DOS_LastError), a
                                    891 ;/home/bruno/dev/MSXgl/engine/src/dos.c:531: }
      000166 C9               [10]  892 	ret
                                    893 ;/home/bruno/dev/MSXgl/engine/src/dos.c:535: u8 DOS_RenameHandle(u8 file, const c8* path)
                                    894 ;	---------------------------------
                                    895 ; Function DOS_RenameHandle
                                    896 ; ---------------------------------
      000167                        897 _DOS_RenameHandle::
                                    898 ;/home/bruno/dev/MSXgl/engine/src/dos.c:547: __endasm;
      000167 EB               [ 4]  899 	ex	de, hl
      000168 47               [ 4]  900 	ld	b, a
      000169 0E 53            [ 7]  901 	ld	c, #0x53
      00016B C3 05 00         [10]  902 	jp	0x0005
      00016E 32r00r00         [13]  903 	ld	(_g_DOS_LastError), a
                                    904 ;/home/bruno/dev/MSXgl/engine/src/dos.c:548: }
      000171 C9               [10]  905 	ret
                                    906 ;/home/bruno/dev/MSXgl/engine/src/dos.c:552: u8 DOS_MoveHandle(u8 file, const c8* path)
                                    907 ;	---------------------------------
                                    908 ; Function DOS_MoveHandle
                                    909 ; ---------------------------------
      000172                        910 _DOS_MoveHandle::
                                    911 ;/home/bruno/dev/MSXgl/engine/src/dos.c:564: __endasm;
      000172 EB               [ 4]  912 	ex	de, hl
      000173 47               [ 4]  913 	ld	b, a
      000174 0E 54            [ 7]  914 	ld	c, #0x54
      000176 C3 05 00         [10]  915 	jp	0x0005
      000179 32r00r00         [13]  916 	ld	(_g_DOS_LastError), a
                                    917 ;/home/bruno/dev/MSXgl/engine/src/dos.c:565: }
      00017C C9               [10]  918 	ret
                                    919 ;/home/bruno/dev/MSXgl/engine/src/dos.c:569: u8 DOS_SetAttributeHandle(u8 file, u8 attr)
                                    920 ;	---------------------------------
                                    921 ; Function DOS_SetAttributeHandle
                                    922 ; ---------------------------------
      00017D                        923 _DOS_SetAttributeHandle::
                                    924 ;/home/bruno/dev/MSXgl/engine/src/dos.c:587: __endasm;
      00017D 47               [ 4]  925 	ld	b, a
      00017E 3E 01            [ 7]  926 	ld	a, #1
      000180 0E 55            [ 7]  927 	ld	c, #0x55
      000182 C3 05 00         [10]  928 	jp	0x0005
      000185 32r00r00         [13]  929 	ld	(_g_DOS_LastError), a
      000188 B7               [ 4]  930 	or	a
      000189 CAr8Fr01         [10]  931 	jp	z, fsetattr_ok
      00018C 3E FF            [ 7]  932 	ld	a, #0xFF
      00018E C9               [10]  933 	ret
      00018F                        934 	fsetattr_ok:
      00018F 7D               [ 4]  935 	ld	a, l
                                    936 ;/home/bruno/dev/MSXgl/engine/src/dos.c:588: }
      000190 C9               [10]  937 	ret
                                    938 ;/home/bruno/dev/MSXgl/engine/src/dos.c:592: u8 DOS_GetAttributeHandle(u8 file)
                                    939 ;	---------------------------------
                                    940 ; Function DOS_GetAttributeHandle
                                    941 ; ---------------------------------
      000191                        942 _DOS_GetAttributeHandle::
                                    943 ;/home/bruno/dev/MSXgl/engine/src/dos.c:609: __endasm;
      000191 47               [ 4]  944 	ld	b, a
      000192 AF               [ 4]  945 	xor	a
      000193 0E 55            [ 7]  946 	ld	c, #0x55
      000195 C3 05 00         [10]  947 	jp	0x0005
      000198 32r00r00         [13]  948 	ld	(_g_DOS_LastError), a
      00019B B7               [ 4]  949 	or	a
      00019C CArA2r01         [10]  950 	jp	z, fgetattr_ok
      00019F 3E FF            [ 7]  951 	ld	a, #0xFF
      0001A1 C9               [10]  952 	ret
      0001A2                        953 	fgetattr_ok:
      0001A2 7D               [ 4]  954 	ld	a, l
                                    955 ;/home/bruno/dev/MSXgl/engine/src/dos.c:610: }
      0001A3 C9               [10]  956 	ret
                                    957 ;/home/bruno/dev/MSXgl/engine/src/dos.c:616: u8 DOS_GetDiskParam(u8 drv, DOS_DiskParam* param)
                                    958 ;	---------------------------------
                                    959 ; Function DOS_GetDiskParam
                                    960 ; ---------------------------------
      0001A4                        961 _DOS_GetDiskParam::
                                    962 ;/home/bruno/dev/MSXgl/engine/src/dos.c:629: __endasm;
      0001A4 DD E5            [15]  963 	push	ix
      0001A6 6F               [ 4]  964 	ld	l, a
      0001A7 0E 31            [ 7]  965 	ld	c, #0x31
      0001A9 CD 05 00         [17]  966 	call	0x0005
      0001AC 32r00r00         [13]  967 	ld	(_g_DOS_LastError), a
      0001AF DD E1            [14]  968 	pop	ix
                                    969 ;/home/bruno/dev/MSXgl/engine/src/dos.c:631: }
      0001B1 C9               [10]  970 	ret
                                    971 ;/home/bruno/dev/MSXgl/engine/src/dos.c:635: void DOS_Exit(u8 err)
                                    972 ;	---------------------------------
                                    973 ; Function DOS_Exit
                                    974 ; ---------------------------------
      0001B2                        975 _DOS_Exit::
                                    976 ;/home/bruno/dev/MSXgl/engine/src/dos.c:642: __endasm;
      0001B2 47               [ 4]  977 	ld	b, a
      0001B3 0E 62            [ 7]  978 	ld	c, #0x62
      0001B5 C3 05 00         [10]  979 	jp	0x0005
                                    980 ;/home/bruno/dev/MSXgl/engine/src/dos.c:643: }
      0001B8 C9               [10]  981 	ret
                                    982 ;/home/bruno/dev/MSXgl/engine/src/dos.c:647: void DOS_Explain(u8 err, c8* str)
                                    983 ;	---------------------------------
                                    984 ; Function DOS_Explain
                                    985 ; ---------------------------------
      0001B9                        986 _DOS_Explain::
                                    987 ;/home/bruno/dev/MSXgl/engine/src/dos.c:657: __endasm;
      0001B9 DD E5            [15]  988 	push	ix
      0001BB 47               [ 4]  989 	ld	b, a
      0001BC 0E 66            [ 7]  990 	ld	c, #0x66
      0001BE CD 05 00         [17]  991 	call	0x0005
      0001C1 DD E1            [14]  992 	pop	ix
                                    993 ;/home/bruno/dev/MSXgl/engine/src/dos.c:658: }
      0001C3 C9               [10]  994 	ret
                                    995 ;/home/bruno/dev/MSXgl/engine/src/dos.c:664: DOS_FIB* DOS_FindFirstEntry(const c8* filename, u8 attr) __NAKED // Stack: 3 bytes
                                    996 ;	---------------------------------
                                    997 ; Function DOS_FindFirstEntry
                                    998 ; ---------------------------------
      0001C4                        999 _DOS_FindFirstEntry::
                                   1000 ;/home/bruno/dev/MSXgl/engine/src/dos.c:695: __endasm;
      0001C4 FD E1            [14] 1001 	pop	iy
      0001C6 EB               [ 4] 1002 	ex	de, hl
      0001C7 3B               [ 6] 1003 	dec	sp
      0001C8 C1               [10] 1004 	pop	bc
      0001C9 DD E5            [15] 1005 	push	ix
      0001CB DD 21r01r00      [14] 1006 	ld	ix, #_g_DOS_LastFIB
      0001CF 0E 40            [ 7] 1007 	ld	c, #0x40
      0001D1 CD 05 00         [17] 1008 	call	0x0005
      0001D4 32r00r00         [13] 1009 	ld	(_g_DOS_LastError), a
      0001D7 B7               [ 4] 1010 	or	a
      0001D8 CArE1r01         [10] 1011 	jp	z, find1st_ok
      0001DB 1E 00            [ 7] 1012 	ld	e, #0
      0001DD 53               [ 4] 1013 	ld	d, e
      0001DE C3rE4r01         [10] 1014 	jp	find1st_end
      0001E1                       1015 	find1st_ok:
      0001E1 11r01r00         [10] 1016 	ld	de, #_g_DOS_LastFIB
      0001E4                       1017 	find1st_end:
      0001E4 DD E1            [14] 1018 	pop	ix
      0001E6 FD E9            [ 8] 1019 	jp	(iy)
                                   1020 ;/home/bruno/dev/MSXgl/engine/src/dos.c:697: }
                                   1021 ;/home/bruno/dev/MSXgl/engine/src/dos.c:701: DOS_FIB* DOS_FindNextEntry()
                                   1022 ;	---------------------------------
                                   1023 ; Function DOS_FindNextEntry
                                   1024 ; ---------------------------------
      0001E8                       1025 _DOS_FindNextEntry::
                                   1026 ;/home/bruno/dev/MSXgl/engine/src/dos.c:723: __endasm;
      0001E8 DD E5            [15] 1027 	push	ix
      0001EA DD 21r01r00      [14] 1028 	ld	ix, #_g_DOS_LastFIB
      0001EE 0E 41            [ 7] 1029 	ld	c, #0x41
      0001F0 CD 05 00         [17] 1030 	call	0x0005
      0001F3 32r00r00         [13] 1031 	ld	(_g_DOS_LastError), a
      0001F6 B7               [ 4] 1032 	or	a
      0001F7 CAr00r02         [10] 1033 	jp	z, findnxt_ok
      0001FA 1E 00            [ 7] 1034 	ld	e, #0
      0001FC 53               [ 4] 1035 	ld	d, e
      0001FD C3r03r02         [10] 1036 	jp	findnxt_end
      000200                       1037 	findnxt_ok:
      000200 11r01r00         [10] 1038 	ld	de, #_g_DOS_LastFIB
      000203                       1039 	findnxt_end:
      000203 DD E1            [14] 1040 	pop	ix
                                   1041 ;/home/bruno/dev/MSXgl/engine/src/dos.c:725: }
      000205 C9               [10] 1042 	ret
                                   1043 ;/home/bruno/dev/MSXgl/engine/src/dos.c:729: u8 DOS_Delete(const c8* path)
                                   1044 ;	---------------------------------
                                   1045 ; Function DOS_Delete
                                   1046 ; ---------------------------------
      000206                       1047 _DOS_Delete::
                                   1048 ;/home/bruno/dev/MSXgl/engine/src/dos.c:739: __endasm;
      000206 EB               [ 4] 1049 	ex	de, hl
      000207 0E 4D            [ 7] 1050 	ld	c, #0x4D
      000209 CD 05 00         [17] 1051 	call	0x0005
      00020C 32r00r00         [13] 1052 	ld	(_g_DOS_LastError), a
                                   1053 ;/home/bruno/dev/MSXgl/engine/src/dos.c:741: }
      00020F C9               [10] 1054 	ret
                                   1055 ;/home/bruno/dev/MSXgl/engine/src/dos.c:745: u8 DOS_Rename(const c8* path, const c8* newPath)
                                   1056 ;	---------------------------------
                                   1057 ; Function DOS_Rename
                                   1058 ; ---------------------------------
      000210                       1059 _DOS_Rename::
                                   1060 ;/home/bruno/dev/MSXgl/engine/src/dos.c:756: __endasm;
      000210 EB               [ 4] 1061 	ex	de, hl
      000211 0E 4E            [ 7] 1062 	ld	c, #0x4E
      000213 CD 05 00         [17] 1063 	call	0x0005
      000216 32r00r00         [13] 1064 	ld	(_g_DOS_LastError), a
                                   1065 ;/home/bruno/dev/MSXgl/engine/src/dos.c:758: }
      000219 C9               [10] 1066 	ret
                                   1067 ;/home/bruno/dev/MSXgl/engine/src/dos.c:762: u8 DOS_Move(const c8* path, const c8* newPath)
                                   1068 ;	---------------------------------
                                   1069 ; Function DOS_Move
                                   1070 ; ---------------------------------
      00021A                       1071 _DOS_Move::
                                   1072 ;/home/bruno/dev/MSXgl/engine/src/dos.c:773: __endasm;
      00021A EB               [ 4] 1073 	ex	de, hl
      00021B 0E 4F            [ 7] 1074 	ld	c, #0x4F
      00021D CD 05 00         [17] 1075 	call	0x0005
      000220 32r00r00         [13] 1076 	ld	(_g_DOS_LastError), a
                                   1077 ;/home/bruno/dev/MSXgl/engine/src/dos.c:775: }
      000223 C9               [10] 1078 	ret
                                   1079 ;/home/bruno/dev/MSXgl/engine/src/dos.c:779: u8 DOS_SetAttribute(const c8* path, u8 attr)
                                   1080 ;	---------------------------------
                                   1081 ; Function DOS_SetAttribute
                                   1082 ; ---------------------------------
      000224                       1083 _DOS_SetAttribute::
                                   1084 ;/home/bruno/dev/MSXgl/engine/src/dos.c:806: __endasm;
      000224 FD E1            [14] 1085 	pop	iy
      000226 EB               [ 4] 1086 	ex	de, hl
      000227 E1               [10] 1087 	pop	hl
      000228 3B               [ 6] 1088 	dec	sp
      000229 3E 01            [ 7] 1089 	ld	a, #1
      00022B 0E 50            [ 7] 1090 	ld	c, #0x50
      00022D CD 05 00         [17] 1091 	call	0x0005
      000230 32r00r00         [13] 1092 	ld	(_g_DOS_LastError), a
      000233 B7               [ 4] 1093 	or	a
      000234 CAr3Cr02         [10] 1094 	jp	z, setattr_ok
      000237 3E FF            [ 7] 1095 	ld	a, #0xFF
      000239 C3r3Dr02         [10] 1096 	jp	setattr_end
      00023C                       1097 	setattr_ok:
      00023C 7D               [ 4] 1098 	ld	a, l
      00023D                       1099 	setattr_end:
      00023D FD E9            [ 8] 1100 	jp	(iy)
                                   1101 ;/home/bruno/dev/MSXgl/engine/src/dos.c:808: }
      00023F E1               [10] 1102 	pop	hl
      000240 33               [ 6] 1103 	inc	sp
      000241 E9               [ 4] 1104 	jp	(hl)
                                   1105 ;/home/bruno/dev/MSXgl/engine/src/dos.c:812: u8 DOS_GetAttribute(const c8* path)
                                   1106 ;	---------------------------------
                                   1107 ; Function DOS_GetAttribute
                                   1108 ; ---------------------------------
      000242                       1109 _DOS_GetAttribute::
                                   1110 ;/home/bruno/dev/MSXgl/engine/src/dos.c:829: __endasm;
      000242 EB               [ 4] 1111 	ex	de, hl
      000243 AF               [ 4] 1112 	xor	a
      000244 0E 50            [ 7] 1113 	ld	c, #0x50
      000246 CD 05 00         [17] 1114 	call	0x0005
      000249 32r00r00         [13] 1115 	ld	(_g_DOS_LastError), a
      00024C B7               [ 4] 1116 	or	a
      00024D CAr53r02         [10] 1117 	jp	z, getattr_ok
      000250 3E FF            [ 7] 1118 	ld	a, #0xFF
      000252 C9               [10] 1119 	ret
      000253                       1120 	getattr_ok:
      000253 7D               [ 4] 1121 	ld	a, l
                                   1122 ;/home/bruno/dev/MSXgl/engine/src/dos.c:831: }
      000254 C9               [10] 1123 	ret
                                   1124 ;/home/bruno/dev/MSXgl/engine/src/dos.c:835: u8 DOS_GetDirectory(u8 drive, const c8* path)
                                   1125 ;	---------------------------------
                                   1126 ; Function DOS_GetDirectory
                                   1127 ; ---------------------------------
      000255                       1128 _DOS_GetDirectory::
                                   1129 ;/home/bruno/dev/MSXgl/engine/src/dos.c:846: __endasm;
      000255 47               [ 4] 1130 	ld	b, a
      000256 0E 59            [ 7] 1131 	ld	c, #0x59
      000258 CD 05 00         [17] 1132 	call	0x0005
      00025B 32r00r00         [13] 1133 	ld	(_g_DOS_LastError), a
                                   1134 ;/home/bruno/dev/MSXgl/engine/src/dos.c:847: }
      00025E C9               [10] 1135 	ret
                                   1136 ;/home/bruno/dev/MSXgl/engine/src/dos.c:851: u8 DOS_ChangeDirectory(const c8* path)
                                   1137 ;	---------------------------------
                                   1138 ; Function DOS_ChangeDirectory
                                   1139 ; ---------------------------------
      00025F                       1140 _DOS_ChangeDirectory::
                                   1141 ;/home/bruno/dev/MSXgl/engine/src/dos.c:861: __endasm;
      00025F EB               [ 4] 1142 	ex	de, hl
      000260 0E 5A            [ 7] 1143 	ld	c, #0x5A
      000262 CD 05 00         [17] 1144 	call	0x0005
      000265 32r00r00         [13] 1145 	ld	(_g_DOS_LastError), a
                                   1146 ;/home/bruno/dev/MSXgl/engine/src/dos.c:862: }
      000268 C9               [10] 1147 	ret
                                   1148 ;/home/bruno/dev/MSXgl/engine/src/dos.c:866: const DOS_Time* DOS_GetTime()
                                   1149 ;	---------------------------------
                                   1150 ; Function DOS_GetTime
                                   1151 ; ---------------------------------
      000269                       1152 _DOS_GetTime::
                                   1153 ;/home/bruno/dev/MSXgl/engine/src/dos.c:883: __endasm;
      000269 0E 2A            [ 7] 1154 	ld	c, #0x2A
      00026B CD 05 00         [17] 1155 	call	0x0005
      00026E 22r41r00         [16] 1156 	ld	(#_g_DOS_Time+0), hl
      000271 ED 53r43r00      [20] 1157 	ld	(#_g_DOS_Time+2), de
      000275 32r45r00         [13] 1158 	ld	(#_g_DOS_Time+4), a
      000278 0E 2C            [ 7] 1159 	ld	c, #0x2C
      00027A CD 05 00         [17] 1160 	call	0x0005
      00027D 22r46r00         [16] 1161 	ld	(#_g_DOS_Time+5), hl
      000280 7A               [ 4] 1162 	ld	a, d
      000281 32r48r00         [13] 1163 	ld	(#_g_DOS_Time+7), a
      000284 11r41r00         [10] 1164 	ld	de, #_g_DOS_Time
                                   1165 ;/home/bruno/dev/MSXgl/engine/src/dos.c:884: }
      000287 C9               [10] 1166 	ret
                                   1167 ;/home/bruno/dev/MSXgl/engine/src/dos.c:897: u8 DOS_GetVersion(DOS_Version* ver)
                                   1168 ;	---------------------------------
                                   1169 ; Function DOS_GetVersion
                                   1170 ; ---------------------------------
      000288                       1171 _DOS_GetVersion::
                                   1172 ;/home/bruno/dev/MSXgl/engine/src/dos.c:919: __endasm;
      000288 DD E5            [15] 1173 	push	ix
      00028A E5               [11] 1174 	push	hl
      00028B 0E 6F            [ 7] 1175 	ld	c, #0x6F
      00028D CD 05 00         [17] 1176 	call	0x0005
      000290 E1               [10] 1177 	pop	hl
      000291 DD E1            [14] 1178 	pop	ix
      000293 B7               [ 4] 1179 	or	a
      000294 C0               [11] 1180 	ret	nz
      000295 71               [ 7] 1181 	ld	(hl), c
      000296 23               [ 6] 1182 	inc	hl
      000297 70               [ 7] 1183 	ld	(hl), b
      000298 23               [ 6] 1184 	inc	hl
      000299 73               [ 7] 1185 	ld	(hl), e
      00029A 23               [ 6] 1186 	inc	hl
      00029B 72               [ 7] 1187 	ld	(hl), d
      00029C 78               [ 4] 1188 	ld	a, b
                                   1189 ;/home/bruno/dev/MSXgl/engine/src/dos.c:921: }
      00029D C9               [10] 1190 	ret
                                   1191 	.area _CODE
                                   1192 	.area _INITIALIZER
                                   1193 	.area _CABS (ABS)
