                                      1 ;--------------------------------------------------------
                                      2 ; File Created by SDCC : free open source ANSI-C Compiler
                                      3 ; Version 4.2.0 #13081 (Linux)
                                      4 ;--------------------------------------------------------
                                      5 	.module dos_mapper
                                      6 	.optsdcc -mz80
                                      7 	
                                      8 ;--------------------------------------------------------
                                      9 ; Public variables in this module
                                     10 ;--------------------------------------------------------
                                     11 	.globl _g_DOS_JumpTable
                                     12 	.globl _g_DOS_VarTable
                                     13 	.globl _g_EXTBIO
                                     14 	.globl _g_HOKVLD
                                     15 	.globl _DOSMapper_Init
                                     16 	.globl _DOSMapper_Alloc
                                     17 	.globl _DOSMapper_Free
                                     18 	.globl _DOSMapper_ReadByte
                                     19 	.globl _DOSMapper_WriteByte
                                     20 	.globl _DOSMapper_SetPage
                                     21 	.globl _DOSMapper_SetPage0
                                     22 	.globl _DOSMapper_SetPage1
                                     23 	.globl _DOSMapper_SetPage2
                                     24 	.globl _DOSMapper_GetPage
                                     25 	.globl _DOSMapper_GetPage0
                                     26 	.globl _DOSMapper_GetPage1
                                     27 	.globl _DOSMapper_GetPage2
                                     28 	.globl _DOSMapper_GetPage3
                                     29 ;--------------------------------------------------------
                                     30 ; special function registers
                                     31 ;--------------------------------------------------------
                                     32 ;--------------------------------------------------------
                                     33 ; ram data
                                     34 ;--------------------------------------------------------
                                     35 	.area _DATA
                                     36 ;--------------------------------------------------------
                                     37 ; ram data
                                     38 ;--------------------------------------------------------
                                     39 	.area _INITIALIZED
      000000                         40 _g_DOS_VarTable::
      000000                         41 	.ds 2
      000002                         42 _g_DOS_JumpTable::
      000002                         43 	.ds 2
                                     44 ;--------------------------------------------------------
                                     45 ; absolute external ram data
                                     46 ;--------------------------------------------------------
                                     47 	.area _DABS (ABS)
                                     48 ;--------------------------------------------------------
                                     49 ; global & static initialisations
                                     50 ;--------------------------------------------------------
                                     51 	.area _HOME
                                     52 	.area _GSINIT
                                     53 	.area _GSFINAL
                                     54 	.area _GSINIT
                                     55 ;--------------------------------------------------------
                                     56 ; Home
                                     57 ;--------------------------------------------------------
                                     58 	.area _HOME
                                     59 	.area _HOME
                                     60 ;--------------------------------------------------------
                                     61 ; code
                                     62 ;--------------------------------------------------------
                                     63 	.area _CODE
                                     64 ;/home/bruno/dev/MSXgl/engine/src/dos_mapper.c:34: bool DOSMapper_Init()
                                     65 ;	---------------------------------
                                     66 ; Function DOSMapper_Init
                                     67 ; ---------------------------------
      000000                         68 _DOSMapper_Init::
                                     69 ;/home/bruno/dev/MSXgl/engine/src/dos_mapper.c:64: __endasm;
      000000 DD E5            [15]   70 	push	ix
      000002 CDr08r00         [17]   71 	call	init_extbios
      000005 DD E1            [14]   72 	pop	ix
      000007 C9               [10]   73 	ret
      000008                         74 	init_extbios:
      000008 3A 20 FB         [13]   75 	ld	a, (0xFB20)
      00000B E6 01            [ 7]   76 	and	#0x01
      00000D C8               [11]   77 	ret	z
      00000E AF               [ 4]   78 	xor	a
      00000F 16 04            [ 7]   79 	ld	d, #0x04
      000011 1E 01            [ 7]   80 	ld	e, #0x01
      000013 CD CA FF         [17]   81 	call	0xFFCA
      000016 B7               [ 4]   82 	or	a
      000017 C8               [11]   83 	ret	z
      000018 22r00r00         [16]   84 	ld	(_g_DOS_VarTable), hl
      00001B AF               [ 4]   85 	xor	a
      00001C 16 04            [ 7]   86 	ld	d, #0x04
      00001E 1E 02            [ 7]   87 	ld	e, #0x02
      000020 CD CA FF         [17]   88 	call	0xFFCA
      000023 B7               [ 4]   89 	or	a
      000024 C8               [11]   90 	ret	z
      000025 22r02r00         [16]   91 	ld	(_g_DOS_JumpTable), hl
      000028 3E FF            [ 7]   92 	ld	a, #0xFF
                                     93 ;/home/bruno/dev/MSXgl/engine/src/dos_mapper.c:66: }
      00002A C9               [10]   94 	ret
                           00FB20    95 _g_HOKVLD	=	0xfb20
                           00FFCA    96 _g_EXTBIO	=	0xffca
                                     97 ;/home/bruno/dev/MSXgl/engine/src/dos_mapper.c:70: bool DOSMapper_Alloc(u8 type, u8 slot, DOS_Segment* seg) // Stack: 4 bytes
                                     98 ;	---------------------------------
                                     99 ; Function DOSMapper_Alloc
                                    100 ; ---------------------------------
      00002B                        101 _DOSMapper_Alloc::
                                    102 ;/home/bruno/dev/MSXgl/engine/src/dos_mapper.c:96: __endasm;
      00002B DD E5            [15]  103 	push	ix
      00002D 45               [ 4]  104 	ld	b, l
      00002E 2Ar02r00         [16]  105 	ld	hl, (_g_DOS_JumpTable)
      000031 CDr00r00         [17]  106 	call	___sdcc_call_hl
      000034 DD E1            [14]  107 	pop	ix
      000036 38 0B            [12]  108 	jr	c, alloc_error
      000038 FD E1            [14]  109 	pop	iy
      00003A E1               [10]  110 	pop	hl
      00003B 77               [ 7]  111 	ld	(hl), a
      00003C 23               [ 6]  112 	inc	hl
      00003D 78               [ 4]  113 	ld	a, b
      00003E 77               [ 7]  114 	ld	(hl), a
      00003F 3E FF            [ 7]  115 	ld	a, #0xFF
      000041 FD E9            [ 8]  116 	jp	(iy)
      000043                        117 	alloc_error:
      000043 AF               [ 4]  118 	xor	a
                                    119 ;/home/bruno/dev/MSXgl/engine/src/dos_mapper.c:98: }
      000044 E1               [10]  120 	pop	hl
      000045 C1               [10]  121 	pop	bc
      000046 E9               [ 4]  122 	jp	(hl)
                                    123 ;/home/bruno/dev/MSXgl/engine/src/dos_mapper.c:102: bool DOSMapper_Free(u8 seg, u8 slot)
                                    124 ;	---------------------------------
                                    125 ; Function DOSMapper_Free
                                    126 ; ---------------------------------
      000047                        127 _DOSMapper_Free::
                                    128 ;/home/bruno/dev/MSXgl/engine/src/dos_mapper.c:116: __endasm;
      000047 DD E5            [15]  129 	push	ix
      000049 45               [ 4]  130 	ld	b, l
      00004A 2Ar02r00         [16]  131 	ld	hl, (_g_DOS_JumpTable)
      00004D 11 03 00         [10]  132 	ld	de, #0x03
      000050 19               [11]  133 	add	hl, de
      000051 CDr00r00         [17]  134 	call	___sdcc_call_hl
      000054 3E 00            [ 7]  135 	ld	a, #0
      000056 CE FF            [ 7]  136 	adc	#0xFF
      000058 DD E1            [14]  137 	pop	ix
                                    138 ;/home/bruno/dev/MSXgl/engine/src/dos_mapper.c:118: }
      00005A C9               [10]  139 	ret
                                    140 ;/home/bruno/dev/MSXgl/engine/src/dos_mapper.c:122: u8 DOSMapper_ReadByte(u8 seg, u16 addr) // preserve BC, IX
                                    141 ;	---------------------------------
                                    142 ; Function DOSMapper_ReadByte
                                    143 ; ---------------------------------
      00005B                        144 _DOSMapper_ReadByte::
                                    145 ;/home/bruno/dev/MSXgl/engine/src/dos_mapper.c:133: __endasm;
      00005B EB               [ 4]  146 	ex	de, hl
      00005C FD 2Ar02r00      [20]  147 	ld	iy, (_g_DOS_JumpTable)
      000060 11 06 00         [10]  148 	ld	de, #0x06
      000063 FD 19            [15]  149 	add	iy, de
      000065 CDr00r00         [17]  150 	call	___sdcc_call_iy
      000068 FB               [ 4]  151 	ei
                                    152 ;/home/bruno/dev/MSXgl/engine/src/dos_mapper.c:135: }
      000069 C9               [10]  153 	ret
                                    154 ;/home/bruno/dev/MSXgl/engine/src/dos_mapper.c:139: void DOSMapper_WriteByte(u8 seg, u16 addr, u8 val)
                                    155 ;	---------------------------------
                                    156 ; Function DOSMapper_WriteByte
                                    157 ; ---------------------------------
      00006A                        158 _DOSMapper_WriteByte::
                                    159 ;/home/bruno/dev/MSXgl/engine/src/dos_mapper.c:154: __endasm;
      00006A EB               [ 4]  160 	ex	de, hl
      00006B FD 21 02 00      [14]  161 	ld	iy, #2
      00006F FD 39            [15]  162 	add	iy, sp
      000071 FD 5E 00         [19]  163 	ld	e, 0(iy)
      000074 FD 2Ar02r00      [20]  164 	ld	iy, (_g_DOS_JumpTable)
      000078 01 09 00         [10]  165 	ld	bc, #0x09
      00007B FD 09            [15]  166 	add	iy, bc
      00007D CDr00r00         [17]  167 	call	___sdcc_call_iy
      000080 FB               [ 4]  168 	ei
                                    169 ;/home/bruno/dev/MSXgl/engine/src/dos_mapper.c:155: }
      000081 E1               [10]  170 	pop	hl
      000082 33               [ 6]  171 	inc	sp
      000083 E9               [ 4]  172 	jp	(hl)
                                    173 ;/home/bruno/dev/MSXgl/engine/src/dos_mapper.c:159: void DOSMapper_SetPage(u8 page, u8 seg)
                                    174 ;	---------------------------------
                                    175 ; Function DOSMapper_SetPage
                                    176 ; ---------------------------------
      000084                        177 _DOSMapper_SetPage::
                                    178 ;/home/bruno/dev/MSXgl/engine/src/dos_mapper.c:173: __endasm;
      000084 0F               [ 4]  179 	rrca
      000085 0F               [ 4]  180 	rrca
      000086 67               [ 4]  181 	ld	h, a
      000087 7D               [ 4]  182 	ld	a, l
      000088 FD 2Ar02r00      [20]  183 	ld	iy, (_g_DOS_JumpTable)
      00008C 11 12 00         [10]  184 	ld	de, #0x12
      00008F FD 19            [15]  185 	add	iy, de
      000091 CDr00r00         [17]  186 	call	___sdcc_call_iy
                                    187 ;/home/bruno/dev/MSXgl/engine/src/dos_mapper.c:174: }
      000094 C9               [10]  188 	ret
                                    189 ;/home/bruno/dev/MSXgl/engine/src/dos_mapper.c:178: void DOSMapper_SetPage0(u8 seg)
                                    190 ;	---------------------------------
                                    191 ; Function DOSMapper_SetPage0
                                    192 ; ---------------------------------
      000095                        193 _DOSMapper_SetPage0::
                                    194 ;/home/bruno/dev/MSXgl/engine/src/dos_mapper.c:186: __endasm;
      000095 2Ar02r00         [16]  195 	ld	hl, (_g_DOS_JumpTable)
      000098 11 18 00         [10]  196 	ld	de, #0x18
      00009B 19               [11]  197 	add	hl, de
      00009C CDr00r00         [17]  198 	call	___sdcc_call_hl
                                    199 ;/home/bruno/dev/MSXgl/engine/src/dos_mapper.c:187: }
      00009F C9               [10]  200 	ret
                                    201 ;/home/bruno/dev/MSXgl/engine/src/dos_mapper.c:191: void DOSMapper_SetPage1(u8 seg)
                                    202 ;	---------------------------------
                                    203 ; Function DOSMapper_SetPage1
                                    204 ; ---------------------------------
      0000A0                        205 _DOSMapper_SetPage1::
                                    206 ;/home/bruno/dev/MSXgl/engine/src/dos_mapper.c:199: __endasm;
      0000A0 2Ar02r00         [16]  207 	ld	hl, (_g_DOS_JumpTable)
      0000A3 11 1E 00         [10]  208 	ld	de, #0x1E
      0000A6 19               [11]  209 	add	hl, de
      0000A7 CDr00r00         [17]  210 	call	___sdcc_call_hl
                                    211 ;/home/bruno/dev/MSXgl/engine/src/dos_mapper.c:200: }
      0000AA C9               [10]  212 	ret
                                    213 ;/home/bruno/dev/MSXgl/engine/src/dos_mapper.c:204: void DOSMapper_SetPage2(u8 seg)
                                    214 ;	---------------------------------
                                    215 ; Function DOSMapper_SetPage2
                                    216 ; ---------------------------------
      0000AB                        217 _DOSMapper_SetPage2::
                                    218 ;/home/bruno/dev/MSXgl/engine/src/dos_mapper.c:212: __endasm;
      0000AB 2Ar02r00         [16]  219 	ld	hl, (_g_DOS_JumpTable)
      0000AE 11 24 00         [10]  220 	ld	de, #0x24
      0000B1 19               [11]  221 	add	hl, de
      0000B2 CDr00r00         [17]  222 	call	___sdcc_call_hl
                                    223 ;/home/bruno/dev/MSXgl/engine/src/dos_mapper.c:213: }
      0000B5 C9               [10]  224 	ret
                                    225 ;/home/bruno/dev/MSXgl/engine/src/dos_mapper.c:217: u8 DOSMapper_GetPage(u8 page)
                                    226 ;	---------------------------------
                                    227 ; Function DOSMapper_GetPage
                                    228 ; ---------------------------------
      0000B6                        229 _DOSMapper_GetPage::
                                    230 ;/home/bruno/dev/MSXgl/engine/src/dos_mapper.c:229: __endasm;
      0000B6 0F               [ 4]  231 	rrca
      0000B7 0F               [ 4]  232 	rrca
      0000B8 67               [ 4]  233 	ld	h, a
      0000B9 FD 2Ar02r00      [20]  234 	ld	iy, (_g_DOS_JumpTable)
      0000BD 11 15 00         [10]  235 	ld	de, #0x15
      0000C0 FD 19            [15]  236 	add	iy, de
      0000C2 CDr00r00         [17]  237 	call	___sdcc_call_iy
                                    238 ;/home/bruno/dev/MSXgl/engine/src/dos_mapper.c:231: }
      0000C5 C9               [10]  239 	ret
                                    240 ;/home/bruno/dev/MSXgl/engine/src/dos_mapper.c:235: u8 DOSMapper_GetPage0()
                                    241 ;	---------------------------------
                                    242 ; Function DOSMapper_GetPage0
                                    243 ; ---------------------------------
      0000C6                        244 _DOSMapper_GetPage0::
                                    245 ;/home/bruno/dev/MSXgl/engine/src/dos_mapper.c:242: __endasm;
      0000C6 2Ar02r00         [16]  246 	ld	hl, (_g_DOS_JumpTable)
      0000C9 11 1B 00         [10]  247 	ld	de, #0x1B
      0000CC 19               [11]  248 	add	hl, de
      0000CD CDr00r00         [17]  249 	call	___sdcc_call_hl
                                    250 ;/home/bruno/dev/MSXgl/engine/src/dos_mapper.c:244: }
      0000D0 C9               [10]  251 	ret
                                    252 ;/home/bruno/dev/MSXgl/engine/src/dos_mapper.c:248: u8 DOSMapper_GetPage1()
                                    253 ;	---------------------------------
                                    254 ; Function DOSMapper_GetPage1
                                    255 ; ---------------------------------
      0000D1                        256 _DOSMapper_GetPage1::
                                    257 ;/home/bruno/dev/MSXgl/engine/src/dos_mapper.c:255: __endasm;
      0000D1 2Ar02r00         [16]  258 	ld	hl, (_g_DOS_JumpTable)
      0000D4 11 21 00         [10]  259 	ld	de, #0x21
      0000D7 19               [11]  260 	add	hl, de
      0000D8 CDr00r00         [17]  261 	call	___sdcc_call_hl
                                    262 ;/home/bruno/dev/MSXgl/engine/src/dos_mapper.c:257: }
      0000DB C9               [10]  263 	ret
                                    264 ;/home/bruno/dev/MSXgl/engine/src/dos_mapper.c:261: u8 DOSMapper_GetPage2()
                                    265 ;	---------------------------------
                                    266 ; Function DOSMapper_GetPage2
                                    267 ; ---------------------------------
      0000DC                        268 _DOSMapper_GetPage2::
                                    269 ;/home/bruno/dev/MSXgl/engine/src/dos_mapper.c:268: __endasm;
      0000DC 2Ar02r00         [16]  270 	ld	hl, (_g_DOS_JumpTable)
      0000DF 11 27 00         [10]  271 	ld	de, #0x27
      0000E2 19               [11]  272 	add	hl, de
      0000E3 CDr00r00         [17]  273 	call	___sdcc_call_hl
                                    274 ;/home/bruno/dev/MSXgl/engine/src/dos_mapper.c:270: }
      0000E6 C9               [10]  275 	ret
                                    276 ;/home/bruno/dev/MSXgl/engine/src/dos_mapper.c:274: u8 DOSMapper_GetPage3()
                                    277 ;	---------------------------------
                                    278 ; Function DOSMapper_GetPage3
                                    279 ; ---------------------------------
      0000E7                        280 _DOSMapper_GetPage3::
                                    281 ;/home/bruno/dev/MSXgl/engine/src/dos_mapper.c:281: __endasm;
      0000E7 2Ar02r00         [16]  282 	ld	hl, (_g_DOS_JumpTable)
      0000EA 11 2D 00         [10]  283 	ld	de, #0x2D
      0000ED 19               [11]  284 	add	hl, de
      0000EE CDr00r00         [17]  285 	call	___sdcc_call_hl
                                    286 ;/home/bruno/dev/MSXgl/engine/src/dos_mapper.c:283: }
      0000F1 C9               [10]  287 	ret
                                    288 	.area _CODE
                                    289 	.area _INITIALIZER
      000000                        290 __xinit__g_DOS_VarTable:
      000000 00 00                  291 	.dw #0x0000
      000002                        292 __xinit__g_DOS_JumpTable:
      000002 00 00                  293 	.dw #0x0000
                                    294 	.area _CABS (ABS)
