                                      1 ;--------------------------------------------------------
                                      2 ; File Created by SDCC : free open source ANSI-C Compiler
                                      3 ; Version 4.2.0 #13081 (Linux)
                                      4 ;--------------------------------------------------------
                                      5 	.module emu
                                      6 	.optsdcc -mz80
                                      7 	
                                      8 ;--------------------------------------------------------
                                      9 ; Public variables in this module
                                     10 ;--------------------------------------------------------
                                     11 	.globl _cart_load
                                     12 	.globl _msx_printf
                                     13 	.globl _DOS_TPAUpperAddr
                                     14 	.globl _g_ChrAnim
                                     15 	.globl _g_Font_MGL_Sample6
                                     16 	.globl _emu_get_context
                                     17 	.globl _emu_run
                                     18 ;--------------------------------------------------------
                                     19 ; special function registers
                                     20 ;--------------------------------------------------------
                                     21 ;--------------------------------------------------------
                                     22 ; ram data
                                     23 ;--------------------------------------------------------
                                     24 	.area _DATA
                           000006    25 _DOS_TPAUpperAddr	=	0x0006
      000000                         26 _ctx:
      000000                         27 	.ds 10
                                     28 ;--------------------------------------------------------
                                     29 ; ram data
                                     30 ;--------------------------------------------------------
                                     31 	.area _INITIALIZED
                                     32 ;--------------------------------------------------------
                                     33 ; absolute external ram data
                                     34 ;--------------------------------------------------------
                                     35 	.area _DABS (ABS)
                                     36 ;--------------------------------------------------------
                                     37 ; global & static initialisations
                                     38 ;--------------------------------------------------------
                                     39 	.area _HOME
                                     40 	.area _GSINIT
                                     41 	.area _GSFINAL
                                     42 	.area _GSINIT
                                     43 ;--------------------------------------------------------
                                     44 ; Home
                                     45 ;--------------------------------------------------------
                                     46 	.area _HOME
                                     47 	.area _HOME
                                     48 ;--------------------------------------------------------
                                     49 ; code
                                     50 ;--------------------------------------------------------
                                     51 	.area _CODE
                                     52 ;./emu.c:11: emu_context *emu_get_context() {
                                     53 ;	---------------------------------
                                     54 ; Function emu_get_context
                                     55 ; ---------------------------------
      000000                         56 _emu_get_context::
                                     57 ;./emu.c:12: return &ctx;
      000000 11r00r00         [10]   58 	ld	de, #_ctx
                                     59 ;./emu.c:13: }
      000003 C9               [10]   60 	ret
      000004                         61 ___str_0:
      000004 0A                      62 	.db 0x0a
      000005 0D                      63 	.db 0x0d
      000006 24                      64 	.ascii "$"
      000007 00                      65 	.db 0x00
      000008                         66 _g_Font_MGL_Sample6:
      000008 88                      67 	.db #0x88	; 136
      000009 68                      68 	.db #0x68	; 104	'h'
      00000A 00                      69 	.db #0x00	; 0
      00000B BF                      70 	.db #0xbf	; 191
      00000C 00                      71 	.db #0x00	; 0
      00000D 00                      72 	.db #0x00	; 0
      00000E 00                      73 	.db #0x00	; 0
      00000F 00                      74 	.db #0x00	; 0
      000010 00                      75 	.db #0x00	; 0
      000011 00                      76 	.db #0x00	; 0
      000012 00                      77 	.db #0x00	; 0
      000013 00                      78 	.db #0x00	; 0
      000014 FC                      79 	.db #0xfc	; 252
      000015 C8                      80 	.db #0xc8	; 200
      000016 C8                      81 	.db #0xc8	; 200
      000017 C0                      82 	.db #0xc0	; 192
      000018 80                      83 	.db #0x80	; 128
      000019 94                      84 	.db #0x94	; 148
      00001A 94                      85 	.db #0x94	; 148
      00001B FC                      86 	.db #0xfc	; 252
      00001C FC                      87 	.db #0xfc	; 252
      00001D 70                      88 	.db #0x70	; 112	'p'
      00001E 60                      89 	.db #0x60	; 96
      00001F 60                      90 	.db #0x60	; 96
      000020 38                      91 	.db #0x38	; 56	'8'
      000021 00                      92 	.db #0x00	; 0
      000022 00                      93 	.db #0x00	; 0
      000023 FC                      94 	.db #0xfc	; 252
      000024 FC                      95 	.db #0xfc	; 252
      000025 04                      96 	.db #0x04	; 4
      000026 00                      97 	.db #0x00	; 0
      000027 F0                      98 	.db #0xf0	; 240
      000028 30                      99 	.db #0x30	; 48	'0'
      000029 20                     100 	.db #0x20	; 32
      00002A 64                     101 	.db #0x64	; 100	'd'
      00002B FC                     102 	.db #0xfc	; 252
      00002C FC                     103 	.db #0xfc	; 252
      00002D C8                     104 	.db #0xc8	; 200
      00002E 88                     105 	.db #0x88	; 136
      00002F 18                     106 	.db #0x18	; 24
      000030 18                     107 	.db #0x18	; 24
      000031 88                     108 	.db #0x88	; 136
      000032 C8                     109 	.db #0xc8	; 200
      000033 FC                     110 	.db #0xfc	; 252
      000034 FC                     111 	.db #0xfc	; 252
      000035 00                     112 	.db #0x00	; 0
      000036 68                     113 	.db #0x68	; 104	'h'
      000037 88                     114 	.db #0x88	; 136
      000038 A8                     115 	.db #0xa8	; 168
      000039 6C                     116 	.db #0x6c	; 108	'l'
      00003A 00                     117 	.db #0x00	; 0
      00003B FC                     118 	.db #0xfc	; 252
      00003C C0                     119 	.db #0xc0	; 192
      00003D 40                     120 	.db #0x40	; 64
      00003E 40                     121 	.db #0x40	; 64
      00003F 40                     122 	.db #0x40	; 64
      000040 40                     123 	.db #0x40	; 64
      000041 40                     124 	.db #0x40	; 64
      000042 40                     125 	.db #0x40	; 64
      000043 C0                     126 	.db #0xc0	; 192
      000044 00                     127 	.db #0x00	; 0
      000045 00                     128 	.db #0x00	; 0
      000046 00                     129 	.db #0x00	; 0
      000047 30                     130 	.db #0x30	; 48	'0'
      000048 30                     131 	.db #0x30	; 48	'0'
      000049 00                     132 	.db #0x00	; 0
      00004A 00                     133 	.db #0x00	; 0
      00004B 00                     134 	.db #0x00	; 0
      00004C 00                     135 	.db #0x00	; 0
      00004D 00                     136 	.db #0x00	; 0
      00004E 30                     137 	.db #0x30	; 48	'0'
      00004F 48                     138 	.db #0x48	; 72	'H'
      000050 48                     139 	.db #0x48	; 72	'H'
      000051 30                     140 	.db #0x30	; 48	'0'
      000052 00                     141 	.db #0x00	; 0
      000053 00                     142 	.db #0x00	; 0
      000054 00                     143 	.db #0x00	; 0
      000055 30                     144 	.db #0x30	; 48	'0'
      000056 48                     145 	.db #0x48	; 72	'H'
      000057 84                     146 	.db #0x84	; 132
      000058 84                     147 	.db #0x84	; 132
      000059 48                     148 	.db #0x48	; 72	'H'
      00005A 30                     149 	.db #0x30	; 48	'0'
      00005B 00                     150 	.db #0x00	; 0
      00005C 00                     151 	.db #0x00	; 0
      00005D 30                     152 	.db #0x30	; 48	'0'
      00005E 78                     153 	.db #0x78	; 120	'x'
      00005F FC                     154 	.db #0xfc	; 252
      000060 FC                     155 	.db #0xfc	; 252
      000061 78                     156 	.db #0x78	; 120	'x'
      000062 30                     157 	.db #0x30	; 48	'0'
      000063 00                     158 	.db #0x00	; 0
      000064 00                     159 	.db #0x00	; 0
      000065 FC                     160 	.db #0xfc	; 252
      000066 84                     161 	.db #0x84	; 132
      000067 84                     162 	.db #0x84	; 132
      000068 84                     163 	.db #0x84	; 132
      000069 84                     164 	.db #0x84	; 132
      00006A FC                     165 	.db #0xfc	; 252
      00006B 00                     166 	.db #0x00	; 0
      00006C 00                     167 	.db #0x00	; 0
      00006D FC                     168 	.db #0xfc	; 252
      00006E 84                     169 	.db #0x84	; 132
      00006F B4                     170 	.db #0xb4	; 180
      000070 B4                     171 	.db #0xb4	; 180
      000071 84                     172 	.db #0x84	; 132
      000072 FC                     173 	.db #0xfc	; 252
      000073 00                     174 	.db #0x00	; 0
      000074 81                     175 	.db #0x81	; 129
      000075 42                     176 	.db #0x42	; 66	'B'
      000076 24                     177 	.db #0x24	; 36
      000077 18                     178 	.db #0x18	; 24
      000078 18                     179 	.db #0x18	; 24
      000079 24                     180 	.db #0x24	; 36
      00007A 42                     181 	.db #0x42	; 66	'B'
      00007B 81                     182 	.db #0x81	; 129
      00007C 08                     183 	.db #0x08	; 8
      00007D 44                     184 	.db #0x44	; 68	'D'
      00007E D4                     185 	.db #0xd4	; 212
      00007F D4                     186 	.db #0xd4	; 212
      000080 D4                     187 	.db #0xd4	; 212
      000081 44                     188 	.db #0x44	; 68	'D'
      000082 08                     189 	.db #0x08	; 8
      000083 00                     190 	.db #0x00	; 0
      000084 00                     191 	.db #0x00	; 0
      000085 40                     192 	.db #0x40	; 64
      000086 D4                     193 	.db #0xd4	; 212
      000087 C8                     194 	.db #0xc8	; 200
      000088 D4                     195 	.db #0xd4	; 212
      000089 40                     196 	.db #0x40	; 64
      00008A 00                     197 	.db #0x00	; 0
      00008B 00                     198 	.db #0x00	; 0
      00008C 81                     199 	.db #0x81	; 129
      00008D 42                     200 	.db #0x42	; 66	'B'
      00008E 24                     201 	.db #0x24	; 36
      00008F 18                     202 	.db #0x18	; 24
      000090 18                     203 	.db #0x18	; 24
      000091 24                     204 	.db #0x24	; 36
      000092 42                     205 	.db #0x42	; 66	'B'
      000093 81                     206 	.db #0x81	; 129
      000094 10                     207 	.db #0x10	; 16
      000095 10                     208 	.db #0x10	; 16
      000096 10                     209 	.db #0x10	; 16
      000097 FF                     210 	.db #0xff	; 255
      000098 00                     211 	.db #0x00	; 0
      000099 00                     212 	.db #0x00	; 0
      00009A 00                     213 	.db #0x00	; 0
      00009B 00                     214 	.db #0x00	; 0
      00009C 00                     215 	.db #0x00	; 0
      00009D 00                     216 	.db #0x00	; 0
      00009E 00                     217 	.db #0x00	; 0
      00009F FF                     218 	.db #0xff	; 255
      0000A0 10                     219 	.db #0x10	; 16
      0000A1 10                     220 	.db #0x10	; 16
      0000A2 10                     221 	.db #0x10	; 16
      0000A3 10                     222 	.db #0x10	; 16
      0000A4 10                     223 	.db #0x10	; 16
      0000A5 10                     224 	.db #0x10	; 16
      0000A6 10                     225 	.db #0x10	; 16
      0000A7 F0                     226 	.db #0xf0	; 240
      0000A8 10                     227 	.db #0x10	; 16
      0000A9 10                     228 	.db #0x10	; 16
      0000AA 10                     229 	.db #0x10	; 16
      0000AB 10                     230 	.db #0x10	; 16
      0000AC 20                     231 	.db #0x20	; 32
      0000AD 20                     232 	.db #0x20	; 32
      0000AE 20                     233 	.db #0x20	; 32
      0000AF 3F                     234 	.db #0x3f	; 63
      0000B0 20                     235 	.db #0x20	; 32
      0000B1 20                     236 	.db #0x20	; 32
      0000B2 20                     237 	.db #0x20	; 32
      0000B3 20                     238 	.db #0x20	; 32
      0000B4 10                     239 	.db #0x10	; 16
      0000B5 10                     240 	.db #0x10	; 16
      0000B6 10                     241 	.db #0x10	; 16
      0000B7 FF                     242 	.db #0xff	; 255
      0000B8 10                     243 	.db #0x10	; 16
      0000B9 10                     244 	.db #0x10	; 16
      0000BA 10                     245 	.db #0x10	; 16
      0000BB 10                     246 	.db #0x10	; 16
      0000BC 10                     247 	.db #0x10	; 16
      0000BD 10                     248 	.db #0x10	; 16
      0000BE 10                     249 	.db #0x10	; 16
      0000BF 10                     250 	.db #0x10	; 16
      0000C0 10                     251 	.db #0x10	; 16
      0000C1 10                     252 	.db #0x10	; 16
      0000C2 10                     253 	.db #0x10	; 16
      0000C3 10                     254 	.db #0x10	; 16
      0000C4 00                     255 	.db #0x00	; 0
      0000C5 00                     256 	.db #0x00	; 0
      0000C6 00                     257 	.db #0x00	; 0
      0000C7 FF                     258 	.db #0xff	; 255
      0000C8 00                     259 	.db #0x00	; 0
      0000C9 00                     260 	.db #0x00	; 0
      0000CA 00                     261 	.db #0x00	; 0
      0000CB 00                     262 	.db #0x00	; 0
      0000CC 00                     263 	.db #0x00	; 0
      0000CD 00                     264 	.db #0x00	; 0
      0000CE 00                     265 	.db #0x00	; 0
      0000CF 1F                     266 	.db #0x1f	; 31
      0000D0 10                     267 	.db #0x10	; 16
      0000D1 10                     268 	.db #0x10	; 16
      0000D2 10                     269 	.db #0x10	; 16
      0000D3 10                     270 	.db #0x10	; 16
      0000D4 00                     271 	.db #0x00	; 0
      0000D5 00                     272 	.db #0x00	; 0
      0000D6 00                     273 	.db #0x00	; 0
      0000D7 F0                     274 	.db #0xf0	; 240
      0000D8 10                     275 	.db #0x10	; 16
      0000D9 10                     276 	.db #0x10	; 16
      0000DA 10                     277 	.db #0x10	; 16
      0000DB 10                     278 	.db #0x10	; 16
      0000DC 10                     279 	.db #0x10	; 16
      0000DD 10                     280 	.db #0x10	; 16
      0000DE 10                     281 	.db #0x10	; 16
      0000DF 1F                     282 	.db #0x1f	; 31
      0000E0 00                     283 	.db #0x00	; 0
      0000E1 00                     284 	.db #0x00	; 0
      0000E2 00                     285 	.db #0x00	; 0
      0000E3 00                     286 	.db #0x00	; 0
      0000E4 10                     287 	.db #0x10	; 16
      0000E5 10                     288 	.db #0x10	; 16
      0000E6 10                     289 	.db #0x10	; 16
      0000E7 F0                     290 	.db #0xf0	; 240
      0000E8 00                     291 	.db #0x00	; 0
      0000E9 00                     292 	.db #0x00	; 0
      0000EA 00                     293 	.db #0x00	; 0
      0000EB 00                     294 	.db #0x00	; 0
      0000EC 00                     295 	.db #0x00	; 0
      0000ED 00                     296 	.db #0x00	; 0
      0000EE 00                     297 	.db #0x00	; 0
      0000EF AA                     298 	.db #0xaa	; 170
      0000F0 00                     299 	.db #0x00	; 0
      0000F1 00                     300 	.db #0x00	; 0
      0000F2 00                     301 	.db #0x00	; 0
      0000F3 00                     302 	.db #0x00	; 0
      0000F4 10                     303 	.db #0x10	; 16
      0000F5 00                     304 	.db #0x00	; 0
      0000F6 10                     305 	.db #0x10	; 16
      0000F7 00                     306 	.db #0x00	; 0
      0000F8 10                     307 	.db #0x10	; 16
      0000F9 00                     308 	.db #0x00	; 0
      0000FA 10                     309 	.db #0x10	; 16
      0000FB 00                     310 	.db #0x00	; 0
      0000FC 04                     311 	.db #0x04	; 4
      0000FD 08                     312 	.db #0x08	; 8
      0000FE 08                     313 	.db #0x08	; 8
      0000FF 10                     314 	.db #0x10	; 16
      000100 20                     315 	.db #0x20	; 32
      000101 40                     316 	.db #0x40	; 64
      000102 40                     317 	.db #0x40	; 64
      000103 80                     318 	.db #0x80	; 128
      000104 80                     319 	.db #0x80	; 128
      000105 40                     320 	.db #0x40	; 64
      000106 40                     321 	.db #0x40	; 64
      000107 20                     322 	.db #0x20	; 32
      000108 10                     323 	.db #0x10	; 16
      000109 08                     324 	.db #0x08	; 8
      00010A 08                     325 	.db #0x08	; 8
      00010B 04                     326 	.db #0x04	; 4
      00010C 00                     327 	.db #0x00	; 0
      00010D 00                     328 	.db #0x00	; 0
      00010E 00                     329 	.db #0x00	; 0
      00010F 00                     330 	.db #0x00	; 0
      000110 00                     331 	.db #0x00	; 0
      000111 00                     332 	.db #0x00	; 0
      000112 00                     333 	.db #0x00	; 0
      000113 00                     334 	.db #0x00	; 0
      000114 20                     335 	.db #0x20	; 32
      000115 20                     336 	.db #0x20	; 32
      000116 20                     337 	.db #0x20	; 32
      000117 20                     338 	.db #0x20	; 32
      000118 20                     339 	.db #0x20	; 32
      000119 00                     340 	.db #0x00	; 0
      00011A 20                     341 	.db #0x20	; 32
      00011B 00                     342 	.db #0x00	; 0
      00011C 24                     343 	.db #0x24	; 36
      00011D 24                     344 	.db #0x24	; 36
      00011E 48                     345 	.db #0x48	; 72	'H'
      00011F 00                     346 	.db #0x00	; 0
      000120 00                     347 	.db #0x00	; 0
      000121 00                     348 	.db #0x00	; 0
      000122 00                     349 	.db #0x00	; 0
      000123 00                     350 	.db #0x00	; 0
      000124 28                     351 	.db #0x28	; 40
      000125 7C                     352 	.db #0x7c	; 124
      000126 28                     353 	.db #0x28	; 40
      000127 28                     354 	.db #0x28	; 40
      000128 28                     355 	.db #0x28	; 40
      000129 7C                     356 	.db #0x7c	; 124
      00012A 28                     357 	.db #0x28	; 40
      00012B 00                     358 	.db #0x00	; 0
      00012C 10                     359 	.db #0x10	; 16
      00012D 38                     360 	.db #0x38	; 56	'8'
      00012E 50                     361 	.db #0x50	; 80	'P'
      00012F 38                     362 	.db #0x38	; 56	'8'
      000130 14                     363 	.db #0x14	; 20
      000131 54                     364 	.db #0x54	; 84	'T'
      000132 38                     365 	.db #0x38	; 56	'8'
      000133 10                     366 	.db #0x10	; 16
      000134 64                     367 	.db #0x64	; 100	'd'
      000135 68                     368 	.db #0x68	; 104	'h'
      000136 08                     369 	.db #0x08	; 8
      000137 10                     370 	.db #0x10	; 16
      000138 20                     371 	.db #0x20	; 32
      000139 2C                     372 	.db #0x2c	; 44
      00013A 4C                     373 	.db #0x4c	; 76	'L'
      00013B 00                     374 	.db #0x00	; 0
      00013C 30                     375 	.db #0x30	; 48	'0'
      00013D 48                     376 	.db #0x48	; 72	'H'
      00013E 48                     377 	.db #0x48	; 72	'H'
      00013F 30                     378 	.db #0x30	; 48	'0'
      000140 54                     379 	.db #0x54	; 84	'T'
      000141 48                     380 	.db #0x48	; 72	'H'
      000142 34                     381 	.db #0x34	; 52	'4'
      000143 00                     382 	.db #0x00	; 0
      000144 10                     383 	.db #0x10	; 16
      000145 10                     384 	.db #0x10	; 16
      000146 20                     385 	.db #0x20	; 32
      000147 00                     386 	.db #0x00	; 0
      000148 00                     387 	.db #0x00	; 0
      000149 00                     388 	.db #0x00	; 0
      00014A 00                     389 	.db #0x00	; 0
      00014B 00                     390 	.db #0x00	; 0
      00014C 08                     391 	.db #0x08	; 8
      00014D 10                     392 	.db #0x10	; 16
      00014E 10                     393 	.db #0x10	; 16
      00014F 10                     394 	.db #0x10	; 16
      000150 10                     395 	.db #0x10	; 16
      000151 10                     396 	.db #0x10	; 16
      000152 08                     397 	.db #0x08	; 8
      000153 00                     398 	.db #0x00	; 0
      000154 10                     399 	.db #0x10	; 16
      000155 08                     400 	.db #0x08	; 8
      000156 08                     401 	.db #0x08	; 8
      000157 08                     402 	.db #0x08	; 8
      000158 08                     403 	.db #0x08	; 8
      000159 08                     404 	.db #0x08	; 8
      00015A 10                     405 	.db #0x10	; 16
      00015B 00                     406 	.db #0x00	; 0
      00015C 00                     407 	.db #0x00	; 0
      00015D 00                     408 	.db #0x00	; 0
      00015E 28                     409 	.db #0x28	; 40
      00015F 10                     410 	.db #0x10	; 16
      000160 28                     411 	.db #0x28	; 40
      000161 00                     412 	.db #0x00	; 0
      000162 00                     413 	.db #0x00	; 0
      000163 00                     414 	.db #0x00	; 0
      000164 00                     415 	.db #0x00	; 0
      000165 10                     416 	.db #0x10	; 16
      000166 10                     417 	.db #0x10	; 16
      000167 7C                     418 	.db #0x7c	; 124
      000168 10                     419 	.db #0x10	; 16
      000169 10                     420 	.db #0x10	; 16
      00016A 00                     421 	.db #0x00	; 0
      00016B 00                     422 	.db #0x00	; 0
      00016C 00                     423 	.db #0x00	; 0
      00016D 00                     424 	.db #0x00	; 0
      00016E 00                     425 	.db #0x00	; 0
      00016F 00                     426 	.db #0x00	; 0
      000170 00                     427 	.db #0x00	; 0
      000171 10                     428 	.db #0x10	; 16
      000172 10                     429 	.db #0x10	; 16
      000173 20                     430 	.db #0x20	; 32
      000174 00                     431 	.db #0x00	; 0
      000175 00                     432 	.db #0x00	; 0
      000176 00                     433 	.db #0x00	; 0
      000177 7C                     434 	.db #0x7c	; 124
      000178 00                     435 	.db #0x00	; 0
      000179 00                     436 	.db #0x00	; 0
      00017A 00                     437 	.db #0x00	; 0
      00017B 00                     438 	.db #0x00	; 0
      00017C 00                     439 	.db #0x00	; 0
      00017D 00                     440 	.db #0x00	; 0
      00017E 00                     441 	.db #0x00	; 0
      00017F 00                     442 	.db #0x00	; 0
      000180 00                     443 	.db #0x00	; 0
      000181 00                     444 	.db #0x00	; 0
      000182 20                     445 	.db #0x20	; 32
      000183 00                     446 	.db #0x00	; 0
      000184 04                     447 	.db #0x04	; 4
      000185 08                     448 	.db #0x08	; 8
      000186 08                     449 	.db #0x08	; 8
      000187 10                     450 	.db #0x10	; 16
      000188 20                     451 	.db #0x20	; 32
      000189 20                     452 	.db #0x20	; 32
      00018A 40                     453 	.db #0x40	; 64
      00018B 00                     454 	.db #0x00	; 0
      00018C 38                     455 	.db #0x38	; 56	'8'
      00018D 44                     456 	.db #0x44	; 68	'D'
      00018E 4C                     457 	.db #0x4c	; 76	'L'
      00018F 54                     458 	.db #0x54	; 84	'T'
      000190 64                     459 	.db #0x64	; 100	'd'
      000191 44                     460 	.db #0x44	; 68	'D'
      000192 38                     461 	.db #0x38	; 56	'8'
      000193 00                     462 	.db #0x00	; 0
      000194 10                     463 	.db #0x10	; 16
      000195 30                     464 	.db #0x30	; 48	'0'
      000196 50                     465 	.db #0x50	; 80	'P'
      000197 10                     466 	.db #0x10	; 16
      000198 10                     467 	.db #0x10	; 16
      000199 10                     468 	.db #0x10	; 16
      00019A 7C                     469 	.db #0x7c	; 124
      00019B 00                     470 	.db #0x00	; 0
      00019C 38                     471 	.db #0x38	; 56	'8'
      00019D 44                     472 	.db #0x44	; 68	'D'
      00019E 04                     473 	.db #0x04	; 4
      00019F 18                     474 	.db #0x18	; 24
      0001A0 20                     475 	.db #0x20	; 32
      0001A1 40                     476 	.db #0x40	; 64
      0001A2 7C                     477 	.db #0x7c	; 124
      0001A3 00                     478 	.db #0x00	; 0
      0001A4 38                     479 	.db #0x38	; 56	'8'
      0001A5 44                     480 	.db #0x44	; 68	'D'
      0001A6 04                     481 	.db #0x04	; 4
      0001A7 18                     482 	.db #0x18	; 24
      0001A8 04                     483 	.db #0x04	; 4
      0001A9 44                     484 	.db #0x44	; 68	'D'
      0001AA 38                     485 	.db #0x38	; 56	'8'
      0001AB 00                     486 	.db #0x00	; 0
      0001AC 10                     487 	.db #0x10	; 16
      0001AD 20                     488 	.db #0x20	; 32
      0001AE 48                     489 	.db #0x48	; 72	'H'
      0001AF 7C                     490 	.db #0x7c	; 124
      0001B0 08                     491 	.db #0x08	; 8
      0001B1 08                     492 	.db #0x08	; 8
      0001B2 08                     493 	.db #0x08	; 8
      0001B3 00                     494 	.db #0x00	; 0
      0001B4 7C                     495 	.db #0x7c	; 124
      0001B5 40                     496 	.db #0x40	; 64
      0001B6 78                     497 	.db #0x78	; 120	'x'
      0001B7 04                     498 	.db #0x04	; 4
      0001B8 04                     499 	.db #0x04	; 4
      0001B9 44                     500 	.db #0x44	; 68	'D'
      0001BA 38                     501 	.db #0x38	; 56	'8'
      0001BB 00                     502 	.db #0x00	; 0
      0001BC 38                     503 	.db #0x38	; 56	'8'
      0001BD 44                     504 	.db #0x44	; 68	'D'
      0001BE 40                     505 	.db #0x40	; 64
      0001BF 78                     506 	.db #0x78	; 120	'x'
      0001C0 44                     507 	.db #0x44	; 68	'D'
      0001C1 44                     508 	.db #0x44	; 68	'D'
      0001C2 38                     509 	.db #0x38	; 56	'8'
      0001C3 00                     510 	.db #0x00	; 0
      0001C4 7C                     511 	.db #0x7c	; 124
      0001C5 04                     512 	.db #0x04	; 4
      0001C6 08                     513 	.db #0x08	; 8
      0001C7 08                     514 	.db #0x08	; 8
      0001C8 10                     515 	.db #0x10	; 16
      0001C9 10                     516 	.db #0x10	; 16
      0001CA 10                     517 	.db #0x10	; 16
      0001CB 00                     518 	.db #0x00	; 0
      0001CC 38                     519 	.db #0x38	; 56	'8'
      0001CD 44                     520 	.db #0x44	; 68	'D'
      0001CE 44                     521 	.db #0x44	; 68	'D'
      0001CF 38                     522 	.db #0x38	; 56	'8'
      0001D0 44                     523 	.db #0x44	; 68	'D'
      0001D1 44                     524 	.db #0x44	; 68	'D'
      0001D2 38                     525 	.db #0x38	; 56	'8'
      0001D3 00                     526 	.db #0x00	; 0
      0001D4 38                     527 	.db #0x38	; 56	'8'
      0001D5 44                     528 	.db #0x44	; 68	'D'
      0001D6 44                     529 	.db #0x44	; 68	'D'
      0001D7 3C                     530 	.db #0x3c	; 60
      0001D8 04                     531 	.db #0x04	; 4
      0001D9 44                     532 	.db #0x44	; 68	'D'
      0001DA 38                     533 	.db #0x38	; 56	'8'
      0001DB 00                     534 	.db #0x00	; 0
      0001DC 00                     535 	.db #0x00	; 0
      0001DD 00                     536 	.db #0x00	; 0
      0001DE 20                     537 	.db #0x20	; 32
      0001DF 00                     538 	.db #0x00	; 0
      0001E0 00                     539 	.db #0x00	; 0
      0001E1 20                     540 	.db #0x20	; 32
      0001E2 00                     541 	.db #0x00	; 0
      0001E3 00                     542 	.db #0x00	; 0
      0001E4 00                     543 	.db #0x00	; 0
      0001E5 00                     544 	.db #0x00	; 0
      0001E6 10                     545 	.db #0x10	; 16
      0001E7 00                     546 	.db #0x00	; 0
      0001E8 00                     547 	.db #0x00	; 0
      0001E9 10                     548 	.db #0x10	; 16
      0001EA 10                     549 	.db #0x10	; 16
      0001EB 20                     550 	.db #0x20	; 32
      0001EC 04                     551 	.db #0x04	; 4
      0001ED 08                     552 	.db #0x08	; 8
      0001EE 10                     553 	.db #0x10	; 16
      0001EF 20                     554 	.db #0x20	; 32
      0001F0 10                     555 	.db #0x10	; 16
      0001F1 08                     556 	.db #0x08	; 8
      0001F2 04                     557 	.db #0x04	; 4
      0001F3 00                     558 	.db #0x00	; 0
      0001F4 00                     559 	.db #0x00	; 0
      0001F5 00                     560 	.db #0x00	; 0
      0001F6 7C                     561 	.db #0x7c	; 124
      0001F7 00                     562 	.db #0x00	; 0
      0001F8 7C                     563 	.db #0x7c	; 124
      0001F9 00                     564 	.db #0x00	; 0
      0001FA 00                     565 	.db #0x00	; 0
      0001FB 00                     566 	.db #0x00	; 0
      0001FC 20                     567 	.db #0x20	; 32
      0001FD 10                     568 	.db #0x10	; 16
      0001FE 08                     569 	.db #0x08	; 8
      0001FF 04                     570 	.db #0x04	; 4
      000200 08                     571 	.db #0x08	; 8
      000201 10                     572 	.db #0x10	; 16
      000202 20                     573 	.db #0x20	; 32
      000203 00                     574 	.db #0x00	; 0
      000204 38                     575 	.db #0x38	; 56	'8'
      000205 44                     576 	.db #0x44	; 68	'D'
      000206 04                     577 	.db #0x04	; 4
      000207 08                     578 	.db #0x08	; 8
      000208 10                     579 	.db #0x10	; 16
      000209 00                     580 	.db #0x00	; 0
      00020A 10                     581 	.db #0x10	; 16
      00020B 00                     582 	.db #0x00	; 0
      00020C 38                     583 	.db #0x38	; 56	'8'
      00020D 44                     584 	.db #0x44	; 68	'D'
      00020E 04                     585 	.db #0x04	; 4
      00020F 34                     586 	.db #0x34	; 52	'4'
      000210 54                     587 	.db #0x54	; 84	'T'
      000211 54                     588 	.db #0x54	; 84	'T'
      000212 38                     589 	.db #0x38	; 56	'8'
      000213 00                     590 	.db #0x00	; 0
      000214 38                     591 	.db #0x38	; 56	'8'
      000215 44                     592 	.db #0x44	; 68	'D'
      000216 44                     593 	.db #0x44	; 68	'D'
      000217 7C                     594 	.db #0x7c	; 124
      000218 44                     595 	.db #0x44	; 68	'D'
      000219 44                     596 	.db #0x44	; 68	'D'
      00021A 44                     597 	.db #0x44	; 68	'D'
      00021B 00                     598 	.db #0x00	; 0
      00021C 78                     599 	.db #0x78	; 120	'x'
      00021D 44                     600 	.db #0x44	; 68	'D'
      00021E 44                     601 	.db #0x44	; 68	'D'
      00021F 78                     602 	.db #0x78	; 120	'x'
      000220 44                     603 	.db #0x44	; 68	'D'
      000221 44                     604 	.db #0x44	; 68	'D'
      000222 78                     605 	.db #0x78	; 120	'x'
      000223 00                     606 	.db #0x00	; 0
      000224 38                     607 	.db #0x38	; 56	'8'
      000225 44                     608 	.db #0x44	; 68	'D'
      000226 40                     609 	.db #0x40	; 64
      000227 40                     610 	.db #0x40	; 64
      000228 40                     611 	.db #0x40	; 64
      000229 44                     612 	.db #0x44	; 68	'D'
      00022A 38                     613 	.db #0x38	; 56	'8'
      00022B 00                     614 	.db #0x00	; 0
      00022C 70                     615 	.db #0x70	; 112	'p'
      00022D 48                     616 	.db #0x48	; 72	'H'
      00022E 44                     617 	.db #0x44	; 68	'D'
      00022F 44                     618 	.db #0x44	; 68	'D'
      000230 44                     619 	.db #0x44	; 68	'D'
      000231 48                     620 	.db #0x48	; 72	'H'
      000232 70                     621 	.db #0x70	; 112	'p'
      000233 00                     622 	.db #0x00	; 0
      000234 7C                     623 	.db #0x7c	; 124
      000235 40                     624 	.db #0x40	; 64
      000236 40                     625 	.db #0x40	; 64
      000237 70                     626 	.db #0x70	; 112	'p'
      000238 40                     627 	.db #0x40	; 64
      000239 40                     628 	.db #0x40	; 64
      00023A 7C                     629 	.db #0x7c	; 124
      00023B 00                     630 	.db #0x00	; 0
      00023C 7C                     631 	.db #0x7c	; 124
      00023D 40                     632 	.db #0x40	; 64
      00023E 40                     633 	.db #0x40	; 64
      00023F 70                     634 	.db #0x70	; 112	'p'
      000240 40                     635 	.db #0x40	; 64
      000241 40                     636 	.db #0x40	; 64
      000242 40                     637 	.db #0x40	; 64
      000243 00                     638 	.db #0x00	; 0
      000244 38                     639 	.db #0x38	; 56	'8'
      000245 40                     640 	.db #0x40	; 64
      000246 40                     641 	.db #0x40	; 64
      000247 4C                     642 	.db #0x4c	; 76	'L'
      000248 44                     643 	.db #0x44	; 68	'D'
      000249 44                     644 	.db #0x44	; 68	'D'
      00024A 38                     645 	.db #0x38	; 56	'8'
      00024B 00                     646 	.db #0x00	; 0
      00024C 44                     647 	.db #0x44	; 68	'D'
      00024D 44                     648 	.db #0x44	; 68	'D'
      00024E 44                     649 	.db #0x44	; 68	'D'
      00024F 7C                     650 	.db #0x7c	; 124
      000250 44                     651 	.db #0x44	; 68	'D'
      000251 44                     652 	.db #0x44	; 68	'D'
      000252 44                     653 	.db #0x44	; 68	'D'
      000253 00                     654 	.db #0x00	; 0
      000254 38                     655 	.db #0x38	; 56	'8'
      000255 10                     656 	.db #0x10	; 16
      000256 10                     657 	.db #0x10	; 16
      000257 10                     658 	.db #0x10	; 16
      000258 10                     659 	.db #0x10	; 16
      000259 10                     660 	.db #0x10	; 16
      00025A 38                     661 	.db #0x38	; 56	'8'
      00025B 00                     662 	.db #0x00	; 0
      00025C 3C                     663 	.db #0x3c	; 60
      00025D 08                     664 	.db #0x08	; 8
      00025E 08                     665 	.db #0x08	; 8
      00025F 08                     666 	.db #0x08	; 8
      000260 08                     667 	.db #0x08	; 8
      000261 48                     668 	.db #0x48	; 72	'H'
      000262 30                     669 	.db #0x30	; 48	'0'
      000263 00                     670 	.db #0x00	; 0
      000264 44                     671 	.db #0x44	; 68	'D'
      000265 48                     672 	.db #0x48	; 72	'H'
      000266 50                     673 	.db #0x50	; 80	'P'
      000267 60                     674 	.db #0x60	; 96
      000268 50                     675 	.db #0x50	; 80	'P'
      000269 48                     676 	.db #0x48	; 72	'H'
      00026A 44                     677 	.db #0x44	; 68	'D'
      00026B 00                     678 	.db #0x00	; 0
      00026C 40                     679 	.db #0x40	; 64
      00026D 40                     680 	.db #0x40	; 64
      00026E 40                     681 	.db #0x40	; 64
      00026F 40                     682 	.db #0x40	; 64
      000270 40                     683 	.db #0x40	; 64
      000271 40                     684 	.db #0x40	; 64
      000272 7C                     685 	.db #0x7c	; 124
      000273 00                     686 	.db #0x00	; 0
      000274 44                     687 	.db #0x44	; 68	'D'
      000275 6C                     688 	.db #0x6c	; 108	'l'
      000276 54                     689 	.db #0x54	; 84	'T'
      000277 44                     690 	.db #0x44	; 68	'D'
      000278 44                     691 	.db #0x44	; 68	'D'
      000279 44                     692 	.db #0x44	; 68	'D'
      00027A 44                     693 	.db #0x44	; 68	'D'
      00027B 00                     694 	.db #0x00	; 0
      00027C 44                     695 	.db #0x44	; 68	'D'
      00027D 64                     696 	.db #0x64	; 100	'd'
      00027E 64                     697 	.db #0x64	; 100	'd'
      00027F 54                     698 	.db #0x54	; 84	'T'
      000280 4C                     699 	.db #0x4c	; 76	'L'
      000281 4C                     700 	.db #0x4c	; 76	'L'
      000282 44                     701 	.db #0x44	; 68	'D'
      000283 00                     702 	.db #0x00	; 0
      000284 38                     703 	.db #0x38	; 56	'8'
      000285 44                     704 	.db #0x44	; 68	'D'
      000286 44                     705 	.db #0x44	; 68	'D'
      000287 44                     706 	.db #0x44	; 68	'D'
      000288 44                     707 	.db #0x44	; 68	'D'
      000289 44                     708 	.db #0x44	; 68	'D'
      00028A 38                     709 	.db #0x38	; 56	'8'
      00028B 00                     710 	.db #0x00	; 0
      00028C 78                     711 	.db #0x78	; 120	'x'
      00028D 44                     712 	.db #0x44	; 68	'D'
      00028E 44                     713 	.db #0x44	; 68	'D'
      00028F 78                     714 	.db #0x78	; 120	'x'
      000290 40                     715 	.db #0x40	; 64
      000291 40                     716 	.db #0x40	; 64
      000292 40                     717 	.db #0x40	; 64
      000293 00                     718 	.db #0x00	; 0
      000294 38                     719 	.db #0x38	; 56	'8'
      000295 44                     720 	.db #0x44	; 68	'D'
      000296 44                     721 	.db #0x44	; 68	'D'
      000297 44                     722 	.db #0x44	; 68	'D'
      000298 54                     723 	.db #0x54	; 84	'T'
      000299 48                     724 	.db #0x48	; 72	'H'
      00029A 34                     725 	.db #0x34	; 52	'4'
      00029B 00                     726 	.db #0x00	; 0
      00029C 78                     727 	.db #0x78	; 120	'x'
      00029D 44                     728 	.db #0x44	; 68	'D'
      00029E 44                     729 	.db #0x44	; 68	'D'
      00029F 78                     730 	.db #0x78	; 120	'x'
      0002A0 44                     731 	.db #0x44	; 68	'D'
      0002A1 44                     732 	.db #0x44	; 68	'D'
      0002A2 44                     733 	.db #0x44	; 68	'D'
      0002A3 00                     734 	.db #0x00	; 0
      0002A4 38                     735 	.db #0x38	; 56	'8'
      0002A5 44                     736 	.db #0x44	; 68	'D'
      0002A6 40                     737 	.db #0x40	; 64
      0002A7 38                     738 	.db #0x38	; 56	'8'
      0002A8 04                     739 	.db #0x04	; 4
      0002A9 44                     740 	.db #0x44	; 68	'D'
      0002AA 38                     741 	.db #0x38	; 56	'8'
      0002AB 00                     742 	.db #0x00	; 0
      0002AC 7C                     743 	.db #0x7c	; 124
      0002AD 10                     744 	.db #0x10	; 16
      0002AE 10                     745 	.db #0x10	; 16
      0002AF 10                     746 	.db #0x10	; 16
      0002B0 10                     747 	.db #0x10	; 16
      0002B1 10                     748 	.db #0x10	; 16
      0002B2 10                     749 	.db #0x10	; 16
      0002B3 00                     750 	.db #0x00	; 0
      0002B4 44                     751 	.db #0x44	; 68	'D'
      0002B5 44                     752 	.db #0x44	; 68	'D'
      0002B6 44                     753 	.db #0x44	; 68	'D'
      0002B7 44                     754 	.db #0x44	; 68	'D'
      0002B8 44                     755 	.db #0x44	; 68	'D'
      0002B9 44                     756 	.db #0x44	; 68	'D'
      0002BA 38                     757 	.db #0x38	; 56	'8'
      0002BB 00                     758 	.db #0x00	; 0
      0002BC 44                     759 	.db #0x44	; 68	'D'
      0002BD 44                     760 	.db #0x44	; 68	'D'
      0002BE 44                     761 	.db #0x44	; 68	'D'
      0002BF 44                     762 	.db #0x44	; 68	'D'
      0002C0 28                     763 	.db #0x28	; 40
      0002C1 28                     764 	.db #0x28	; 40
      0002C2 10                     765 	.db #0x10	; 16
      0002C3 00                     766 	.db #0x00	; 0
      0002C4 44                     767 	.db #0x44	; 68	'D'
      0002C5 44                     768 	.db #0x44	; 68	'D'
      0002C6 44                     769 	.db #0x44	; 68	'D'
      0002C7 44                     770 	.db #0x44	; 68	'D'
      0002C8 54                     771 	.db #0x54	; 84	'T'
      0002C9 54                     772 	.db #0x54	; 84	'T'
      0002CA 28                     773 	.db #0x28	; 40
      0002CB 00                     774 	.db #0x00	; 0
      0002CC 44                     775 	.db #0x44	; 68	'D'
      0002CD 44                     776 	.db #0x44	; 68	'D'
      0002CE 28                     777 	.db #0x28	; 40
      0002CF 10                     778 	.db #0x10	; 16
      0002D0 28                     779 	.db #0x28	; 40
      0002D1 44                     780 	.db #0x44	; 68	'D'
      0002D2 44                     781 	.db #0x44	; 68	'D'
      0002D3 00                     782 	.db #0x00	; 0
      0002D4 44                     783 	.db #0x44	; 68	'D'
      0002D5 44                     784 	.db #0x44	; 68	'D'
      0002D6 28                     785 	.db #0x28	; 40
      0002D7 10                     786 	.db #0x10	; 16
      0002D8 10                     787 	.db #0x10	; 16
      0002D9 10                     788 	.db #0x10	; 16
      0002DA 10                     789 	.db #0x10	; 16
      0002DB 00                     790 	.db #0x00	; 0
      0002DC 7C                     791 	.db #0x7c	; 124
      0002DD 04                     792 	.db #0x04	; 4
      0002DE 08                     793 	.db #0x08	; 8
      0002DF 10                     794 	.db #0x10	; 16
      0002E0 20                     795 	.db #0x20	; 32
      0002E1 40                     796 	.db #0x40	; 64
      0002E2 7C                     797 	.db #0x7c	; 124
      0002E3 00                     798 	.db #0x00	; 0
      0002E4 38                     799 	.db #0x38	; 56	'8'
      0002E5 20                     800 	.db #0x20	; 32
      0002E6 20                     801 	.db #0x20	; 32
      0002E7 20                     802 	.db #0x20	; 32
      0002E8 20                     803 	.db #0x20	; 32
      0002E9 20                     804 	.db #0x20	; 32
      0002EA 38                     805 	.db #0x38	; 56	'8'
      0002EB 00                     806 	.db #0x00	; 0
      0002EC 40                     807 	.db #0x40	; 64
      0002ED 20                     808 	.db #0x20	; 32
      0002EE 20                     809 	.db #0x20	; 32
      0002EF 10                     810 	.db #0x10	; 16
      0002F0 08                     811 	.db #0x08	; 8
      0002F1 08                     812 	.db #0x08	; 8
      0002F2 04                     813 	.db #0x04	; 4
      0002F3 00                     814 	.db #0x00	; 0
      0002F4 38                     815 	.db #0x38	; 56	'8'
      0002F5 08                     816 	.db #0x08	; 8
      0002F6 08                     817 	.db #0x08	; 8
      0002F7 08                     818 	.db #0x08	; 8
      0002F8 08                     819 	.db #0x08	; 8
      0002F9 08                     820 	.db #0x08	; 8
      0002FA 38                     821 	.db #0x38	; 56	'8'
      0002FB 00                     822 	.db #0x00	; 0
      0002FC 10                     823 	.db #0x10	; 16
      0002FD 28                     824 	.db #0x28	; 40
      0002FE 44                     825 	.db #0x44	; 68	'D'
      0002FF 00                     826 	.db #0x00	; 0
      000300 00                     827 	.db #0x00	; 0
      000301 00                     828 	.db #0x00	; 0
      000302 00                     829 	.db #0x00	; 0
      000303 00                     830 	.db #0x00	; 0
      000304 00                     831 	.db #0x00	; 0
      000305 00                     832 	.db #0x00	; 0
      000306 00                     833 	.db #0x00	; 0
      000307 00                     834 	.db #0x00	; 0
      000308 00                     835 	.db #0x00	; 0
      000309 00                     836 	.db #0x00	; 0
      00030A 7C                     837 	.db #0x7c	; 124
      00030B 00                     838 	.db #0x00	; 0
      00030C 20                     839 	.db #0x20	; 32
      00030D 20                     840 	.db #0x20	; 32
      00030E 10                     841 	.db #0x10	; 16
      00030F 00                     842 	.db #0x00	; 0
      000310 00                     843 	.db #0x00	; 0
      000311 00                     844 	.db #0x00	; 0
      000312 00                     845 	.db #0x00	; 0
      000313 00                     846 	.db #0x00	; 0
      000314 00                     847 	.db #0x00	; 0
      000315 00                     848 	.db #0x00	; 0
      000316 38                     849 	.db #0x38	; 56	'8'
      000317 04                     850 	.db #0x04	; 4
      000318 3C                     851 	.db #0x3c	; 60
      000319 44                     852 	.db #0x44	; 68	'D'
      00031A 3C                     853 	.db #0x3c	; 60
      00031B 00                     854 	.db #0x00	; 0
      00031C 40                     855 	.db #0x40	; 64
      00031D 40                     856 	.db #0x40	; 64
      00031E 40                     857 	.db #0x40	; 64
      00031F 78                     858 	.db #0x78	; 120	'x'
      000320 44                     859 	.db #0x44	; 68	'D'
      000321 44                     860 	.db #0x44	; 68	'D'
      000322 78                     861 	.db #0x78	; 120	'x'
      000323 00                     862 	.db #0x00	; 0
      000324 00                     863 	.db #0x00	; 0
      000325 00                     864 	.db #0x00	; 0
      000326 38                     865 	.db #0x38	; 56	'8'
      000327 44                     866 	.db #0x44	; 68	'D'
      000328 40                     867 	.db #0x40	; 64
      000329 44                     868 	.db #0x44	; 68	'D'
      00032A 38                     869 	.db #0x38	; 56	'8'
      00032B 00                     870 	.db #0x00	; 0
      00032C 04                     871 	.db #0x04	; 4
      00032D 04                     872 	.db #0x04	; 4
      00032E 04                     873 	.db #0x04	; 4
      00032F 3C                     874 	.db #0x3c	; 60
      000330 44                     875 	.db #0x44	; 68	'D'
      000331 44                     876 	.db #0x44	; 68	'D'
      000332 3C                     877 	.db #0x3c	; 60
      000333 00                     878 	.db #0x00	; 0
      000334 00                     879 	.db #0x00	; 0
      000335 00                     880 	.db #0x00	; 0
      000336 38                     881 	.db #0x38	; 56	'8'
      000337 44                     882 	.db #0x44	; 68	'D'
      000338 7C                     883 	.db #0x7c	; 124
      000339 40                     884 	.db #0x40	; 64
      00033A 3C                     885 	.db #0x3c	; 60
      00033B 00                     886 	.db #0x00	; 0
      00033C 18                     887 	.db #0x18	; 24
      00033D 24                     888 	.db #0x24	; 36
      00033E 20                     889 	.db #0x20	; 32
      00033F 70                     890 	.db #0x70	; 112	'p'
      000340 20                     891 	.db #0x20	; 32
      000341 20                     892 	.db #0x20	; 32
      000342 20                     893 	.db #0x20	; 32
      000343 00                     894 	.db #0x00	; 0
      000344 00                     895 	.db #0x00	; 0
      000345 00                     896 	.db #0x00	; 0
      000346 3C                     897 	.db #0x3c	; 60
      000347 44                     898 	.db #0x44	; 68	'D'
      000348 44                     899 	.db #0x44	; 68	'D'
      000349 3C                     900 	.db #0x3c	; 60
      00034A 04                     901 	.db #0x04	; 4
      00034B 78                     902 	.db #0x78	; 120	'x'
      00034C 40                     903 	.db #0x40	; 64
      00034D 40                     904 	.db #0x40	; 64
      00034E 40                     905 	.db #0x40	; 64
      00034F 78                     906 	.db #0x78	; 120	'x'
      000350 44                     907 	.db #0x44	; 68	'D'
      000351 44                     908 	.db #0x44	; 68	'D'
      000352 44                     909 	.db #0x44	; 68	'D'
      000353 00                     910 	.db #0x00	; 0
      000354 10                     911 	.db #0x10	; 16
      000355 00                     912 	.db #0x00	; 0
      000356 10                     913 	.db #0x10	; 16
      000357 10                     914 	.db #0x10	; 16
      000358 10                     915 	.db #0x10	; 16
      000359 10                     916 	.db #0x10	; 16
      00035A 18                     917 	.db #0x18	; 24
      00035B 00                     918 	.db #0x00	; 0
      00035C 08                     919 	.db #0x08	; 8
      00035D 00                     920 	.db #0x00	; 0
      00035E 08                     921 	.db #0x08	; 8
      00035F 08                     922 	.db #0x08	; 8
      000360 08                     923 	.db #0x08	; 8
      000361 08                     924 	.db #0x08	; 8
      000362 48                     925 	.db #0x48	; 72	'H'
      000363 30                     926 	.db #0x30	; 48	'0'
      000364 20                     927 	.db #0x20	; 32
      000365 20                     928 	.db #0x20	; 32
      000366 24                     929 	.db #0x24	; 36
      000367 28                     930 	.db #0x28	; 40
      000368 30                     931 	.db #0x30	; 48	'0'
      000369 28                     932 	.db #0x28	; 40
      00036A 24                     933 	.db #0x24	; 36
      00036B 00                     934 	.db #0x00	; 0
      00036C 10                     935 	.db #0x10	; 16
      00036D 10                     936 	.db #0x10	; 16
      00036E 10                     937 	.db #0x10	; 16
      00036F 10                     938 	.db #0x10	; 16
      000370 10                     939 	.db #0x10	; 16
      000371 10                     940 	.db #0x10	; 16
      000372 18                     941 	.db #0x18	; 24
      000373 00                     942 	.db #0x00	; 0
      000374 00                     943 	.db #0x00	; 0
      000375 00                     944 	.db #0x00	; 0
      000376 68                     945 	.db #0x68	; 104	'h'
      000377 54                     946 	.db #0x54	; 84	'T'
      000378 54                     947 	.db #0x54	; 84	'T'
      000379 54                     948 	.db #0x54	; 84	'T'
      00037A 54                     949 	.db #0x54	; 84	'T'
      00037B 00                     950 	.db #0x00	; 0
      00037C 00                     951 	.db #0x00	; 0
      00037D 00                     952 	.db #0x00	; 0
      00037E 58                     953 	.db #0x58	; 88	'X'
      00037F 64                     954 	.db #0x64	; 100	'd'
      000380 44                     955 	.db #0x44	; 68	'D'
      000381 44                     956 	.db #0x44	; 68	'D'
      000382 44                     957 	.db #0x44	; 68	'D'
      000383 00                     958 	.db #0x00	; 0
      000384 00                     959 	.db #0x00	; 0
      000385 00                     960 	.db #0x00	; 0
      000386 38                     961 	.db #0x38	; 56	'8'
      000387 44                     962 	.db #0x44	; 68	'D'
      000388 44                     963 	.db #0x44	; 68	'D'
      000389 44                     964 	.db #0x44	; 68	'D'
      00038A 38                     965 	.db #0x38	; 56	'8'
      00038B 00                     966 	.db #0x00	; 0
      00038C 00                     967 	.db #0x00	; 0
      00038D 00                     968 	.db #0x00	; 0
      00038E 78                     969 	.db #0x78	; 120	'x'
      00038F 44                     970 	.db #0x44	; 68	'D'
      000390 44                     971 	.db #0x44	; 68	'D'
      000391 78                     972 	.db #0x78	; 120	'x'
      000392 40                     973 	.db #0x40	; 64
      000393 40                     974 	.db #0x40	; 64
      000394 00                     975 	.db #0x00	; 0
      000395 00                     976 	.db #0x00	; 0
      000396 3C                     977 	.db #0x3c	; 60
      000397 44                     978 	.db #0x44	; 68	'D'
      000398 44                     979 	.db #0x44	; 68	'D'
      000399 3C                     980 	.db #0x3c	; 60
      00039A 04                     981 	.db #0x04	; 4
      00039B 04                     982 	.db #0x04	; 4
      00039C 00                     983 	.db #0x00	; 0
      00039D 00                     984 	.db #0x00	; 0
      00039E 58                     985 	.db #0x58	; 88	'X'
      00039F 64                     986 	.db #0x64	; 100	'd'
      0003A0 40                     987 	.db #0x40	; 64
      0003A1 40                     988 	.db #0x40	; 64
      0003A2 40                     989 	.db #0x40	; 64
      0003A3 00                     990 	.db #0x00	; 0
      0003A4 00                     991 	.db #0x00	; 0
      0003A5 00                     992 	.db #0x00	; 0
      0003A6 3C                     993 	.db #0x3c	; 60
      0003A7 40                     994 	.db #0x40	; 64
      0003A8 38                     995 	.db #0x38	; 56	'8'
      0003A9 04                     996 	.db #0x04	; 4
      0003AA 78                     997 	.db #0x78	; 120	'x'
      0003AB 00                     998 	.db #0x00	; 0
      0003AC 20                     999 	.db #0x20	; 32
      0003AD 20                    1000 	.db #0x20	; 32
      0003AE 78                    1001 	.db #0x78	; 120	'x'
      0003AF 20                    1002 	.db #0x20	; 32
      0003B0 20                    1003 	.db #0x20	; 32
      0003B1 24                    1004 	.db #0x24	; 36
      0003B2 18                    1005 	.db #0x18	; 24
      0003B3 00                    1006 	.db #0x00	; 0
      0003B4 00                    1007 	.db #0x00	; 0
      0003B5 00                    1008 	.db #0x00	; 0
      0003B6 44                    1009 	.db #0x44	; 68	'D'
      0003B7 44                    1010 	.db #0x44	; 68	'D'
      0003B8 44                    1011 	.db #0x44	; 68	'D'
      0003B9 4C                    1012 	.db #0x4c	; 76	'L'
      0003BA 34                    1013 	.db #0x34	; 52	'4'
      0003BB 00                    1014 	.db #0x00	; 0
      0003BC 00                    1015 	.db #0x00	; 0
      0003BD 00                    1016 	.db #0x00	; 0
      0003BE 44                    1017 	.db #0x44	; 68	'D'
      0003BF 44                    1018 	.db #0x44	; 68	'D'
      0003C0 44                    1019 	.db #0x44	; 68	'D'
      0003C1 28                    1020 	.db #0x28	; 40
      0003C2 10                    1021 	.db #0x10	; 16
      0003C3 00                    1022 	.db #0x00	; 0
      0003C4 00                    1023 	.db #0x00	; 0
      0003C5 00                    1024 	.db #0x00	; 0
      0003C6 44                    1025 	.db #0x44	; 68	'D'
      0003C7 44                    1026 	.db #0x44	; 68	'D'
      0003C8 44                    1027 	.db #0x44	; 68	'D'
      0003C9 54                    1028 	.db #0x54	; 84	'T'
      0003CA 28                    1029 	.db #0x28	; 40
      0003CB 00                    1030 	.db #0x00	; 0
      0003CC 00                    1031 	.db #0x00	; 0
      0003CD 00                    1032 	.db #0x00	; 0
      0003CE 44                    1033 	.db #0x44	; 68	'D'
      0003CF 28                    1034 	.db #0x28	; 40
      0003D0 10                    1035 	.db #0x10	; 16
      0003D1 28                    1036 	.db #0x28	; 40
      0003D2 44                    1037 	.db #0x44	; 68	'D'
      0003D3 00                    1038 	.db #0x00	; 0
      0003D4 00                    1039 	.db #0x00	; 0
      0003D5 00                    1040 	.db #0x00	; 0
      0003D6 44                    1041 	.db #0x44	; 68	'D'
      0003D7 44                    1042 	.db #0x44	; 68	'D'
      0003D8 44                    1043 	.db #0x44	; 68	'D'
      0003D9 3C                    1044 	.db #0x3c	; 60
      0003DA 04                    1045 	.db #0x04	; 4
      0003DB 78                    1046 	.db #0x78	; 120	'x'
      0003DC 00                    1047 	.db #0x00	; 0
      0003DD 00                    1048 	.db #0x00	; 0
      0003DE 7C                    1049 	.db #0x7c	; 124
      0003DF 08                    1050 	.db #0x08	; 8
      0003E0 10                    1051 	.db #0x10	; 16
      0003E1 20                    1052 	.db #0x20	; 32
      0003E2 7C                    1053 	.db #0x7c	; 124
      0003E3 00                    1054 	.db #0x00	; 0
      0003E4 18                    1055 	.db #0x18	; 24
      0003E5 10                    1056 	.db #0x10	; 16
      0003E6 10                    1057 	.db #0x10	; 16
      0003E7 20                    1058 	.db #0x20	; 32
      0003E8 10                    1059 	.db #0x10	; 16
      0003E9 10                    1060 	.db #0x10	; 16
      0003EA 18                    1061 	.db #0x18	; 24
      0003EB 00                    1062 	.db #0x00	; 0
      0003EC 10                    1063 	.db #0x10	; 16
      0003ED 10                    1064 	.db #0x10	; 16
      0003EE 10                    1065 	.db #0x10	; 16
      0003EF 10                    1066 	.db #0x10	; 16
      0003F0 10                    1067 	.db #0x10	; 16
      0003F1 10                    1068 	.db #0x10	; 16
      0003F2 10                    1069 	.db #0x10	; 16
      0003F3 00                    1070 	.db #0x00	; 0
      0003F4 30                    1071 	.db #0x30	; 48	'0'
      0003F5 10                    1072 	.db #0x10	; 16
      0003F6 10                    1073 	.db #0x10	; 16
      0003F7 08                    1074 	.db #0x08	; 8
      0003F8 10                    1075 	.db #0x10	; 16
      0003F9 10                    1076 	.db #0x10	; 16
      0003FA 30                    1077 	.db #0x30	; 48	'0'
      0003FB 00                    1078 	.db #0x00	; 0
      0003FC 00                    1079 	.db #0x00	; 0
      0003FD 00                    1080 	.db #0x00	; 0
      0003FE 14                    1081 	.db #0x14	; 20
      0003FF 28                    1082 	.db #0x28	; 40
      000400 00                    1083 	.db #0x00	; 0
      000401 00                    1084 	.db #0x00	; 0
      000402 00                    1085 	.db #0x00	; 0
      000403 00                    1086 	.db #0x00	; 0
      000404 81                    1087 	.db #0x81	; 129
      000405 42                    1088 	.db #0x42	; 66	'B'
      000406 24                    1089 	.db #0x24	; 36
      000407 18                    1090 	.db #0x18	; 24
      000408 18                    1091 	.db #0x18	; 24
      000409 24                    1092 	.db #0x24	; 36
      00040A 42                    1093 	.db #0x42	; 66	'B'
      00040B 81                    1094 	.db #0x81	; 129
      00040C 00                    1095 	.db #0x00	; 0
      00040D 20                    1096 	.db #0x20	; 32
      00040E 30                    1097 	.db #0x30	; 48	'0'
      00040F 38                    1098 	.db #0x38	; 56	'8'
      000410 30                    1099 	.db #0x30	; 48	'0'
      000411 20                    1100 	.db #0x20	; 32
      000412 00                    1101 	.db #0x00	; 0
      000413 00                    1102 	.db #0x00	; 0
      000414 00                    1103 	.db #0x00	; 0
      000415 08                    1104 	.db #0x08	; 8
      000416 18                    1105 	.db #0x18	; 24
      000417 38                    1106 	.db #0x38	; 56	'8'
      000418 18                    1107 	.db #0x18	; 24
      000419 08                    1108 	.db #0x08	; 8
      00041A 00                    1109 	.db #0x00	; 0
      00041B 00                    1110 	.db #0x00	; 0
      00041C 10                    1111 	.db #0x10	; 16
      00041D 38                    1112 	.db #0x38	; 56	'8'
      00041E 7C                    1113 	.db #0x7c	; 124
      00041F 00                    1114 	.db #0x00	; 0
      000420 7C                    1115 	.db #0x7c	; 124
      000421 38                    1116 	.db #0x38	; 56	'8'
      000422 10                    1117 	.db #0x10	; 16
      000423 00                    1118 	.db #0x00	; 0
      000424 00                    1119 	.db #0x00	; 0
      000425 00                    1120 	.db #0x00	; 0
      000426 00                    1121 	.db #0x00	; 0
      000427 00                    1122 	.db #0x00	; 0
      000428 00                    1123 	.db #0x00	; 0
      000429 44                    1124 	.db #0x44	; 68	'D'
      00042A 7C                    1125 	.db #0x7c	; 124
      00042B 00                    1126 	.db #0x00	; 0
      00042C 04                    1127 	.db #0x04	; 4
      00042D 24                    1128 	.db #0x24	; 36
      00042E 64                    1129 	.db #0x64	; 100	'd'
      00042F FC                    1130 	.db #0xfc	; 252
      000430 60                    1131 	.db #0x60	; 96
      000431 20                    1132 	.db #0x20	; 32
      000432 00                    1133 	.db #0x00	; 0
      000433 00                    1134 	.db #0x00	; 0
      000434 00                    1135 	.db #0x00	; 0
      000435 24                    1136 	.db #0x24	; 36
      000436 64                    1137 	.db #0x64	; 100	'd'
      000437 FC                    1138 	.db #0xfc	; 252
      000438 64                    1139 	.db #0x64	; 100	'd'
      000439 24                    1140 	.db #0x24	; 36
      00043A 00                    1141 	.db #0x00	; 0
      00043B 00                    1142 	.db #0x00	; 0
      00043C 10                    1143 	.db #0x10	; 16
      00043D 38                    1144 	.db #0x38	; 56	'8'
      00043E 7C                    1145 	.db #0x7c	; 124
      00043F 10                    1146 	.db #0x10	; 16
      000440 10                    1147 	.db #0x10	; 16
      000441 7C                    1148 	.db #0x7c	; 124
      000442 10                    1149 	.db #0x10	; 16
      000443 7C                    1150 	.db #0x7c	; 124
      000444 7C                    1151 	.db #0x7c	; 124
      000445 10                    1152 	.db #0x10	; 16
      000446 7C                    1153 	.db #0x7c	; 124
      000447 10                    1154 	.db #0x10	; 16
      000448 10                    1155 	.db #0x10	; 16
      000449 7C                    1156 	.db #0x7c	; 124
      00044A 38                    1157 	.db #0x38	; 56	'8'
      00044B 10                    1158 	.db #0x10	; 16
      00044C 00                    1159 	.db #0x00	; 0
      00044D 30                    1160 	.db #0x30	; 48	'0'
      00044E 78                    1161 	.db #0x78	; 120	'x'
      00044F FC                    1162 	.db #0xfc	; 252
      000450 30                    1163 	.db #0x30	; 48	'0'
      000451 30                    1164 	.db #0x30	; 48	'0'
      000452 30                    1165 	.db #0x30	; 48	'0'
      000453 00                    1166 	.db #0x00	; 0
      000454 00                    1167 	.db #0x00	; 0
      000455 30                    1168 	.db #0x30	; 48	'0'
      000456 30                    1169 	.db #0x30	; 48	'0'
      000457 30                    1170 	.db #0x30	; 48	'0'
      000458 FC                    1171 	.db #0xfc	; 252
      000459 78                    1172 	.db #0x78	; 120	'x'
      00045A 30                    1173 	.db #0x30	; 48	'0'
      00045B 00                    1174 	.db #0x00	; 0
      00045C 00                    1175 	.db #0x00	; 0
      00045D 10                    1176 	.db #0x10	; 16
      00045E 18                    1177 	.db #0x18	; 24
      00045F FC                    1178 	.db #0xfc	; 252
      000460 FC                    1179 	.db #0xfc	; 252
      000461 18                    1180 	.db #0x18	; 24
      000462 10                    1181 	.db #0x10	; 16
      000463 00                    1182 	.db #0x00	; 0
      000464 00                    1183 	.db #0x00	; 0
      000465 20                    1184 	.db #0x20	; 32
      000466 60                    1185 	.db #0x60	; 96
      000467 FC                    1186 	.db #0xfc	; 252
      000468 FC                    1187 	.db #0xfc	; 252
      000469 60                    1188 	.db #0x60	; 96
      00046A 20                    1189 	.db #0x20	; 32
      00046B 00                    1190 	.db #0x00	; 0
      00046C 81                    1191 	.db #0x81	; 129
      00046D 42                    1192 	.db #0x42	; 66	'B'
      00046E 24                    1193 	.db #0x24	; 36
      00046F 18                    1194 	.db #0x18	; 24
      000470 18                    1195 	.db #0x18	; 24
      000471 24                    1196 	.db #0x24	; 36
      000472 42                    1197 	.db #0x42	; 66	'B'
      000473 81                    1198 	.db #0x81	; 129
      000474 00                    1199 	.db #0x00	; 0
      000475 00                    1200 	.db #0x00	; 0
      000476 28                    1201 	.db #0x28	; 40
      000477 6C                    1202 	.db #0x6c	; 108	'l'
      000478 6C                    1203 	.db #0x6c	; 108	'l'
      000479 28                    1204 	.db #0x28	; 40
      00047A 00                    1205 	.db #0x00	; 0
      00047B 00                    1206 	.db #0x00	; 0
      00047C 00                    1207 	.db #0x00	; 0
      00047D 00                    1208 	.db #0x00	; 0
      00047E 10                    1209 	.db #0x10	; 16
      00047F 38                    1210 	.db #0x38	; 56	'8'
      000480 7C                    1211 	.db #0x7c	; 124
      000481 00                    1212 	.db #0x00	; 0
      000482 00                    1213 	.db #0x00	; 0
      000483 00                    1214 	.db #0x00	; 0
      000484 00                    1215 	.db #0x00	; 0
      000485 00                    1216 	.db #0x00	; 0
      000486 7C                    1217 	.db #0x7c	; 124
      000487 38                    1218 	.db #0x38	; 56	'8'
      000488 10                    1219 	.db #0x10	; 16
      000489 00                    1220 	.db #0x00	; 0
      00048A 00                    1221 	.db #0x00	; 0
      00048B 00                    1222 	.db #0x00	; 0
      00048C 81                    1223 	.db #0x81	; 129
      00048D 42                    1224 	.db #0x42	; 66	'B'
      00048E 24                    1225 	.db #0x24	; 36
      00048F 18                    1226 	.db #0x18	; 24
      000490 18                    1227 	.db #0x18	; 24
      000491 24                    1228 	.db #0x24	; 36
      000492 42                    1229 	.db #0x42	; 66	'B'
      000493 81                    1230 	.db #0x81	; 129
      000494 28                    1231 	.db #0x28	; 40
      000495 28                    1232 	.db #0x28	; 40
      000496 EF                    1233 	.db #0xef	; 239
      000497 00                    1234 	.db #0x00	; 0
      000498 FF                    1235 	.db #0xff	; 255
      000499 00                    1236 	.db #0x00	; 0
      00049A 00                    1237 	.db #0x00	; 0
      00049B 00                    1238 	.db #0x00	; 0
      00049C 00                    1239 	.db #0x00	; 0
      00049D 00                    1240 	.db #0x00	; 0
      00049E FF                    1241 	.db #0xff	; 255
      00049F 00                    1242 	.db #0x00	; 0
      0004A0 EF                    1243 	.db #0xef	; 239
      0004A1 28                    1244 	.db #0x28	; 40
      0004A2 28                    1245 	.db #0x28	; 40
      0004A3 28                    1246 	.db #0x28	; 40
      0004A4 28                    1247 	.db #0x28	; 40
      0004A5 28                    1248 	.db #0x28	; 40
      0004A6 E8                    1249 	.db #0xe8	; 232
      0004A7 08                    1250 	.db #0x08	; 8
      0004A8 E8                    1251 	.db #0xe8	; 232
      0004A9 28                    1252 	.db #0x28	; 40
      0004AA 28                    1253 	.db #0x28	; 40
      0004AB 28                    1254 	.db #0x28	; 40
      0004AC 50                    1255 	.db #0x50	; 80	'P'
      0004AD 50                    1256 	.db #0x50	; 80	'P'
      0004AE 5F                    1257 	.db #0x5f	; 95
      0004AF 40                    1258 	.db #0x40	; 64
      0004B0 5F                    1259 	.db #0x5f	; 95
      0004B1 50                    1260 	.db #0x50	; 80	'P'
      0004B2 50                    1261 	.db #0x50	; 80	'P'
      0004B3 50                    1262 	.db #0x50	; 80	'P'
      0004B4 28                    1263 	.db #0x28	; 40
      0004B5 28                    1264 	.db #0x28	; 40
      0004B6 EF                    1265 	.db #0xef	; 239
      0004B7 00                    1266 	.db #0x00	; 0
      0004B8 EF                    1267 	.db #0xef	; 239
      0004B9 28                    1268 	.db #0x28	; 40
      0004BA 28                    1269 	.db #0x28	; 40
      0004BB 28                    1270 	.db #0x28	; 40
      0004BC 28                    1271 	.db #0x28	; 40
      0004BD 28                    1272 	.db #0x28	; 40
      0004BE 28                    1273 	.db #0x28	; 40
      0004BF 28                    1274 	.db #0x28	; 40
      0004C0 28                    1275 	.db #0x28	; 40
      0004C1 28                    1276 	.db #0x28	; 40
      0004C2 28                    1277 	.db #0x28	; 40
      0004C3 28                    1278 	.db #0x28	; 40
      0004C4 00                    1279 	.db #0x00	; 0
      0004C5 00                    1280 	.db #0x00	; 0
      0004C6 FF                    1281 	.db #0xff	; 255
      0004C7 00                    1282 	.db #0x00	; 0
      0004C8 FF                    1283 	.db #0xff	; 255
      0004C9 00                    1284 	.db #0x00	; 0
      0004CA 00                    1285 	.db #0x00	; 0
      0004CB 00                    1286 	.db #0x00	; 0
      0004CC 00                    1287 	.db #0x00	; 0
      0004CD 00                    1288 	.db #0x00	; 0
      0004CE 3F                    1289 	.db #0x3f	; 63
      0004CF 20                    1290 	.db #0x20	; 32
      0004D0 2F                    1291 	.db #0x2f	; 47
      0004D1 28                    1292 	.db #0x28	; 40
      0004D2 28                    1293 	.db #0x28	; 40
      0004D3 28                    1294 	.db #0x28	; 40
      0004D4 00                    1295 	.db #0x00	; 0
      0004D5 00                    1296 	.db #0x00	; 0
      0004D6 F8                    1297 	.db #0xf8	; 248
      0004D7 08                    1298 	.db #0x08	; 8
      0004D8 E8                    1299 	.db #0xe8	; 232
      0004D9 28                    1300 	.db #0x28	; 40
      0004DA 28                    1301 	.db #0x28	; 40
      0004DB 28                    1302 	.db #0x28	; 40
      0004DC 28                    1303 	.db #0x28	; 40
      0004DD 28                    1304 	.db #0x28	; 40
      0004DE 2F                    1305 	.db #0x2f	; 47
      0004DF 20                    1306 	.db #0x20	; 32
      0004E0 3F                    1307 	.db #0x3f	; 63
      0004E1 00                    1308 	.db #0x00	; 0
      0004E2 00                    1309 	.db #0x00	; 0
      0004E3 00                    1310 	.db #0x00	; 0
      0004E4 28                    1311 	.db #0x28	; 40
      0004E5 28                    1312 	.db #0x28	; 40
      0004E6 E8                    1313 	.db #0xe8	; 232
      0004E7 08                    1314 	.db #0x08	; 8
      0004E8 F8                    1315 	.db #0xf8	; 248
      0004E9 00                    1316 	.db #0x00	; 0
      0004EA 00                    1317 	.db #0x00	; 0
      0004EB 00                    1318 	.db #0x00	; 0
      0004EC 22                    1319 	.db #0x22	; 34
      0004ED 88                    1320 	.db #0x88	; 136
      0004EE 22                    1321 	.db #0x22	; 34
      0004EF 88                    1322 	.db #0x88	; 136
      0004F0 22                    1323 	.db #0x22	; 34
      0004F1 88                    1324 	.db #0x88	; 136
      0004F2 22                    1325 	.db #0x22	; 34
      0004F3 88                    1326 	.db #0x88	; 136
      0004F4 AA                    1327 	.db #0xaa	; 170
      0004F5 55                    1328 	.db #0x55	; 85	'U'
      0004F6 AA                    1329 	.db #0xaa	; 170
      0004F7 55                    1330 	.db #0x55	; 85	'U'
      0004F8 AA                    1331 	.db #0xaa	; 170
      0004F9 55                    1332 	.db #0x55	; 85	'U'
      0004FA AA                    1333 	.db #0xaa	; 170
      0004FB 55                    1334 	.db #0x55	; 85	'U'
      0004FC EE                    1335 	.db #0xee	; 238
      0004FD BB                    1336 	.db #0xbb	; 187
      0004FE EE                    1337 	.db #0xee	; 238
      0004FF BB                    1338 	.db #0xbb	; 187
      000500 EE                    1339 	.db #0xee	; 238
      000501 BB                    1340 	.db #0xbb	; 187
      000502 EE                    1341 	.db #0xee	; 238
      000503 BB                    1342 	.db #0xbb	; 187
      000504 FF                    1343 	.db #0xff	; 255
      000505 FF                    1344 	.db #0xff	; 255
      000506 FF                    1345 	.db #0xff	; 255
      000507 FF                    1346 	.db #0xff	; 255
      000508 FF                    1347 	.db #0xff	; 255
      000509 FF                    1348 	.db #0xff	; 255
      00050A FF                    1349 	.db #0xff	; 255
      00050B FF                    1350 	.db #0xff	; 255
      00050C 00                    1351 	.db #0x00	; 0
      00050D FF                    1352 	.db #0xff	; 255
      00050E FF                    1353 	.db #0xff	; 255
      00050F FF                    1354 	.db #0xff	; 255
      000510 FF                    1355 	.db #0xff	; 255
      000511 FF                    1356 	.db #0xff	; 255
      000512 00                    1357 	.db #0x00	; 0
      000513 00                    1358 	.db #0x00	; 0
      000514 00                    1359 	.db #0x00	; 0
      000515 80                    1360 	.db #0x80	; 128
      000516 80                    1361 	.db #0x80	; 128
      000517 80                    1362 	.db #0x80	; 128
      000518 80                    1363 	.db #0x80	; 128
      000519 80                    1364 	.db #0x80	; 128
      00051A 00                    1365 	.db #0x00	; 0
      00051B 00                    1366 	.db #0x00	; 0
      00051C 00                    1367 	.db #0x00	; 0
      00051D C0                    1368 	.db #0xc0	; 192
      00051E C0                    1369 	.db #0xc0	; 192
      00051F C0                    1370 	.db #0xc0	; 192
      000520 C0                    1371 	.db #0xc0	; 192
      000521 C0                    1372 	.db #0xc0	; 192
      000522 00                    1373 	.db #0x00	; 0
      000523 00                    1374 	.db #0x00	; 0
      000524 00                    1375 	.db #0x00	; 0
      000525 E0                    1376 	.db #0xe0	; 224
      000526 E0                    1377 	.db #0xe0	; 224
      000527 E0                    1378 	.db #0xe0	; 224
      000528 E0                    1379 	.db #0xe0	; 224
      000529 E0                    1380 	.db #0xe0	; 224
      00052A 00                    1381 	.db #0x00	; 0
      00052B 00                    1382 	.db #0x00	; 0
      00052C 00                    1383 	.db #0x00	; 0
      00052D F0                    1384 	.db #0xf0	; 240
      00052E F0                    1385 	.db #0xf0	; 240
      00052F F0                    1386 	.db #0xf0	; 240
      000530 F0                    1387 	.db #0xf0	; 240
      000531 F0                    1388 	.db #0xf0	; 240
      000532 00                    1389 	.db #0x00	; 0
      000533 00                    1390 	.db #0x00	; 0
      000534 00                    1391 	.db #0x00	; 0
      000535 F8                    1392 	.db #0xf8	; 248
      000536 F8                    1393 	.db #0xf8	; 248
      000537 F8                    1394 	.db #0xf8	; 248
      000538 F8                    1395 	.db #0xf8	; 248
      000539 F8                    1396 	.db #0xf8	; 248
      00053A 00                    1397 	.db #0x00	; 0
      00053B 00                    1398 	.db #0x00	; 0
      00053C 00                    1399 	.db #0x00	; 0
      00053D FC                    1400 	.db #0xfc	; 252
      00053E FC                    1401 	.db #0xfc	; 252
      00053F FC                    1402 	.db #0xfc	; 252
      000540 FC                    1403 	.db #0xfc	; 252
      000541 FC                    1404 	.db #0xfc	; 252
      000542 00                    1405 	.db #0x00	; 0
      000543 00                    1406 	.db #0x00	; 0
      000544 00                    1407 	.db #0x00	; 0
      000545 FE                    1408 	.db #0xfe	; 254
      000546 FE                    1409 	.db #0xfe	; 254
      000547 FE                    1410 	.db #0xfe	; 254
      000548 FE                    1411 	.db #0xfe	; 254
      000549 FE                    1412 	.db #0xfe	; 254
      00054A 00                    1413 	.db #0x00	; 0
      00054B 00                    1414 	.db #0x00	; 0
      00054C 81                    1415 	.db #0x81	; 129
      00054D 42                    1416 	.db #0x42	; 66	'B'
      00054E 24                    1417 	.db #0x24	; 36
      00054F 18                    1418 	.db #0x18	; 24
      000550 18                    1419 	.db #0x18	; 24
      000551 24                    1420 	.db #0x24	; 36
      000552 42                    1421 	.db #0x42	; 66	'B'
      000553 81                    1422 	.db #0x81	; 129
      000554 81                    1423 	.db #0x81	; 129
      000555 42                    1424 	.db #0x42	; 66	'B'
      000556 24                    1425 	.db #0x24	; 36
      000557 18                    1426 	.db #0x18	; 24
      000558 18                    1427 	.db #0x18	; 24
      000559 24                    1428 	.db #0x24	; 36
      00055A 42                    1429 	.db #0x42	; 66	'B'
      00055B 81                    1430 	.db #0x81	; 129
      00055C 04                    1431 	.db #0x04	; 4
      00055D 0C                    1432 	.db #0x0c	; 12
      00055E 0C                    1433 	.db #0x0c	; 12
      00055F 14                    1434 	.db #0x14	; 20
      000560 24                    1435 	.db #0x24	; 36
      000561 24                    1436 	.db #0x24	; 36
      000562 44                    1437 	.db #0x44	; 68	'D'
      000563 87                    1438 	.db #0x87	; 135
      000564 87                    1439 	.db #0x87	; 135
      000565 44                    1440 	.db #0x44	; 68	'D'
      000566 24                    1441 	.db #0x24	; 36
      000567 24                    1442 	.db #0x24	; 36
      000568 14                    1443 	.db #0x14	; 20
      000569 0C                    1444 	.db #0x0c	; 12
      00056A 0C                    1445 	.db #0x0c	; 12
      00056B 04                    1446 	.db #0x04	; 4
      00056C 00                    1447 	.db #0x00	; 0
      00056D 00                    1448 	.db #0x00	; 0
      00056E 00                    1449 	.db #0x00	; 0
      00056F 00                    1450 	.db #0x00	; 0
      000570 00                    1451 	.db #0x00	; 0
      000571 00                    1452 	.db #0x00	; 0
      000572 00                    1453 	.db #0x00	; 0
      000573 FF                    1454 	.db #0xff	; 255
      000574 FF                    1455 	.db #0xff	; 255
      000575 00                    1456 	.db #0x00	; 0
      000576 00                    1457 	.db #0x00	; 0
      000577 00                    1458 	.db #0x00	; 0
      000578 00                    1459 	.db #0x00	; 0
      000579 00                    1460 	.db #0x00	; 0
      00057A 00                    1461 	.db #0x00	; 0
      00057B 00                    1462 	.db #0x00	; 0
      00057C 80                    1463 	.db #0x80	; 128
      00057D 80                    1464 	.db #0x80	; 128
      00057E 80                    1465 	.db #0x80	; 128
      00057F 80                    1466 	.db #0x80	; 128
      000580 80                    1467 	.db #0x80	; 128
      000581 80                    1468 	.db #0x80	; 128
      000582 80                    1469 	.db #0x80	; 128
      000583 80                    1470 	.db #0x80	; 128
      000584 07                    1471 	.db #0x07	; 7
      000585 07                    1472 	.db #0x07	; 7
      000586 07                    1473 	.db #0x07	; 7
      000587 07                    1474 	.db #0x07	; 7
      000588 07                    1475 	.db #0x07	; 7
      000589 07                    1476 	.db #0x07	; 7
      00058A 07                    1477 	.db #0x07	; 7
      00058B 07                    1478 	.db #0x07	; 7
      00058C 00                    1479 	.db #0x00	; 0
      00058D 70                    1480 	.db #0x70	; 112	'p'
      00058E D8                    1481 	.db #0xd8	; 216
      00058F 88                    1482 	.db #0x88	; 136
      000590 D8                    1483 	.db #0xd8	; 216
      000591 50                    1484 	.db #0x50	; 80	'P'
      000592 00                    1485 	.db #0x00	; 0
      000593 00                    1486 	.db #0x00	; 0
      000594 00                    1487 	.db #0x00	; 0
      000595 70                    1488 	.db #0x70	; 112	'p'
      000596 D8                    1489 	.db #0xd8	; 216
      000597 88                    1490 	.db #0x88	; 136
      000598 98                    1491 	.db #0x98	; 152
      000599 70                    1492 	.db #0x70	; 112	'p'
      00059A 00                    1493 	.db #0x00	; 0
      00059B 00                    1494 	.db #0x00	; 0
      00059C 00                    1495 	.db #0x00	; 0
      00059D 70                    1496 	.db #0x70	; 112	'p'
      00059E D8                    1497 	.db #0xd8	; 216
      00059F 08                    1498 	.db #0x08	; 8
      0005A0 D8                    1499 	.db #0xd8	; 216
      0005A1 70                    1500 	.db #0x70	; 112	'p'
      0005A2 00                    1501 	.db #0x00	; 0
      0005A3 00                    1502 	.db #0x00	; 0
      0005A4 00                    1503 	.db #0x00	; 0
      0005A5 70                    1504 	.db #0x70	; 112	'p'
      0005A6 98                    1505 	.db #0x98	; 152
      0005A7 88                    1506 	.db #0x88	; 136
      0005A8 D8                    1507 	.db #0xd8	; 216
      0005A9 70                    1508 	.db #0x70	; 112	'p'
      0005AA 00                    1509 	.db #0x00	; 0
      0005AB 00                    1510 	.db #0x00	; 0
      0005AC 00                    1511 	.db #0x00	; 0
      0005AD 50                    1512 	.db #0x50	; 80	'P'
      0005AE D8                    1513 	.db #0xd8	; 216
      0005AF 88                    1514 	.db #0x88	; 136
      0005B0 D8                    1515 	.db #0xd8	; 216
      0005B1 70                    1516 	.db #0x70	; 112	'p'
      0005B2 00                    1517 	.db #0x00	; 0
      0005B3 00                    1518 	.db #0x00	; 0
      0005B4 00                    1519 	.db #0x00	; 0
      0005B5 70                    1520 	.db #0x70	; 112	'p'
      0005B6 C8                    1521 	.db #0xc8	; 200
      0005B7 88                    1522 	.db #0x88	; 136
      0005B8 D8                    1523 	.db #0xd8	; 216
      0005B9 70                    1524 	.db #0x70	; 112	'p'
      0005BA 00                    1525 	.db #0x00	; 0
      0005BB 00                    1526 	.db #0x00	; 0
      0005BC 00                    1527 	.db #0x00	; 0
      0005BD 70                    1528 	.db #0x70	; 112	'p'
      0005BE D8                    1529 	.db #0xd8	; 216
      0005BF 80                    1530 	.db #0x80	; 128
      0005C0 D8                    1531 	.db #0xd8	; 216
      0005C1 70                    1532 	.db #0x70	; 112	'p'
      0005C2 00                    1533 	.db #0x00	; 0
      0005C3 00                    1534 	.db #0x00	; 0
      0005C4 00                    1535 	.db #0x00	; 0
      0005C5 70                    1536 	.db #0x70	; 112	'p'
      0005C6 D8                    1537 	.db #0xd8	; 216
      0005C7 88                    1538 	.db #0x88	; 136
      0005C8 C8                    1539 	.db #0xc8	; 200
      0005C9 70                    1540 	.db #0x70	; 112	'p'
      0005CA 00                    1541 	.db #0x00	; 0
      0005CB 00                    1542 	.db #0x00	; 0
      0005CC 00                    1543 	.db #0x00	; 0
      0005CD D8                    1544 	.db #0xd8	; 216
      0005CE D8                    1545 	.db #0xd8	; 216
      0005CF D8                    1546 	.db #0xd8	; 216
      0005D0 D8                    1547 	.db #0xd8	; 216
      0005D1 D8                    1548 	.db #0xd8	; 216
      0005D2 00                    1549 	.db #0x00	; 0
      0005D3 00                    1550 	.db #0x00	; 0
      0005D4 00                    1551 	.db #0x00	; 0
      0005D5 F8                    1552 	.db #0xf8	; 248
      0005D6 F8                    1553 	.db #0xf8	; 248
      0005D7 F8                    1554 	.db #0xf8	; 248
      0005D8 F8                    1555 	.db #0xf8	; 248
      0005D9 F8                    1556 	.db #0xf8	; 248
      0005DA 00                    1557 	.db #0x00	; 0
      0005DB 00                    1558 	.db #0x00	; 0
      0005DC 00                    1559 	.db #0x00	; 0
      0005DD 88                    1560 	.db #0x88	; 136
      0005DE C8                    1561 	.db #0xc8	; 200
      0005DF E8                    1562 	.db #0xe8	; 232
      0005E0 C8                    1563 	.db #0xc8	; 200
      0005E1 88                    1564 	.db #0x88	; 136
      0005E2 00                    1565 	.db #0x00	; 0
      0005E3 00                    1566 	.db #0x00	; 0
      0005E4 00                    1567 	.db #0x00	; 0
      0005E5 88                    1568 	.db #0x88	; 136
      0005E6 98                    1569 	.db #0x98	; 152
      0005E7 B8                    1570 	.db #0xb8	; 184
      0005E8 98                    1571 	.db #0x98	; 152
      0005E9 88                    1572 	.db #0x88	; 136
      0005EA 00                    1573 	.db #0x00	; 0
      0005EB 00                    1574 	.db #0x00	; 0
      0005EC 00                    1575 	.db #0x00	; 0
      0005ED 90                    1576 	.db #0x90	; 144
      0005EE D8                    1577 	.db #0xd8	; 216
      0005EF FC                    1578 	.db #0xfc	; 252
      0005F0 D8                    1579 	.db #0xd8	; 216
      0005F1 90                    1580 	.db #0x90	; 144
      0005F2 00                    1581 	.db #0x00	; 0
      0005F3 00                    1582 	.db #0x00	; 0
      0005F4 00                    1583 	.db #0x00	; 0
      0005F5 24                    1584 	.db #0x24	; 36
      0005F6 6C                    1585 	.db #0x6c	; 108	'l'
      0005F7 FC                    1586 	.db #0xfc	; 252
      0005F8 6C                    1587 	.db #0x6c	; 108	'l'
      0005F9 24                    1588 	.db #0x24	; 36
      0005FA 00                    1589 	.db #0x00	; 0
      0005FB 00                    1590 	.db #0x00	; 0
      0005FC 08                    1591 	.db #0x08	; 8
      0005FD 7C                    1592 	.db #0x7c	; 124
      0005FE 88                    1593 	.db #0x88	; 136
      0005FF 00                    1594 	.db #0x00	; 0
      000600 44                    1595 	.db #0x44	; 68	'D'
      000601 F8                    1596 	.db #0xf8	; 248
      000602 40                    1597 	.db #0x40	; 64
      000603 00                    1598 	.db #0x00	; 0
      000604 00                    1599 	.db #0x00	; 0
      000605 4C                    1600 	.db #0x4c	; 76	'L'
      000606 A0                    1601 	.db #0xa0	; 160
      000607 20                    1602 	.db #0x20	; 32
      000608 28                    1603 	.db #0x28	; 40
      000609 9C                    1604 	.db #0x9c	; 156
      00060A 08                    1605 	.db #0x08	; 8
      00060B 00                    1606 	.db #0x00	; 0
      00060C                       1607 _g_ChrAnim:
      00060C 2D                    1608 	.db #0x2d	; 45
      00060D 2F                    1609 	.db #0x2f	; 47
      00060E 7C                    1610 	.db #0x7c	; 124
      00060F 5C                    1611 	.db #0x5c	; 92
                                   1612 ;./emu.c:15: bool cart_load(c8 *filename) {
                                   1613 ;	---------------------------------
                                   1614 ; Function cart_load
                                   1615 ; ---------------------------------
      000610                       1616 _cart_load::
                                   1617 ;./emu.c:16: return FALSE;
      000610 AF               [ 4] 1618 	xor	a, a
                                   1619 ;./emu.c:17: }
      000611 C9               [10] 1620 	ret
                                   1621 ;./emu.c:19: u8 emu_run(u8 argc, const c8 **argv) {
                                   1622 ;	---------------------------------
                                   1623 ; Function emu_run
                                   1624 ; ---------------------------------
      000612                       1625 _emu_run::
      000612 DD E5            [15] 1626 	push	ix
      000614 DD 21 00 00      [14] 1627 	ld	ix,#0
      000618 DD 39            [15] 1628 	add	ix,sp
      00061A F5               [11] 1629 	push	af
      00061B 4F               [ 4] 1630 	ld	c, a
      00061C 33               [ 6] 1631 	inc	sp
      00061D 33               [ 6] 1632 	inc	sp
      00061E D5               [11] 1633 	push	de
                                   1634 ;./emu.c:20: msx_printf("argc = %d\r\n", argc);
      00061F 59               [ 4] 1635 	ld	e, c
      000620 16 00            [ 7] 1636 	ld	d, #0x00
      000622 C5               [11] 1637 	push	bc
      000623 D5               [11] 1638 	push	de
      000624 21r6Cr06         [10] 1639 	ld	hl, #___str_1
      000627 E5               [11] 1640 	push	hl
      000628 CDr00r00         [17] 1641 	call	_msx_printf
      00062B F1               [10] 1642 	pop	af
      00062C F1               [10] 1643 	pop	af
      00062D C1               [10] 1644 	pop	bc
                                   1645 ;./emu.c:22: if (argc < 1) {
      00062E 79               [ 4] 1646 	ld	a, c
      00062F D6 01            [ 7] 1647 	sub	a, #0x01
      000631 30 0C            [12] 1648 	jr	NC, 00102$
                                   1649 ;./emu.c:23: msx_printf("Usage: gbmsx <rom_file>\r\n");
      000633 21r78r06         [10] 1650 	ld	hl, #___str_2
      000636 E5               [11] 1651 	push	hl
      000637 CDr00r00         [17] 1652 	call	_msx_printf
      00063A F1               [10] 1653 	pop	af
                                   1654 ;./emu.c:24: return 0;
      00063B AF               [ 4] 1655 	xor	a, a
      00063C C3r67r06         [10] 1656 	jp	00105$
      00063F                       1657 00102$:
                                   1658 ;./emu.c:27: if (!cart_load(argv[0])) {
      00063F E1               [10] 1659 	pop	hl
      000640 E5               [11] 1660 	push	hl
      000641 4E               [ 7] 1661 	ld	c, (hl)
      000642 23               [ 6] 1662 	inc	hl
      000643 66               [ 7] 1663 	ld	h, (hl)
                                   1664 ;	spillPairReg hl
      000644 69               [ 4] 1665 	ld	l, c
                                   1666 ;	spillPairReg hl
                                   1667 ;	spillPairReg hl
      000645 CDr10r06         [17] 1668 	call	_cart_load
      000648 B7               [ 4] 1669 	or	a, a
      000649 20 13            [12] 1670 	jr	NZ, 00104$
                                   1671 ;./emu.c:28: msx_printf("Failed to load ROM file: %s\r\n", argv[0]);
      00064B E1               [10] 1672 	pop	hl
      00064C E5               [11] 1673 	push	hl
      00064D 4E               [ 7] 1674 	ld	c, (hl)
      00064E 23               [ 6] 1675 	inc	hl
      00064F 46               [ 7] 1676 	ld	b, (hl)
      000650 C5               [11] 1677 	push	bc
      000651 21r92r06         [10] 1678 	ld	hl, #___str_3
      000654 E5               [11] 1679 	push	hl
      000655 CDr00r00         [17] 1680 	call	_msx_printf
      000658 F1               [10] 1681 	pop	af
      000659 F1               [10] 1682 	pop	af
                                   1683 ;./emu.c:29: return 0;
      00065A AF               [ 4] 1684 	xor	a, a
      00065B C3r67r06         [10] 1685 	jp	00105$
      00065E                       1686 00104$:
                                   1687 ;./emu.c:32: msx_printf("Cart loaded\r\n");
      00065E 21rB0r06         [10] 1688 	ld	hl, #___str_4
      000661 E5               [11] 1689 	push	hl
      000662 CDr00r00         [17] 1690 	call	_msx_printf
      000665 F1               [10] 1691 	pop	af
                                   1692 ;./emu.c:56: return 0;
      000666 AF               [ 4] 1693 	xor	a, a
      000667                       1694 00105$:
                                   1695 ;./emu.c:57: }
      000667 DD F9            [10] 1696 	ld	sp, ix
      000669 DD E1            [14] 1697 	pop	ix
      00066B C9               [10] 1698 	ret
      00066C                       1699 ___str_1:
      00066C 61 72 67 63 20 3D 20  1700 	.ascii "argc = %d"
             25 64
      000675 0D                    1701 	.db 0x0d
      000676 0A                    1702 	.db 0x0a
      000677 00                    1703 	.db 0x00
      000678                       1704 ___str_2:
      000678 55 73 61 67 65 3A 20  1705 	.ascii "Usage: gbmsx <rom_file>"
             67 62 6D 73 78 20 3C
             72 6F 6D 5F 66 69 6C
             65 3E
      00068F 0D                    1706 	.db 0x0d
      000690 0A                    1707 	.db 0x0a
      000691 00                    1708 	.db 0x00
      000692                       1709 ___str_3:
      000692 46 61 69 6C 65 64 20  1710 	.ascii "Failed to load ROM file: %s"
             74 6F 20 6C 6F 61 64
             20 52 4F 4D 20 66 69
             6C 65 3A 20 25 73
      0006AD 0D                    1711 	.db 0x0d
      0006AE 0A                    1712 	.db 0x0a
      0006AF 00                    1713 	.db 0x00
      0006B0                       1714 ___str_4:
      0006B0 43 61 72 74 20 6C 6F  1715 	.ascii "Cart loaded"
             61 64 65 64
      0006BB 0D                    1716 	.db 0x0d
      0006BC 0A                    1717 	.db 0x0a
      0006BD 00                    1718 	.db 0x00
                                   1719 	.area _CODE
                                   1720 	.area _INITIALIZER
                                   1721 	.area _CABS (ABS)
