ASxxxx Linker V03.00 + NoICE + sdld,  page 1.
Hexadecimal  [32-Bits]

Area                                    Addr        Size        Decimal Bytes (Attributes)
--------------------------------        ----        ----        ------- ----- ------------
.  .ABS.                            00000000    00000000 =           0. bytes (ABS,CON)

      Value  Global                              Global Defined In Module
      -----  --------------------------------   ------------------------
     00000000  .__.ABS.                           
     00000000  _g_SUBRID                          dos
     00000000  l__BSEG                         
     00000000  l__BSS                          
     00000000  l__CABS                         
     00000000  l__DABS                         
     00000000  l__GSFINAL                      
     00000000  l__GSINIT                       
     00000000  l__HEADER                       
     00000000  l__HEADER0                      
     00000000  l__HEAP                         
     00000000  l__RODATA                       
     00000000  s__CABS                         
     00000000  s__DABS                         
     00000000  s__HEADER                       
     00000000  s__HEADER0                      
     00000002  _g_STRSRC                          dos
     00000004  _g_CGTABL                          dos
     00000006  _DOS_TPAUpperAddr                  dos
     00000006  _g_VDP_DR                          dos
     00000007  _g_VDP_DW                          dos
     0000002B  _g_BASRVN                          dos
     0000002B  _g_ROMVersion                      dos
     0000002D  _g_MSXVER                          dos
     0000002E  _g_MSXMID                          dos
     00000034  _g_CHAR_16                         dos
     00000100  s__CODE                         
     00000190  l__INITIALIZED                  
     00000190  l__INITIALIZER                  
     00000221  l__HOME                         
     000004DF  l__DATA                         
     00001951  l__CODE                         
     00001A51  s__HOME                         
     00001C72  s__INITIALIZER                  
     00001C72  s__RODATA                       
     00001E02  s__DATA                         
     00001E02  s__GSFINAL                      
     00001E02  s__GSINIT                       
     000022E1  s__INITIALIZED                  
     00002471  s__BSEG                         
     00002471  s__BSS                          
     00002471  s__HEAP                         
     0000F30F  _g_KANJTABLE                       dos
     0000F323  _g_DISKVE                          dos
     0000F325  _g_BREAKV                          dos
     0000F341  _g_RAMAD0                          dos
     0000F342  _g_RAMAD1                          dos
     0000F343  _g_RAMAD2                          dos
     0000F344  _g_RAMAD3                          dos
     0000F348  _g_MASTER                          dos
ASxxxx Linker V03.00 + NoICE + sdld,  page 2.
Hexadecimal  [32-Bits]

Area                                    Addr        Size        Decimal Bytes (Attributes)
--------------------------------        ----        ----        ------- ----- ------------
.  .ABS.                            00000000    00000000 =           0. bytes (ABS,CON)

      Value  Global                              Global Defined In Module
      -----  --------------------------------   ------------------------
     0000F37D  _g_BDOS                            dos
     0000F380  _g_RDPRIM                          dos
     0000F385  _g_WRPRIM                          dos
     0000F38C  _g_CLPRIM                          dos
     0000F39A  _g_USRTAB                          dos
     0000F3AE  _g_LINL40                          dos
     0000F3AF  _g_LINL32                          dos
     0000F3B0  _g_LINLEN                          dos
     0000F3B1  _g_CRTCNT                          dos
     0000F3B2  _g_CLMLST                          dos
     0000F3B3  _g_TXTNAM                          dos
     0000F3B5  _g_TXTCOL                          dos
     0000F3B7  _g_TXTCGP                          dos
     0000F3B9  _g_TXTATR                          dos
     0000F3BB  _g_TXTPAT                          dos
     0000F3BD  _g_T32NAM                          dos
     0000F3BF  _g_T32COL                          dos
     0000F3C1  _g_T32CGP                          dos
     0000F3C3  _g_T32ATR                          dos
     0000F3C5  _g_T32PAT                          dos
     0000F3C7  _g_GRPNAM                          dos
     0000F3C9  _g_GRPCOL                          dos
     0000F3CB  _g_GRPCGP                          dos
     0000F3CD  _g_GRPATR                          dos
     0000F3CF  _g_GRPPAT                          dos
     0000F3D1  _g_MLTNAM                          dos
     0000F3D3  _g_MLTCOL                          dos
     0000F3D5  _g_MLTCGP                          dos
     0000F3D7  _g_MLTATR                          dos
     0000F3D9  _g_MLTPAT                          dos
     0000F3DB  _g_CLIKSW                          dos
     0000F3DC  _g_CSRY                            dos
     0000F3DD  _g_CSRX                            dos
     0000F3DE  _g_CNSDFG                          dos
     0000F3DF  _g_RG0SAV                          dos
     0000F3E0  _g_RG1SAV                          dos
     0000F3E1  _g_RG2SAV                          dos
     0000F3E2  _g_RG3SAV                          dos
     0000F3E3  _g_RG4SAV                          dos
     0000F3E4  _g_RG5SAV                          dos
     0000F3E5  _g_RG6SAV                          dos
     0000F3E6  _g_RG7SAV                          dos
     0000F3E7  _g_STATFL                          dos
     0000F3E8  _g_TRGFLG                          dos
     0000F3E9  _g_FORCLR                          dos
     0000F3EA  _g_BAKCLR                          dos
     0000F3EB  _g_BDRCLR                          dos
     0000F3EC  _g_MAXUPD                          dos
     0000F3EF  _g_MINUPD                          dos
     0000F3F2  _g_ATRBYT                          dos
     0000F3F3  _g_QUEUES                          dos
ASxxxx Linker V03.00 + NoICE + sdld,  page 3.
Hexadecimal  [32-Bits]

Area                                    Addr        Size        Decimal Bytes (Attributes)
--------------------------------        ----        ----        ------- ----- ------------
.  .ABS.                            00000000    00000000 =           0. bytes (ABS,CON)

      Value  Global                              Global Defined In Module
      -----  --------------------------------   ------------------------
     0000F3F5  _g_FRCNEW                          dos
     0000F3F6  _g_SCNCNT                          dos
     0000F3F7  _g_REPCNT                          dos
     0000F3F8  _g_PUTPNT                          dos
     0000F3FA  _g_GETPNT                          dos
     0000F3FC  _g_CS120                           dos
     0000F401  _g_CS240                           dos
     0000F406  _g_LOW                             dos
     0000F408  _g_HIGH                            dos
     0000F40A  _g_HEADER                          dos
     0000F40B  _g_ASPCT1                          dos
     0000F40D  _g_ASPCT2                          dos
     0000F87F  _g_FNKSTR                          dos
     0000F92A  _g_CLOC                            dos
     0000F92C  _g_CMASK                           dos
     0000F959  _g_QUETAB                          dos
     0000F971  _g_QUEBAK                          dos
     0000F975  _g_VOICAQ                          dos
     0000F9F5  _g_VOICBQ                          dos
     0000FA75  _g_VOICCQ                          dos
     0000FAF5  _g_DPPAGE                          dos
     0000FAF5  _g_RS2IQ                           dos
     0000FAF6  _g_ACPAGE                          dos
     0000FAF7  _g_AVCSAV                          dos
     0000FAF8  _g_EXBRSA                          dos
     0000FAF9  _g_CHRCNT                          dos
     0000FAFA  _g_ROMA                            dos
     0000FAFC  _g_MODE                            dos
     0000FAFD  _g_NORUSE                          dos
     0000FAFE  _g_XSAVE                           dos
     0000FB00  _g_YSAVE                           dos
     0000FB02  _g_LOGOPR                          dos
     0000FB03  _g_RSTMP                           dos
     0000FB03  _g_TOCNT                           dos
     0000FB04  _g_RSFCB                           dos
     0000FB06  _g_RSIQLN                          dos
     0000FB07  _g_MEXBIh                          dos
     0000FB0C  _g_OLDINT                          dos
     0000FB0C  _g_OLDSTT                          dos
     0000FB16  _g_DEVNUM                          dos
     0000FB17  _g_DATCNT                          dos
     0000FB1A  _g_ERRORS                          dos
     0000FB1B  _g_FLAGS                           dos
     0000FB1C  _g_ESTBLS                          dos
     0000FB1D  _g_COMMSK                          dos
     0000FB1E  _g_LSTCOM                          dos
     0000FB1F  _g_LSTMOD                          dos
     0000FB35  _g_PRSCNT                          dos
     0000FB36  _g_SAVSP                           dos
     0000FB38  _g_VOICEN                          dos
     0000FB39  _g_SAVVOL                          dos
ASxxxx Linker V03.00 + NoICE + sdld,  page 4.
Hexadecimal  [32-Bits]

Area                                    Addr        Size        Decimal Bytes (Attributes)
--------------------------------        ----        ----        ------- ----- ------------
.  .ABS.                            00000000    00000000 =           0. bytes (ABS,CON)

      Value  Global                              Global Defined In Module
      -----  --------------------------------   ------------------------
     0000FB3B  _g_MCLLEN                          dos
     0000FB3C  _g_MCLPTR                          dos
     0000FB3E  _g_QUEUEN                          dos
     0000FB3F  _g_MUSICF                          dos
     0000FB40  _g_PLYCNT                          dos
     0000FB41  _g_VCBA                            dos
     0000FB66  _g_VCBB                            dos
     0000FB8B  _g_VCBC                            dos
     0000FBB0  _g_ENSTOP                          dos
     0000FBB1  _g_BASROM                          dos
     0000FBB2  _g_LINTTB                          dos
     0000FBCA  _g_FSTPOS                          dos
     0000FBCC  _g_CODSAV                          dos
     0000FBCD  _g_FNKSWI                          dos
     0000FBCE  _g_FNKFLG                          dos
     0000FBD8  _g_ONGSBF                          dos
     0000FBD9  _g_CLIKFL                          dos
     0000FBDA  _g_OLDKEY                          dos
     0000FBE5  _g_NEWKEY                          dos
     0000FBF0  _g_KEYBUF                          dos
     0000FC18  _g_LINWRK                          dos
     0000FC40  _g_PATWRK                          dos
     0000FC48  _g_BOTTOM                          dos
     0000FC4A  _g_HIMEM                           dos
     0000FC4C  _g_TRPTBL                          dos
     0000FC9A  _g_RTYCNT                          dos
     0000FC9B  _g_INTFLG                          dos
     0000FC9C  _g_PADY                            dos
     0000FC9D  _g_PADX                            dos
     0000FC9E  _g_JIFFY                           dos
     0000FCA0  _g_INTVAL                          dos
     0000FCA2  _g_INTCNT                          dos
     0000FCA4  _g_LOWLIM                          dos
     0000FCA5  _g_WINWID                          dos
     0000FCA6  _g_GRPHED                          dos
     0000FCA7  _g_ESCCNT                          dos
     0000FCA8  _g_INSFLG                          dos
     0000FCA9  _g_CSRSW                           dos
     0000FCAA  _g_CSTYLE                          dos
     0000FCAB  _g_CAPST                           dos
     0000FCAC  _g_KANAST                          dos
     0000FCAD  _g_KANAMD                          dos
     0000FCAE  _g_FLBMEM                          dos
     0000FCAF  _g_SCRMOD                          dos
     0000FCB0  _g_OLDSCR                          dos
     0000FCB1  _g_CASPRV                          dos
     0000FCB2  _g_BRDATR                          dos
     0000FCB3  _g_GXPOS                           dos
     0000FCB5  _g_GYPOS                           dos
     0000FCB7  _g_GRPACX                          dos
     0000FCB9  _g_GRPACY                          dos
ASxxxx Linker V03.00 + NoICE + sdld,  page 5.
Hexadecimal  [32-Bits]

Area                                    Addr        Size        Decimal Bytes (Attributes)
--------------------------------        ----        ----        ------- ----- ------------
.  .ABS.                            00000000    00000000 =           0. bytes (ABS,CON)

      Value  Global                              Global Defined In Module
      -----  --------------------------------   ------------------------
     0000FCBB  _g_DRWFLG                          dos
     0000FCBC  _g_DRWSCL                          dos
     0000FCBD  _g_DRWANG                          dos
     0000FCC1  _g_EXPTBL                          dos
     0000FCC1  _g_MNROM                           dos
     0000FCC5  _g_SLTTBL                          dos
     0000FCC9  _g_SLTATR                          dos
     0000FD09  _g_SLTWRK                          dos
     0000FD89  _g_PROCNM                          dos
     0000FFE7  _g_RG08SAV                         dos
     0000FFE8  _g_RG09SAV                         dos
     0000FFE9  _g_RG10SAV                         dos
     0000FFEA  _g_RG11SAV                         dos
     0000FFEB  _g_RG12SAV                         dos
     0000FFEC  _g_RG13SAV                         dos
     0000FFED  _g_RG14SAV                         dos
     0000FFEE  _g_RG15SAV                         dos
     0000FFEF  _g_RG16SAV                         dos
     0000FFF0  _g_RG17SAV                         dos
     0000FFF1  _g_RG18SAV                         dos
     0000FFF2  _g_RG19SAV                         dos
     0000FFF3  _g_RG20SAV                         dos
     0000FFF4  _g_RG21SAV                         dos
     0000FFF5  _g_RG22SAV                         dos
     0000FFF6  _g_RG23SAV                         dos
     0000FFF7  _g_MINROM                          dos
     0000FFF8  _g_SVFFF8                          dos
     0000FFFA  _g_RG25SAV                         dos
     0000FFFB  _g_RG26SAV                         dos
     0000FFFC  _g_RG27SAV                         dos
     0000FFFD  _g_SVFFFD                          dos
     0000FFFF  _g_SLTSL                           dos

ASxxxx Linker V03.00 + NoICE + sdld,  page 6.
Hexadecimal  [32-Bits]

Area                                    Addr        Size        Decimal Bytes (Attributes)
--------------------------------        ----        ----        ------- ----- ------------
_CODE                               00000100    00001951 =        6481. bytes (REL,CON)

      Value  Global                              Global Defined In Module
      -----  --------------------------------   ------------------------
     00000100  _g_FirstAddr                       crt0
     00000100  _g_HeaderAddr                      crt0
     00000102  _g_AppSignature                    crt0
     00000184  _main                              gbmsx
     0000018C  _emu_get_context                   emu
     00000194  _g_Font_MGL_Sample6                emu
     00000798  _g_ChrAnim                         emu
     0000079C  _emu_run                           emu
     00000848  _print_string                      msx_printf
     0000085A  _print_int                         msx_printf
     00000891  _msx_printf                        msx_printf
     0000093F  _cart_lic_name                     cart
     0000098D  _cart_type_name                    cart
     000009B2  _cart_load                         cart
     00000FF5  _DOS_Call                          dos
     00001002  _DOS_Exit0                         dos
     00001008  _DOS_CharInput                     dos
     00001012  _DOS_CharOutput                    dos
     0000101D  _DOS_StringOutput                  dos
     00001028  _DOS_SetTransferAddr               dos
     00001033  _DOS_OpenFCB                       dos
     00001041  _DOS_CreateFCB                     dos
     0000104F  _DOS_CloseFCB                      dos
     0000105D  _DOS_SequentialReadFCB             dos
     0000106B  _DOS_SequentialWriteFCB            dos
     00001079  _DOS_RandomBlockWriteFCB           dos
     00001087  _DOS_RandomBlockReadFCB            dos
     00001096  _DOS_FindFirstFileFCB              dos
     000010A4  _DOS_FindNextFileFCB               dos
     000010B1  _DOS_OpenHandle                    dos
     000010CA  _DOS_CreateHandle                  dos
     000010E3  _DOS_CloseHandle                   dos
     000010ED  _DOS_EnsureHandle                  dos
     000010F7  _DOS_DuplicateHandle               dos
     0000110B  _DOS_ReadHandle                    dos
     00001121  _DOS_WriteHandle                   dos
     00001137  _DOS_SeekHandle                    dos
     00001152  _DOS_DeleteHandle                  dos
     0000115C  _DOS_RenameHandle                  dos
     00001167  _DOS_MoveHandle                    dos
     00001172  _DOS_SetAttributeHandle            dos
     00001186  _DOS_GetAttributeHandle            dos
     00001199  _DOS_GetDiskParam                  dos
     000011A7  _DOS_Exit                          dos
     000011AE  _DOS_Explain                       dos
     000011B9  _DOS_FindFirstEntry                dos
     000011DD  _DOS_FindNextEntry                 dos
     000011FB  _DOS_Delete                        dos
     00001205  _DOS_Rename                        dos
     0000120F  _DOS_Move                          dos
ASxxxx Linker V03.00 + NoICE + sdld,  page 7.
Hexadecimal  [32-Bits]

Area                                    Addr        Size        Decimal Bytes (Attributes)
--------------------------------        ----        ----        ------- ----- ------------
_CODE                               00000100    00001951 =        6481. bytes (REL,CON)

      Value  Global                              Global Defined In Module
      -----  --------------------------------   ------------------------
     00001219  _DOS_SetAttribute                  dos
     00001237  _DOS_GetAttribute                  dos
     0000124A  _DOS_GetDirectory                  dos
     00001254  _DOS_ChangeDirectory               dos
     0000125E  _DOS_GetTime                       dos
     0000127D  _DOS_GetVersion                    dos
     00001293  _Mem_GetStackAddress               memory
     0000129C  _Mem_HeapAlloc                     memory
     000012AD  _Mem_HeapFree                      memory
     000012B9  _Mem_Copy                          memory
     000012C0  _Mem_Set                           memory
     000012CC  _Mem_Set_16b                       memory
     000012E0  _String_FromUInt8ZT                string
     000012F6  _String_FromUInt8                  string
     00001310  _String_FromUInt16ZT               string
     00001316  _String_FromUInt16                 string
     0000133A  _String_Format                     string
     000019D5  __modschar                         
     000019DD  __modsint                          
     000019E3  __divschar                         
     000019E5  __div8                             
     000019E9  __div_signexte                     
     000019ED  __div16                            
     000019ED  __divsint                          
     00001A13  __get_remainder                    
     00001A1D  __divuchar                         
     00001A1F  __divu8                            
     00001A22  __divu16                           
     00001A22  __divuint                          

ASxxxx Linker V03.00 + NoICE + sdld,  page 8.
Hexadecimal  [32-Bits]

Area                                    Addr        Size        Decimal Bytes (Attributes)
--------------------------------        ----        ----        ------- ----- ------------
_HOME                               00001A51    00000221 =         545. bytes (REL,CON)

      Value  Global                              Global Defined In Module
      -----  --------------------------------   ------------------------
     00001A51  __modslong                         _modslong
     00001AD9  __modulong                         _modulong
     00001B68  __divslong                         _divslong
     00001BF8  __divulong                         _divulong

ASxxxx Linker V03.00 + NoICE + sdld,  page 9.
Hexadecimal  [32-Bits]

Area                                    Addr        Size        Decimal Bytes (Attributes)
--------------------------------        ----        ----        ------- ----- ------------
_INITIALIZER                        00001C72    00000190 =         400. bytes (REL,CON)

      Value  Global                              Global Defined In Module
      -----  --------------------------------   ------------------------
ASxxxx Linker V03.00 + NoICE + sdld,  page 10.
Hexadecimal  [32-Bits]

Area                                    Addr        Size        Decimal Bytes (Attributes)
--------------------------------        ----        ----        ------- ----- ------------
_GSFINAL                            00001E02    00000000 =           0. bytes (REL,CON)

      Value  Global                              Global Defined In Module
      -----  --------------------------------   ------------------------
     00001E02  _g_LastAddr                        crt0

ASxxxx Linker V03.00 + NoICE + sdld,  page 11.
Hexadecimal  [32-Bits]

Area                                    Addr        Size        Decimal Bytes (Attributes)
--------------------------------        ----        ----        ------- ----- ------------
_DATA                               00001E02    000004DF =        1247. bytes (REL,CON)

      Value  Global                              Global Defined In Module
      -----  --------------------------------   ------------------------
     00001E02  _g_HeapStartAddress                crt0
     00001E0E  _g_StrBuffer                       cart
     00002296  _g_DOS_LastError                   dos
     00002297  _g_DOS_LastFIB                     dos
     000022D7  _g_DOS_Time                        dos
     000022DF  _g_StackAddress                    memory
ASxxxx Linker V03.00 + NoICE + sdld,  page 12.
Hexadecimal  [32-Bits]

Area                                    Addr        Size        Decimal Bytes (Attributes)
--------------------------------        ----        ----        ------- ----- ------------
_INITIALIZED                        000022E1    00000190 =         400. bytes (REL,CON)

      Value  Global                              Global Defined In Module
      -----  --------------------------------   ------------------------
ASxxxx Linker V03.00 + NoICE + sdld,  page 13.

Files Linked                              [ module(s) ]

/home/bruno/dev/MSXgl/projects/gbmsx/out/crt0_dos.rel
                                          [ crt0 ]
/home/bruno/dev/MSXgl/projects/gbmsx/out/gbmsx.rel
                                          [ gbmsx ]
/home/bruno/dev/MSXgl/projects/gbmsx/out/emu.rel
                                          [ emu ]
/home/bruno/dev/MSXgl/projects/gbmsx/out/msx_printf.rel
                                          [ msx_printf ]
/home/bruno/dev/MSXgl/projects/gbmsx/out/cart.rel
                                          [ cart ]


Libraries Linked                          [ object file ]

/home/bruno/dev/MSXgl/projects/gbmsx/out/msxgl.lib
                                          [ dos.rel ]
/home/bruno/dev/MSXgl/projects/gbmsx/out/msxgl.lib
                                          [ memory.rel ]
/home/bruno/dev/MSXgl/projects/gbmsx/out/msxgl.lib
                                          [ string.rel ]
/home/bruno/dev/MSXgl/tools/sdcc/lib/z80/z80.lib
                                          [ _modslong.rel ]
/home/bruno/dev/MSXgl/tools/sdcc/lib/z80/z80.lib
                                          [ _modulong.rel ]
/home/bruno/dev/MSXgl/tools/sdcc/lib/z80/z80.lib
                                          [ _divslong.rel ]
/home/bruno/dev/MSXgl/tools/sdcc/lib/z80/z80.lib
                                          [ _divulong.rel ]
/home/bruno/dev/MSXgl/tools/sdcc/lib/z80/z80.lib
                                          [ modsigned.rel ]
/home/bruno/dev/MSXgl/tools/sdcc/lib/z80/z80.lib
                                          [ divsigned.rel ]
/home/bruno/dev/MSXgl/tools/sdcc/lib/z80/z80.lib
                                          [ divunsigned.rel ]

ASxxxx Linker V03.00 + NoICE + sdld,  page 14.

User Base Address Definitions

_CODE = 0x0100
_DATA = 0x0000

