                                      1 ;--------------------------------------------------------
                                      2 ; File Created by SDCC : free open source ANSI-C Compiler
                                      3 ; Version 4.2.0 #13081 (Linux)
                                      4 ;--------------------------------------------------------
                                      5 	.module gbmsx
                                      6 	.optsdcc -mz80
                                      7 	
                                      8 ;--------------------------------------------------------
                                      9 ; Public variables in this module
                                     10 ;--------------------------------------------------------
                                     11 	.globl _main
                                     12 	.globl _emu_run
                                     13 	.globl _DOS_TPAUpperAddr
                                     14 ;--------------------------------------------------------
                                     15 ; special function registers
                                     16 ;--------------------------------------------------------
                                     17 ;--------------------------------------------------------
                                     18 ; ram data
                                     19 ;--------------------------------------------------------
                                     20 	.area _DATA
                           000006    21 _DOS_TPAUpperAddr	=	0x0006
                                     22 ;--------------------------------------------------------
                                     23 ; ram data
                                     24 ;--------------------------------------------------------
                                     25 	.area _INITIALIZED
                                     26 ;--------------------------------------------------------
                                     27 ; absolute external ram data
                                     28 ;--------------------------------------------------------
                                     29 	.area _DABS (ABS)
                                     30 ;--------------------------------------------------------
                                     31 ; global & static initialisations
                                     32 ;--------------------------------------------------------
                                     33 	.area _HOME
                                     34 	.area _GSINIT
                                     35 	.area _GSFINAL
                                     36 	.area _GSINIT
                                     37 ;--------------------------------------------------------
                                     38 ; Home
                                     39 ;--------------------------------------------------------
                                     40 	.area _HOME
                                     41 	.area _HOME
                                     42 ;--------------------------------------------------------
                                     43 ; code
                                     44 ;--------------------------------------------------------
                                     45 	.area _CODE
                                     46 ;./gbmsx.c:3: u8 main(u8 argc, const c8** argv) {
                                     47 ;	---------------------------------
                                     48 ; Function main
                                     49 ; ---------------------------------
      000000                         50 _main::
                                     51 ;./gbmsx.c:4: return emu_run(argc, argv);
      000000 4F               [ 4]   52 	ld	c, a
                                     53 ;./gbmsx.c:5: }
      000001 C3r00r00         [10]   54 	jp	_emu_run
      000004                         55 ___str_0:
      000004 0A                      56 	.db 0x0a
      000005 0D                      57 	.db 0x0d
      000006 24                      58 	.ascii "$"
      000007 00                      59 	.db 0x00
                                     60 	.area _CODE
                                     61 	.area _INITIALIZER
                                     62 	.area _CABS (ABS)
