                                      1 ;--------------------------------------------------------
                                      2 ; File Created by SDCC : free open source ANSI-C Compiler
                                      3 ; Version 4.2.0 #13081 (Linux)
                                      4 ;--------------------------------------------------------
                                      5 	.module memory
                                      6 	.optsdcc -mz80
                                      7 	
                                      8 ;--------------------------------------------------------
                                      9 ; Public variables in this module
                                     10 ;--------------------------------------------------------
                                     11 	.globl _g_StackAddress
                                     12 	.globl _Mem_GetStackAddress
                                     13 	.globl _Mem_HeapAlloc
                                     14 	.globl _Mem_HeapFree
                                     15 	.globl _Mem_Copy
                                     16 	.globl _Mem_Set
                                     17 	.globl _Mem_Set_16b
                                     18 ;--------------------------------------------------------
                                     19 ; special function registers
                                     20 ;--------------------------------------------------------
                                     21 ;--------------------------------------------------------
                                     22 ; ram data
                                     23 ;--------------------------------------------------------
                                     24 	.area _DATA
      000000                         25 _g_StackAddress::
      000000                         26 	.ds 2
                                     27 ;--------------------------------------------------------
                                     28 ; ram data
                                     29 ;--------------------------------------------------------
                                     30 	.area _INITIALIZED
                                     31 ;--------------------------------------------------------
                                     32 ; absolute external ram data
                                     33 ;--------------------------------------------------------
                                     34 	.area _DABS (ABS)
                                     35 ;--------------------------------------------------------
                                     36 ; global & static initialisations
                                     37 ;--------------------------------------------------------
                                     38 	.area _HOME
                                     39 	.area _GSINIT
                                     40 	.area _GSFINAL
                                     41 	.area _GSINIT
                                     42 ;--------------------------------------------------------
                                     43 ; Home
                                     44 ;--------------------------------------------------------
                                     45 	.area _HOME
                                     46 	.area _HOME
                                     47 ;--------------------------------------------------------
                                     48 ; code
                                     49 ;--------------------------------------------------------
                                     50 	.area _CODE
                                     51 ;/home/bruno/dev/MSXgl/engine/src/memory.c:24: u16 Mem_GetStackAddress()
                                     52 ;	---------------------------------
                                     53 ; Function Mem_GetStackAddress
                                     54 ; ---------------------------------
      000000                         55 _Mem_GetStackAddress::
                                     56 ;/home/bruno/dev/MSXgl/engine/src/memory.c:29: __endasm;
      000000 ED 73r00r00      [20]   57 	ld	(_g_StackAddress), sp
      000004 ED 5Br00r00      [20]   58 	ld	de, (_g_StackAddress)
                                     59 ;/home/bruno/dev/MSXgl/engine/src/memory.c:30: }
      000008 C9               [10]   60 	ret
                                     61 ;/home/bruno/dev/MSXgl/engine/src/memory.c:34: void* Mem_HeapAlloc(u16 size)
                                     62 ;	---------------------------------
                                     63 ; Function Mem_HeapAlloc
                                     64 ; ---------------------------------
      000009                         65 _Mem_HeapAlloc::
      000009 4D               [ 4]   66 	ld	c, l
      00000A 44               [ 4]   67 	ld	b, h
                                     68 ;/home/bruno/dev/MSXgl/engine/src/memory.c:36: u16 addr = g_HeapStartAddress;
      00000B ED 5Br00r00      [20]   69 	ld	de, (_g_HeapStartAddress)
                                     70 ;/home/bruno/dev/MSXgl/engine/src/memory.c:37: g_HeapStartAddress += size;
      00000F 21r00r00         [10]   71 	ld	hl, #_g_HeapStartAddress
      000012 7E               [ 7]   72 	ld	a, (hl)
      000013 81               [ 4]   73 	add	a, c
      000014 77               [ 7]   74 	ld	(hl), a
      000015 23               [ 6]   75 	inc	hl
      000016 7E               [ 7]   76 	ld	a, (hl)
      000017 88               [ 4]   77 	adc	a, b
      000018 77               [ 7]   78 	ld	(hl), a
                                     79 ;/home/bruno/dev/MSXgl/engine/src/memory.c:38: return (void*)addr;
                                     80 ;/home/bruno/dev/MSXgl/engine/src/memory.c:39: }
      000019 C9               [10]   81 	ret
                                     82 ;/home/bruno/dev/MSXgl/engine/src/memory.c:43: void Mem_HeapFree(u16 size)
                                     83 ;	---------------------------------
                                     84 ; Function Mem_HeapFree
                                     85 ; ---------------------------------
      00001A                         86 _Mem_HeapFree::
      00001A EB               [ 4]   87 	ex	de, hl
                                     88 ;/home/bruno/dev/MSXgl/engine/src/memory.c:45: g_HeapStartAddress -= size;	
      00001B 21r00r00         [10]   89 	ld	hl, #_g_HeapStartAddress
      00001E 7E               [ 7]   90 	ld	a, (hl)
      00001F 93               [ 4]   91 	sub	a, e
      000020 77               [ 7]   92 	ld	(hl), a
      000021 23               [ 6]   93 	inc	hl
      000022 7E               [ 7]   94 	ld	a, (hl)
      000023 9A               [ 4]   95 	sbc	a, d
      000024 77               [ 7]   96 	ld	(hl), a
                                     97 ;/home/bruno/dev/MSXgl/engine/src/memory.c:46: }
      000025 C9               [10]   98 	ret
                                     99 ;/home/bruno/dev/MSXgl/engine/src/memory.c:50: void Mem_Copy(const void* src, void* dest, u16 size) __NAKED // Stack: 4 bytes
                                    100 ;	---------------------------------
                                    101 ; Function Mem_Copy
                                    102 ; ---------------------------------
      000026                        103 _Mem_Copy::
                                    104 ;/home/bruno/dev/MSXgl/engine/src/memory.c:69: __endasm;
      000026 FD E1            [14]  105 	pop	iy
      000028 C1               [10]  106 	pop	bc
      000029 ED B0            [21]  107 	ldir
      00002B                        108 	 mem_copy_end:
      00002B FD E9            [ 8]  109 	jp	(iy)
                                    110 ;/home/bruno/dev/MSXgl/engine/src/memory.c:70: }
                                    111 ;/home/bruno/dev/MSXgl/engine/src/memory.c:121: void Mem_Set(u8 val, void* dest, u16 size) __NAKED // Stack: 4 bytes
                                    112 ;	---------------------------------
                                    113 ; Function Mem_Set
                                    114 ; ---------------------------------
      00002D                        115 _Mem_Set::
                                    116 ;/home/bruno/dev/MSXgl/engine/src/memory.c:148: __endasm;
      00002D D5               [11]  117 	push	de
      00002E E1               [10]  118 	pop	hl
      00002F 77               [ 7]  119 	ld	(hl), a
      000030 13               [ 6]  120 	inc	de
      000031 FD E1            [14]  121 	pop	iy
      000033 C1               [10]  122 	pop	bc
      000034 0B               [ 6]  123 	dec	bc
      000035 ED B0            [21]  124 	ldir
      000037                        125 	 mem_fill_end:
      000037 FD E9            [ 8]  126 	jp	(iy)
                                    127 ;/home/bruno/dev/MSXgl/engine/src/memory.c:149: }
                                    128 ;/home/bruno/dev/MSXgl/engine/src/memory.c:153: void Mem_Set_16b(u16 val, void* dest, u16 size)
                                    129 ;	---------------------------------
                                    130 ; Function Mem_Set_16b
                                    131 ; ---------------------------------
      000039                        132 _Mem_Set_16b::
                                    133 ;/home/bruno/dev/MSXgl/engine/src/memory.c:187: __endasm;
      000039 D5               [11]  134 	push	de
      00003A EB               [ 4]  135 	ex	de, hl
      00003B 72               [ 7]  136 	ld	(hl), d
      00003C 23               [ 6]  137 	inc	hl
      00003D 73               [ 7]  138 	ld	(hl), e
      00003E 23               [ 6]  139 	inc	hl
      00003F EB               [ 4]  140 	ex	de, hl
      000040 E1               [10]  141 	pop	hl
      000041 FD E1            [14]  142 	pop	iy
      000043 C1               [10]  143 	pop	bc
      000044 0B               [ 6]  144 	dec	bc
      000045 0B               [ 6]  145 	dec	bc
      000046 ED B0            [21]  146 	ldir
      000048                        147 	 mem_fill16_end:
      000048 FD E9            [ 8]  148 	jp	(iy)
                                    149 ;/home/bruno/dev/MSXgl/engine/src/memory.c:188: }
      00004A E1               [10]  150 	pop	hl
      00004B F1               [10]  151 	pop	af
      00004C E9               [ 4]  152 	jp	(hl)
                                    153 	.area _CODE
                                    154 	.area _INITIALIZER
                                    155 	.area _CABS (ABS)
