                                      1 ;--------------------------------------------------------
                                      2 ; File Created by SDCC : free open source ANSI-C Compiler
                                      3 ; Version 4.2.0 #13081 (Linux)
                                      4 ;--------------------------------------------------------
                                      5 	.module msx_music
                                      6 	.optsdcc -mz80
                                      7 	
                                      8 ;--------------------------------------------------------
                                      9 ; Public variables in this module
                                     10 ;--------------------------------------------------------
                                     11 	.globl _MSXMusic_CheckExternal
                                     12 	.globl _MSXMusic_CheckInternal
                                     13 	.globl _Bios_InterSlotWrite
                                     14 	.globl _Bios_InterSlotRead
                                     15 	.globl _Sys_CheckSlot
                                     16 	.globl _g_MSXMusic_SlotId
                                     17 	.globl _g_MSXMusic_RegBackup
                                     18 	.globl _g_SLTSL
                                     19 	.globl _g_GRPACY
                                     20 	.globl _g_GRPACX
                                     21 	.globl _g_LOGOPR
                                     22 	.globl _g_CMASK
                                     23 	.globl _g_CLOC
                                     24 	.globl _g_FNKSTR
                                     25 	.globl _g_ATRBYT
                                     26 	.globl _g_BDRCLR
                                     27 	.globl _g_BAKCLR
                                     28 	.globl _g_FORCLR
                                     29 	.globl _g_CSRX
                                     30 	.globl _g_CSRY
                                     31 	.globl _g_CLIKSW
                                     32 	.globl _g_MLTPAT
                                     33 	.globl _g_MLTATR
                                     34 	.globl _g_MLTCGP
                                     35 	.globl _g_MLTCOL
                                     36 	.globl _g_MLTNAM
                                     37 	.globl _g_GRPPAT
                                     38 	.globl _g_GRPATR
                                     39 	.globl _g_GRPCGP
                                     40 	.globl _g_GRPCOL
                                     41 	.globl _g_GRPNAM
                                     42 	.globl _g_T32PAT
                                     43 	.globl _g_T32ATR
                                     44 	.globl _g_T32CGP
                                     45 	.globl _g_T32COL
                                     46 	.globl _g_T32NAM
                                     47 	.globl _g_TXTPAT
                                     48 	.globl _g_TXTATR
                                     49 	.globl _g_TXTCGP
                                     50 	.globl _g_TXTCOL
                                     51 	.globl _g_TXTNAM
                                     52 	.globl _g_CLMLST
                                     53 	.globl _g_CRTCNT
                                     54 	.globl _g_LINLEN
                                     55 	.globl _g_LINL32
                                     56 	.globl _g_LINL40
                                     57 	.globl _g_MSXMusic_Ident
                                     58 	.globl _g_BDOS
                                     59 	.globl _g_MASTER
                                     60 	.globl _g_RAMAD3
                                     61 	.globl _g_RAMAD2
                                     62 	.globl _g_RAMAD1
                                     63 	.globl _g_RAMAD0
                                     64 	.globl _g_BREAKV
                                     65 	.globl _g_DISKVE
                                     66 	.globl _g_KANJTABLE
                                     67 	.globl _g_STRSRC
                                     68 	.globl _g_SUBRID
                                     69 	.globl _g_CHAR_16
                                     70 	.globl _g_MSXMID
                                     71 	.globl _g_MSXVER
                                     72 	.globl _g_ROMVersion
                                     73 	.globl _g_BASRVN
                                     74 	.globl _g_VDP_DW
                                     75 	.globl _g_VDP_DR
                                     76 	.globl _g_CGTABL
                                     77 	.globl _g_SVFFFD
                                     78 	.globl _g_RG27SAV
                                     79 	.globl _g_RG26SAV
                                     80 	.globl _g_RG25SAV
                                     81 	.globl _g_SVFFF8
                                     82 	.globl _g_MINROM
                                     83 	.globl _g_RG23SAV
                                     84 	.globl _g_RG22SAV
                                     85 	.globl _g_RG21SAV
                                     86 	.globl _g_RG20SAV
                                     87 	.globl _g_RG19SAV
                                     88 	.globl _g_RG18SAV
                                     89 	.globl _g_RG17SAV
                                     90 	.globl _g_RG16SAV
                                     91 	.globl _g_RG15SAV
                                     92 	.globl _g_RG14SAV
                                     93 	.globl _g_RG13SAV
                                     94 	.globl _g_RG12SAV
                                     95 	.globl _g_RG11SAV
                                     96 	.globl _g_RG10SAV
                                     97 	.globl _g_RG09SAV
                                     98 	.globl _g_RG08SAV
                                     99 	.globl _g_PROCNM
                                    100 	.globl _g_SLTWRK
                                    101 	.globl _g_SLTATR
                                    102 	.globl _g_SLTTBL
                                    103 	.globl _g_EXPTBL
                                    104 	.globl _g_MNROM
                                    105 	.globl _g_DRWANG
                                    106 	.globl _g_DRWSCL
                                    107 	.globl _g_DRWFLG
                                    108 	.globl _g_GYPOS
                                    109 	.globl _g_GXPOS
                                    110 	.globl _g_BRDATR
                                    111 	.globl _g_CASPRV
                                    112 	.globl _g_OLDSCR
                                    113 	.globl _g_SCRMOD
                                    114 	.globl _g_FLBMEM
                                    115 	.globl _g_KANAMD
                                    116 	.globl _g_KANAST
                                    117 	.globl _g_CAPST
                                    118 	.globl _g_CSTYLE
                                    119 	.globl _g_CSRSW
                                    120 	.globl _g_INSFLG
                                    121 	.globl _g_ESCCNT
                                    122 	.globl _g_GRPHED
                                    123 	.globl _g_WINWID
                                    124 	.globl _g_LOWLIM
                                    125 	.globl _g_INTCNT
                                    126 	.globl _g_INTVAL
                                    127 	.globl _g_JIFFY
                                    128 	.globl _g_PADX
                                    129 	.globl _g_PADY
                                    130 	.globl _g_INTFLG
                                    131 	.globl _g_RTYCNT
                                    132 	.globl _g_TRPTBL
                                    133 	.globl _g_HIMEM
                                    134 	.globl _g_BOTTOM
                                    135 	.globl _g_PATWRK
                                    136 	.globl _g_LINWRK
                                    137 	.globl _g_KEYBUF
                                    138 	.globl _g_NEWKEY
                                    139 	.globl _g_OLDKEY
                                    140 	.globl _g_CLIKFL
                                    141 	.globl _g_ONGSBF
                                    142 	.globl _g_FNKFLG
                                    143 	.globl _g_FNKSWI
                                    144 	.globl _g_CODSAV
                                    145 	.globl _g_FSTPOS
                                    146 	.globl _g_LINTTB
                                    147 	.globl _g_BASROM
                                    148 	.globl _g_ENSTOP
                                    149 	.globl _g_VCBC
                                    150 	.globl _g_VCBB
                                    151 	.globl _g_VCBA
                                    152 	.globl _g_PLYCNT
                                    153 	.globl _g_MUSICF
                                    154 	.globl _g_QUEUEN
                                    155 	.globl _g_MCLPTR
                                    156 	.globl _g_MCLLEN
                                    157 	.globl _g_SAVVOL
                                    158 	.globl _g_VOICEN
                                    159 	.globl _g_SAVSP
                                    160 	.globl _g_PRSCNT
                                    161 	.globl _g_LSTMOD
                                    162 	.globl _g_LSTCOM
                                    163 	.globl _g_COMMSK
                                    164 	.globl _g_ESTBLS
                                    165 	.globl _g_FLAGS
                                    166 	.globl _g_ERRORS
                                    167 	.globl _g_DATCNT
                                    168 	.globl _g_DEVNUM
                                    169 	.globl _g_OLDINT
                                    170 	.globl _g_OLDSTT
                                    171 	.globl _g_MEXBIh
                                    172 	.globl _g_RSIQLN
                                    173 	.globl _g_RSFCB
                                    174 	.globl _g_TOCNT
                                    175 	.globl _g_RSTMP
                                    176 	.globl _g_YSAVE
                                    177 	.globl _g_XSAVE
                                    178 	.globl _g_NORUSE
                                    179 	.globl _g_MODE
                                    180 	.globl _g_ROMA
                                    181 	.globl _g_CHRCNT
                                    182 	.globl _g_EXBRSA
                                    183 	.globl _g_AVCSAV
                                    184 	.globl _g_ACPAGE
                                    185 	.globl _g_DPPAGE
                                    186 	.globl _g_RS2IQ
                                    187 	.globl _g_VOICCQ
                                    188 	.globl _g_VOICBQ
                                    189 	.globl _g_VOICAQ
                                    190 	.globl _g_QUEBAK
                                    191 	.globl _g_QUETAB
                                    192 	.globl _g_ASPCT2
                                    193 	.globl _g_ASPCT1
                                    194 	.globl _g_HEADER
                                    195 	.globl _g_HIGH
                                    196 	.globl _g_LOW
                                    197 	.globl _g_CS240
                                    198 	.globl _g_CS120
                                    199 	.globl _g_GETPNT
                                    200 	.globl _g_PUTPNT
                                    201 	.globl _g_REPCNT
                                    202 	.globl _g_SCNCNT
                                    203 	.globl _g_FRCNEW
                                    204 	.globl _g_QUEUES
                                    205 	.globl _g_MINUPD
                                    206 	.globl _g_MAXUPD
                                    207 	.globl _g_TRGFLG
                                    208 	.globl _g_STATFL
                                    209 	.globl _g_RG7SAV
                                    210 	.globl _g_RG6SAV
                                    211 	.globl _g_RG5SAV
                                    212 	.globl _g_RG4SAV
                                    213 	.globl _g_RG3SAV
                                    214 	.globl _g_RG2SAV
                                    215 	.globl _g_RG1SAV
                                    216 	.globl _g_RG0SAV
                                    217 	.globl _g_CNSDFG
                                    218 	.globl _g_USRTAB
                                    219 	.globl _g_CLPRIM
                                    220 	.globl _g_WRPRIM
                                    221 	.globl _g_RDPRIM
                                    222 	.globl _MSXMusic_Initialize
                                    223 	.globl _MSXMusic_Detect
                                    224 	.globl _MSXMusic_SetRegister
                                    225 	.globl _MSXMusic_GetRegister
                                    226 	.globl _MSXMusic_Mute
                                    227 	.globl _MSXMusic_Resume
                                    228 ;--------------------------------------------------------
                                    229 ; special function registers
                                    230 ;--------------------------------------------------------
                           0000A8   231 _g_PortPrimarySlot	=	0x00a8
                           0000A9   232 _g_PortReadKeyboard	=	0x00a9
                           0000AA   233 _g_PortAccessKeyboard	=	0x00aa
                           0000AB   234 _g_PortControl	=	0x00ab
                           000098   235 _g_VDP_DataPort	=	0x0098
                           000099   236 _g_VDP_RegPort	=	0x0099
                           000099   237 _g_VDP_AddrPort	=	0x0099
                           000099   238 _g_VDP_StatPort	=	0x0099
                           00009A   239 _g_VDP_PalPort	=	0x009a
                           00009B   240 _g_VDP_IRegPort	=	0x009b
                           0000A0   241 _g_PSG_RegPort	=	0x00a0
                           0000A1   242 _g_PSG_DataPort	=	0x00a1
                           0000A2   243 _g_PSG_StatPort	=	0x00a2
                           000010   244 _g_PSG_Ext_RegPort	=	0x0010
                           000011   245 _g_PSG_Ext_DataPort	=	0x0011
                           000012   246 _g_PSG_Ext_StatPort	=	0x0012
                           00007C   247 _g_MSXMusic_IndexPort	=	0x007c
                           00007D   248 _g_MSXMusic_DataPort	=	0x007d
                           0000C0   249 _g_MSXAudio_IndexPort	=	0x00c0
                           0000C1   250 _g_MSXAudio_DataPort	=	0x00c1
                           0000C2   251 _g_MSXAudio_IndexPort2	=	0x00c2
                           0000C3   252 _g_MSXAudio_DataPort2	=	0x00c3
                           0000B4   253 _g_RTC_AddrPort	=	0x00b4
                           0000B5   254 _g_RTC_DataPort	=	0x00b5
                                    255 ;--------------------------------------------------------
                                    256 ; ram data
                                    257 ;--------------------------------------------------------
                                    258 	.area _DATA
                           00F3AE   259 _g_LINL40	=	0xf3ae
                           00F3AF   260 _g_LINL32	=	0xf3af
                           00F3B0   261 _g_LINLEN	=	0xf3b0
                           00F3B1   262 _g_CRTCNT	=	0xf3b1
                           00F3B2   263 _g_CLMLST	=	0xf3b2
                           00F3B3   264 _g_TXTNAM	=	0xf3b3
                           00F3B5   265 _g_TXTCOL	=	0xf3b5
                           00F3B7   266 _g_TXTCGP	=	0xf3b7
                           00F3B9   267 _g_TXTATR	=	0xf3b9
                           00F3BB   268 _g_TXTPAT	=	0xf3bb
                           00F3BD   269 _g_T32NAM	=	0xf3bd
                           00F3BF   270 _g_T32COL	=	0xf3bf
                           00F3C1   271 _g_T32CGP	=	0xf3c1
                           00F3C3   272 _g_T32ATR	=	0xf3c3
                           00F3C5   273 _g_T32PAT	=	0xf3c5
                           00F3C7   274 _g_GRPNAM	=	0xf3c7
                           00F3C9   275 _g_GRPCOL	=	0xf3c9
                           00F3CB   276 _g_GRPCGP	=	0xf3cb
                           00F3CD   277 _g_GRPATR	=	0xf3cd
                           00F3CF   278 _g_GRPPAT	=	0xf3cf
                           00F3D1   279 _g_MLTNAM	=	0xf3d1
                           00F3D3   280 _g_MLTCOL	=	0xf3d3
                           00F3D5   281 _g_MLTCGP	=	0xf3d5
                           00F3D7   282 _g_MLTATR	=	0xf3d7
                           00F3D9   283 _g_MLTPAT	=	0xf3d9
                           00F3DB   284 _g_CLIKSW	=	0xf3db
                           00F3DC   285 _g_CSRY	=	0xf3dc
                           00F3DD   286 _g_CSRX	=	0xf3dd
                           00F3E9   287 _g_FORCLR	=	0xf3e9
                           00F3EA   288 _g_BAKCLR	=	0xf3ea
                           00F3EB   289 _g_BDRCLR	=	0xf3eb
                           00F3F2   290 _g_ATRBYT	=	0xf3f2
                           00F87F   291 _g_FNKSTR	=	0xf87f
                           00F92A   292 _g_CLOC	=	0xf92a
                           00F92C   293 _g_CMASK	=	0xf92c
                           00FB02   294 _g_LOGOPR	=	0xfb02
                           00FCB7   295 _g_GRPACX	=	0xfcb7
                           00FCB9   296 _g_GRPACY	=	0xfcb9
                           00FFFF   297 _g_SLTSL	=	0xffff
      000000                        298 _g_MSXMusic_RegBackup::
      000000                        299 	.ds 16
                                    300 ;--------------------------------------------------------
                                    301 ; ram data
                                    302 ;--------------------------------------------------------
                                    303 	.area _INITIALIZED
      000000                        304 _g_MSXMusic_SlotId::
      000000                        305 	.ds 1
                                    306 ;--------------------------------------------------------
                                    307 ; absolute external ram data
                                    308 ;--------------------------------------------------------
                                    309 	.area _DABS (ABS)
                                    310 ;--------------------------------------------------------
                                    311 ; global & static initialisations
                                    312 ;--------------------------------------------------------
                                    313 	.area _HOME
                                    314 	.area _GSINIT
                                    315 	.area _GSFINAL
                                    316 	.area _GSINIT
                                    317 ;--------------------------------------------------------
                                    318 ; Home
                                    319 ;--------------------------------------------------------
                                    320 	.area _HOME
                                    321 	.area _HOME
                                    322 ;--------------------------------------------------------
                                    323 ; code
                                    324 ;--------------------------------------------------------
                                    325 	.area _CODE
                                    326 ;/home/bruno/dev/MSXgl/engine/src/msx-music.c:45: void MSXMusic_Initialize()
                                    327 ;	---------------------------------
                                    328 ; Function MSXMusic_Initialize
                                    329 ; ---------------------------------
      000000                        330 _MSXMusic_Initialize::
                                    331 ;/home/bruno/dev/MSXgl/engine/src/msx-music.c:47: MSXMusic_Detect();
                                    332 ;/home/bruno/dev/MSXgl/engine/src/msx-music.c:48: }
      000000 C3rC4r00         [10]  333 	jp	_MSXMusic_Detect
                           00F380   334 _g_RDPRIM	=	0xf380
                           00F385   335 _g_WRPRIM	=	0xf385
                           00F38C   336 _g_CLPRIM	=	0xf38c
                           00F39A   337 _g_USRTAB	=	0xf39a
                           00F3DE   338 _g_CNSDFG	=	0xf3de
                           00F3DF   339 _g_RG0SAV	=	0xf3df
                           00F3E0   340 _g_RG1SAV	=	0xf3e0
                           00F3E1   341 _g_RG2SAV	=	0xf3e1
                           00F3E2   342 _g_RG3SAV	=	0xf3e2
                           00F3E3   343 _g_RG4SAV	=	0xf3e3
                           00F3E4   344 _g_RG5SAV	=	0xf3e4
                           00F3E5   345 _g_RG6SAV	=	0xf3e5
                           00F3E6   346 _g_RG7SAV	=	0xf3e6
                           00F3E7   347 _g_STATFL	=	0xf3e7
                           00F3E8   348 _g_TRGFLG	=	0xf3e8
                           00F3EC   349 _g_MAXUPD	=	0xf3ec
                           00F3EF   350 _g_MINUPD	=	0xf3ef
                           00F3F3   351 _g_QUEUES	=	0xf3f3
                           00F3F5   352 _g_FRCNEW	=	0xf3f5
                           00F3F6   353 _g_SCNCNT	=	0xf3f6
                           00F3F7   354 _g_REPCNT	=	0xf3f7
                           00F3F8   355 _g_PUTPNT	=	0xf3f8
                           00F3FA   356 _g_GETPNT	=	0xf3fa
                           00F3FC   357 _g_CS120	=	0xf3fc
                           00F401   358 _g_CS240	=	0xf401
                           00F406   359 _g_LOW	=	0xf406
                           00F408   360 _g_HIGH	=	0xf408
                           00F40A   361 _g_HEADER	=	0xf40a
                           00F40B   362 _g_ASPCT1	=	0xf40b
                           00F40D   363 _g_ASPCT2	=	0xf40d
                           00F959   364 _g_QUETAB	=	0xf959
                           00F971   365 _g_QUEBAK	=	0xf971
                           00F975   366 _g_VOICAQ	=	0xf975
                           00F9F5   367 _g_VOICBQ	=	0xf9f5
                           00FA75   368 _g_VOICCQ	=	0xfa75
                           00FAF5   369 _g_RS2IQ	=	0xfaf5
                           00FAF5   370 _g_DPPAGE	=	0xfaf5
                           00FAF6   371 _g_ACPAGE	=	0xfaf6
                           00FAF7   372 _g_AVCSAV	=	0xfaf7
                           00FAF8   373 _g_EXBRSA	=	0xfaf8
                           00FAF9   374 _g_CHRCNT	=	0xfaf9
                           00FAFA   375 _g_ROMA	=	0xfafa
                           00FAFC   376 _g_MODE	=	0xfafc
                           00FAFD   377 _g_NORUSE	=	0xfafd
                           00FAFE   378 _g_XSAVE	=	0xfafe
                           00FB00   379 _g_YSAVE	=	0xfb00
                           00FB03   380 _g_RSTMP	=	0xfb03
                           00FB03   381 _g_TOCNT	=	0xfb03
                           00FB04   382 _g_RSFCB	=	0xfb04
                           00FB06   383 _g_RSIQLN	=	0xfb06
                           00FB07   384 _g_MEXBIh	=	0xfb07
                           00FB0C   385 _g_OLDSTT	=	0xfb0c
                           00FB0C   386 _g_OLDINT	=	0xfb0c
                           00FB16   387 _g_DEVNUM	=	0xfb16
                           00FB17   388 _g_DATCNT	=	0xfb17
                           00FB1A   389 _g_ERRORS	=	0xfb1a
                           00FB1B   390 _g_FLAGS	=	0xfb1b
                           00FB1C   391 _g_ESTBLS	=	0xfb1c
                           00FB1D   392 _g_COMMSK	=	0xfb1d
                           00FB1E   393 _g_LSTCOM	=	0xfb1e
                           00FB1F   394 _g_LSTMOD	=	0xfb1f
                           00FB35   395 _g_PRSCNT	=	0xfb35
                           00FB36   396 _g_SAVSP	=	0xfb36
                           00FB38   397 _g_VOICEN	=	0xfb38
                           00FB39   398 _g_SAVVOL	=	0xfb39
                           00FB3B   399 _g_MCLLEN	=	0xfb3b
                           00FB3C   400 _g_MCLPTR	=	0xfb3c
                           00FB3E   401 _g_QUEUEN	=	0xfb3e
                           00FB3F   402 _g_MUSICF	=	0xfb3f
                           00FB40   403 _g_PLYCNT	=	0xfb40
                           00FB41   404 _g_VCBA	=	0xfb41
                           00FB66   405 _g_VCBB	=	0xfb66
                           00FB8B   406 _g_VCBC	=	0xfb8b
                           00FBB0   407 _g_ENSTOP	=	0xfbb0
                           00FBB1   408 _g_BASROM	=	0xfbb1
                           00FBB2   409 _g_LINTTB	=	0xfbb2
                           00FBCA   410 _g_FSTPOS	=	0xfbca
                           00FBCC   411 _g_CODSAV	=	0xfbcc
                           00FBCD   412 _g_FNKSWI	=	0xfbcd
                           00FBCE   413 _g_FNKFLG	=	0xfbce
                           00FBD8   414 _g_ONGSBF	=	0xfbd8
                           00FBD9   415 _g_CLIKFL	=	0xfbd9
                           00FBDA   416 _g_OLDKEY	=	0xfbda
                           00FBE5   417 _g_NEWKEY	=	0xfbe5
                           00FBF0   418 _g_KEYBUF	=	0xfbf0
                           00FC18   419 _g_LINWRK	=	0xfc18
                           00FC40   420 _g_PATWRK	=	0xfc40
                           00FC48   421 _g_BOTTOM	=	0xfc48
                           00FC4A   422 _g_HIMEM	=	0xfc4a
                           00FC4C   423 _g_TRPTBL	=	0xfc4c
                           00FC9A   424 _g_RTYCNT	=	0xfc9a
                           00FC9B   425 _g_INTFLG	=	0xfc9b
                           00FC9C   426 _g_PADY	=	0xfc9c
                           00FC9D   427 _g_PADX	=	0xfc9d
                           00FC9E   428 _g_JIFFY	=	0xfc9e
                           00FCA0   429 _g_INTVAL	=	0xfca0
                           00FCA2   430 _g_INTCNT	=	0xfca2
                           00FCA4   431 _g_LOWLIM	=	0xfca4
                           00FCA5   432 _g_WINWID	=	0xfca5
                           00FCA6   433 _g_GRPHED	=	0xfca6
                           00FCA7   434 _g_ESCCNT	=	0xfca7
                           00FCA8   435 _g_INSFLG	=	0xfca8
                           00FCA9   436 _g_CSRSW	=	0xfca9
                           00FCAA   437 _g_CSTYLE	=	0xfcaa
                           00FCAB   438 _g_CAPST	=	0xfcab
                           00FCAC   439 _g_KANAST	=	0xfcac
                           00FCAD   440 _g_KANAMD	=	0xfcad
                           00FCAE   441 _g_FLBMEM	=	0xfcae
                           00FCAF   442 _g_SCRMOD	=	0xfcaf
                           00FCB0   443 _g_OLDSCR	=	0xfcb0
                           00FCB1   444 _g_CASPRV	=	0xfcb1
                           00FCB2   445 _g_BRDATR	=	0xfcb2
                           00FCB3   446 _g_GXPOS	=	0xfcb3
                           00FCB5   447 _g_GYPOS	=	0xfcb5
                           00FCBB   448 _g_DRWFLG	=	0xfcbb
                           00FCBC   449 _g_DRWSCL	=	0xfcbc
                           00FCBD   450 _g_DRWANG	=	0xfcbd
                           00FCC1   451 _g_MNROM	=	0xfcc1
                           00FCC1   452 _g_EXPTBL	=	0xfcc1
                           00FCC5   453 _g_SLTTBL	=	0xfcc5
                           00FCC9   454 _g_SLTATR	=	0xfcc9
                           00FD09   455 _g_SLTWRK	=	0xfd09
                           00FD89   456 _g_PROCNM	=	0xfd89
                           00FFE7   457 _g_RG08SAV	=	0xffe7
                           00FFE8   458 _g_RG09SAV	=	0xffe8
                           00FFE9   459 _g_RG10SAV	=	0xffe9
                           00FFEA   460 _g_RG11SAV	=	0xffea
                           00FFEB   461 _g_RG12SAV	=	0xffeb
                           00FFEC   462 _g_RG13SAV	=	0xffec
                           00FFED   463 _g_RG14SAV	=	0xffed
                           00FFEE   464 _g_RG15SAV	=	0xffee
                           00FFEF   465 _g_RG16SAV	=	0xffef
                           00FFF0   466 _g_RG17SAV	=	0xfff0
                           00FFF1   467 _g_RG18SAV	=	0xfff1
                           00FFF2   468 _g_RG19SAV	=	0xfff2
                           00FFF3   469 _g_RG20SAV	=	0xfff3
                           00FFF4   470 _g_RG21SAV	=	0xfff4
                           00FFF5   471 _g_RG22SAV	=	0xfff5
                           00FFF6   472 _g_RG23SAV	=	0xfff6
                           00FFF7   473 _g_MINROM	=	0xfff7
                           00FFF8   474 _g_SVFFF8	=	0xfff8
                           00FFFA   475 _g_RG25SAV	=	0xfffa
                           00FFFB   476 _g_RG26SAV	=	0xfffb
                           00FFFC   477 _g_RG27SAV	=	0xfffc
                           00FFFD   478 _g_SVFFFD	=	0xfffd
                           000004   479 _g_CGTABL	=	0x0004
                           000006   480 _g_VDP_DR	=	0x0006
                           000007   481 _g_VDP_DW	=	0x0007
                           00002B   482 _g_BASRVN	=	0x002b
                           00002B   483 _g_ROMVersion	=	0x002b
                           00002D   484 _g_MSXVER	=	0x002d
                           00002E   485 _g_MSXMID	=	0x002e
                           000034   486 _g_CHAR_16	=	0x0034
                           000000   487 _g_SUBRID	=	0x0000
                           000002   488 _g_STRSRC	=	0x0002
                           00F30F   489 _g_KANJTABLE	=	0xf30f
                           00F323   490 _g_DISKVE	=	0xf323
                           00F325   491 _g_BREAKV	=	0xf325
                           00F341   492 _g_RAMAD0	=	0xf341
                           00F342   493 _g_RAMAD1	=	0xf342
                           00F343   494 _g_RAMAD2	=	0xf343
                           00F344   495 _g_RAMAD3	=	0xf344
                           00F348   496 _g_MASTER	=	0xf348
                           00F37D   497 _g_BDOS	=	0xf37d
      000003                        498 _g_MSXMusic_Ident:
      000003 41 50 52 4C 4F 50 4C   499 	.ascii "APRLOPLL"
             4C
      00000B 00                     500 	.db 0x00
                                    501 ;/home/bruno/dev/MSXgl/engine/src/msx-music.c:52: bool MSXMusic_CheckInternal(u8 slotId)
                                    502 ;	---------------------------------
                                    503 ; Function MSXMusic_CheckInternal
                                    504 ; ---------------------------------
      00000C                        505 _MSXMusic_CheckInternal::
      00000C DD E5            [15]  506 	push	ix
      00000E DD 21 00 00      [14]  507 	ld	ix,#0
      000012 DD 39            [15]  508 	add	ix,sp
      000014 21 FB FF         [10]  509 	ld	hl, #-5
      000017 39               [11]  510 	add	hl, sp
      000018 F9               [ 6]  511 	ld	sp, hl
      000019 DD 77 FB         [19]  512 	ld	-5 (ix), a
                                    513 ;/home/bruno/dev/MSXgl/engine/src/msx-music.c:54: const c8* ptr = g_MSXMusic_Ident;
      00001C DD 36 FCr03      [19]  514 	ld	-4 (ix), #<(_g_MSXMusic_Ident)
      000020 DD 36 FDs00      [19]  515 	ld	-3 (ix), #>(_g_MSXMusic_Ident)
                                    516 ;/home/bruno/dev/MSXgl/engine/src/msx-music.c:56: while(*ptr != 0)
      000024 DD 36 FE 18      [19]  517 	ld	-2 (ix), #0x18
      000028 DD 36 FF 40      [19]  518 	ld	-1 (ix), #0x40
      00002C                        519 00103$:
      00002C DD 6E FC         [19]  520 	ld	l, -4 (ix)
      00002F DD 66 FD         [19]  521 	ld	h, -3 (ix)
      000032 4E               [ 7]  522 	ld	c, (hl)
      000033 79               [ 4]  523 	ld	a, c
      000034 B7               [ 4]  524 	or	a, a
      000035 28 2A            [12]  525 	jr	Z, 00105$
                                    526 ;/home/bruno/dev/MSXgl/engine/src/msx-music.c:58: if(*ptr != Bios_InterSlotRead(slotId, dest++))
      000037 DD 5E FE         [19]  527 	ld	e, -2 (ix)
      00003A DD 56 FF         [19]  528 	ld	d, -1 (ix)
      00003D DD 34 FE         [23]  529 	inc	-2 (ix)
      000040 20 03            [12]  530 	jr	NZ, 00123$
      000042 DD 34 FF         [23]  531 	inc	-1 (ix)
      000045                        532 00123$:
      000045 C5               [11]  533 	push	bc
      000046 DD 7E FB         [19]  534 	ld	a, -5 (ix)
      000049 CDr00r00         [17]  535 	call	_Bios_InterSlotRead
      00004C 5F               [ 4]  536 	ld	e, a
      00004D C1               [10]  537 	pop	bc
      00004E 79               [ 4]  538 	ld	a, c
      00004F 93               [ 4]  539 	sub	a, e
      000050 28 04            [12]  540 	jr	Z, 00102$
                                    541 ;/home/bruno/dev/MSXgl/engine/src/msx-music.c:59: return FALSE;
      000052 AF               [ 4]  542 	xor	a, a
      000053 C3r63r00         [10]  543 	jp	00106$
      000056                        544 00102$:
                                    545 ;/home/bruno/dev/MSXgl/engine/src/msx-music.c:60: ptr++;
      000056 DD 34 FC         [23]  546 	inc	-4 (ix)
      000059 20 D1            [12]  547 	jr	NZ, 00103$
      00005B DD 34 FD         [23]  548 	inc	-3 (ix)
      00005E C3r2Cr00         [10]  549 	jp	00103$
      000061                        550 00105$:
                                    551 ;/home/bruno/dev/MSXgl/engine/src/msx-music.c:62: return TRUE;
      000061 3E 01            [ 7]  552 	ld	a, #0x01
      000063                        553 00106$:
                                    554 ;/home/bruno/dev/MSXgl/engine/src/msx-music.c:63: }
      000063 DD F9            [10]  555 	ld	sp, ix
      000065 DD E1            [14]  556 	pop	ix
      000067 C9               [10]  557 	ret
                                    558 ;/home/bruno/dev/MSXgl/engine/src/msx-music.c:67: bool MSXMusic_CheckExternal(u8 slotId)
                                    559 ;	---------------------------------
                                    560 ; Function MSXMusic_CheckExternal
                                    561 ; ---------------------------------
      000068                        562 _MSXMusic_CheckExternal::
      000068 DD E5            [15]  563 	push	ix
      00006A DD 21 00 00      [14]  564 	ld	ix,#0
      00006E DD 39            [15]  565 	add	ix,sp
      000070 21 FB FF         [10]  566 	ld	hl, #-5
      000073 39               [11]  567 	add	hl, sp
      000074 F9               [ 6]  568 	ld	sp, hl
      000075 DD 77 FB         [19]  569 	ld	-5 (ix), a
                                    570 ;/home/bruno/dev/MSXgl/engine/src/msx-music.c:69: const c8* ptr = g_MSXMusic_Ident + 4;
      000078 DD 36 FCr07      [19]  571 	ld	-4 (ix), #<((_g_MSXMusic_Ident + 4))
      00007C DD 36 FDs00      [19]  572 	ld	-3 (ix), #>((_g_MSXMusic_Ident + 4))
                                    573 ;/home/bruno/dev/MSXgl/engine/src/msx-music.c:71: while(*ptr != 0)
      000080 DD 36 FE 1C      [19]  574 	ld	-2 (ix), #0x1c
      000084 DD 36 FF 40      [19]  575 	ld	-1 (ix), #0x40
      000088                        576 00103$:
      000088 DD 6E FC         [19]  577 	ld	l, -4 (ix)
      00008B DD 66 FD         [19]  578 	ld	h, -3 (ix)
      00008E 4E               [ 7]  579 	ld	c, (hl)
      00008F 79               [ 4]  580 	ld	a, c
      000090 B7               [ 4]  581 	or	a, a
      000091 28 2A            [12]  582 	jr	Z, 00105$
                                    583 ;/home/bruno/dev/MSXgl/engine/src/msx-music.c:73: if(*ptr != Bios_InterSlotRead(slotId, dest++))
      000093 DD 5E FE         [19]  584 	ld	e, -2 (ix)
      000096 DD 56 FF         [19]  585 	ld	d, -1 (ix)
      000099 DD 34 FE         [23]  586 	inc	-2 (ix)
      00009C 20 03            [12]  587 	jr	NZ, 00123$
      00009E DD 34 FF         [23]  588 	inc	-1 (ix)
      0000A1                        589 00123$:
      0000A1 C5               [11]  590 	push	bc
      0000A2 DD 7E FB         [19]  591 	ld	a, -5 (ix)
      0000A5 CDr00r00         [17]  592 	call	_Bios_InterSlotRead
      0000A8 5F               [ 4]  593 	ld	e, a
      0000A9 C1               [10]  594 	pop	bc
      0000AA 79               [ 4]  595 	ld	a, c
      0000AB 93               [ 4]  596 	sub	a, e
      0000AC 28 04            [12]  597 	jr	Z, 00102$
                                    598 ;/home/bruno/dev/MSXgl/engine/src/msx-music.c:74: return FALSE;
      0000AE AF               [ 4]  599 	xor	a, a
      0000AF C3rBFr00         [10]  600 	jp	00106$
      0000B2                        601 00102$:
                                    602 ;/home/bruno/dev/MSXgl/engine/src/msx-music.c:75: ptr++;
      0000B2 DD 34 FC         [23]  603 	inc	-4 (ix)
      0000B5 20 D1            [12]  604 	jr	NZ, 00103$
      0000B7 DD 34 FD         [23]  605 	inc	-3 (ix)
      0000BA C3r88r00         [10]  606 	jp	00103$
      0000BD                        607 00105$:
                                    608 ;/home/bruno/dev/MSXgl/engine/src/msx-music.c:77: return TRUE;
      0000BD 3E 01            [ 7]  609 	ld	a, #0x01
      0000BF                        610 00106$:
                                    611 ;/home/bruno/dev/MSXgl/engine/src/msx-music.c:78: }
      0000BF DD F9            [10]  612 	ld	sp, ix
      0000C1 DD E1            [14]  613 	pop	ix
      0000C3 C9               [10]  614 	ret
                                    615 ;/home/bruno/dev/MSXgl/engine/src/msx-music.c:82: u8 MSXMusic_Detect()
                                    616 ;	---------------------------------
                                    617 ; Function MSXMusic_Detect
                                    618 ; ---------------------------------
      0000C4                        619 _MSXMusic_Detect::
                                    620 ;/home/bruno/dev/MSXgl/engine/src/msx-music.c:85: g_MSXMusic_SlotId = Sys_CheckSlot(MSXMusic_CheckInternal);
      0000C4 21r0Cr00         [10]  621 	ld	hl, #_MSXMusic_CheckInternal
      0000C7 CDr00r00         [17]  622 	call	_Sys_CheckSlot
                                    623 ;/home/bruno/dev/MSXgl/engine/src/msx-music.c:86: if(g_MSXMusic_SlotId != SLOT_NOTFOUND)
      0000CA 32r00r00         [13]  624 	ld	(_g_MSXMusic_SlotId+0), a
      0000CD 3C               [ 4]  625 	inc	a
      0000CE 28 03            [12]  626 	jr	Z, 00102$
                                    627 ;/home/bruno/dev/MSXgl/engine/src/msx-music.c:87: return MSXMUSIC_INTERNAL;
      0000D0 3E 01            [ 7]  628 	ld	a, #0x01
      0000D2 C9               [10]  629 	ret
      0000D3                        630 00102$:
                                    631 ;/home/bruno/dev/MSXgl/engine/src/msx-music.c:90: g_MSXMusic_SlotId = Sys_CheckSlot(MSXMusic_CheckExternal);
      0000D3 21r68r00         [10]  632 	ld	hl, #_MSXMusic_CheckExternal
      0000D6 CDr00r00         [17]  633 	call	_Sys_CheckSlot
                                    634 ;/home/bruno/dev/MSXgl/engine/src/msx-music.c:91: if(g_MSXMusic_SlotId != SLOT_NOTFOUND)
      0000D9 32r00r00         [13]  635 	ld	(_g_MSXMusic_SlotId+0), a
      0000DC 3C               [ 4]  636 	inc	a
      0000DD 28 19            [12]  637 	jr	Z, 00104$
                                    638 ;/home/bruno/dev/MSXgl/engine/src/msx-music.c:94: u8 val = Bios_InterSlotRead(g_MSXMusic_SlotId, 0x7FF6);
      0000DF 11 F6 7F         [10]  639 	ld	de, #0x7ff6
      0000E2 3Ar00r00         [13]  640 	ld	a, (_g_MSXMusic_SlotId+0)
      0000E5 CDr00r00         [17]  641 	call	_Bios_InterSlotRead
                                    642 ;/home/bruno/dev/MSXgl/engine/src/msx-music.c:95: Bios_InterSlotWrite(g_MSXMusic_SlotId, 0x7FF6, val | 0x01);
      0000E8 CB C7            [ 8]  643 	set	0, a
      0000EA F5               [11]  644 	push	af
      0000EB 33               [ 6]  645 	inc	sp
      0000EC 11 F6 7F         [10]  646 	ld	de, #0x7ff6
      0000EF 3Ar00r00         [13]  647 	ld	a, (_g_MSXMusic_SlotId+0)
      0000F2 CDr00r00         [17]  648 	call	_Bios_InterSlotWrite
                                    649 ;/home/bruno/dev/MSXgl/engine/src/msx-music.c:96: return MSXMUSIC_EXTERNAL;
      0000F5 3E 02            [ 7]  650 	ld	a, #0x02
      0000F7 C9               [10]  651 	ret
      0000F8                        652 00104$:
                                    653 ;/home/bruno/dev/MSXgl/engine/src/msx-music.c:99: return MSXMUSIC_NOTFOUND;
      0000F8 AF               [ 4]  654 	xor	a, a
                                    655 ;/home/bruno/dev/MSXgl/engine/src/msx-music.c:100: }
      0000F9 C9               [10]  656 	ret
                                    657 ;/home/bruno/dev/MSXgl/engine/src/msx-music.c:104: void MSXMusic_SetRegister(u8 reg, u8 value)
                                    658 ;	---------------------------------
                                    659 ; Function MSXMusic_SetRegister
                                    660 ; ---------------------------------
      0000FA                        661 _MSXMusic_SetRegister::
      0000FA 5F               [ 4]  662 	ld	e, a
      0000FB 4D               [ 4]  663 	ld	c, l
                                    664 ;/home/bruno/dev/MSXgl/engine/src/msx-music.c:106: g_MSXMusic_IndexPort = reg;
      0000FC 7B               [ 4]  665 	ld	a, e
      0000FD D3 7C            [11]  666 	out	(_g_MSXMusic_IndexPort), a
                                    667 ;/home/bruno/dev/MSXgl/engine/src/msx-music.c:107: g_MSXMusic_DataPort = value;
      0000FF 79               [ 4]  668 	ld	a, c
      000100 D3 7D            [11]  669 	out	(_g_MSXMusic_DataPort), a
                                    670 ;/home/bruno/dev/MSXgl/engine/src/msx-music.c:110: if((reg & 0xF0) == 0x20) // MSXMUSIC_REG_CTRL_x
      000102 7B               [ 4]  671 	ld	a, e
      000103 E6 F0            [ 7]  672 	and	a, #0xf0
                                    673 ;	spillPairReg hl
                                    674 ;	spillPairReg hl
      000105 06 00            [ 7]  675 	ld	b, #0x00
      000107 D6 20            [ 7]  676 	sub	a, #0x20
      000109 B0               [ 4]  677 	or	a, b
      00010A C0               [11]  678 	ret	NZ
                                    679 ;/home/bruno/dev/MSXgl/engine/src/msx-music.c:111: g_MSXMusic_RegBackup[reg & 0x0F] = value;
      00010B 21r00r00         [10]  680 	ld	hl, #_g_MSXMusic_RegBackup+0
      00010E 7B               [ 4]  681 	ld	a, e
      00010F E6 0F            [ 7]  682 	and	a, #0x0f
      000111 5F               [ 4]  683 	ld	e, a
      000112 16 00            [ 7]  684 	ld	d, #0x00
      000114 19               [11]  685 	add	hl, de
      000115 71               [ 7]  686 	ld	(hl), c
                                    687 ;/home/bruno/dev/MSXgl/engine/src/msx-music.c:113: }
      000116 C9               [10]  688 	ret
                                    689 ;/home/bruno/dev/MSXgl/engine/src/msx-music.c:117: u8 MSXMusic_GetRegister(u8 reg)
                                    690 ;	---------------------------------
                                    691 ; Function MSXMusic_GetRegister
                                    692 ; ---------------------------------
      000117                        693 _MSXMusic_GetRegister::
      000117 D3 7C            [11]  694 	out	(_g_MSXMusic_IndexPort), a
                                    695 ;/home/bruno/dev/MSXgl/engine/src/msx-music.c:120: return g_MSXMusic_DataPort;
      000119 DB 7D            [11]  696 	in	a, (_g_MSXMusic_DataPort)
                                    697 ;/home/bruno/dev/MSXgl/engine/src/msx-music.c:121: }
      00011B C9               [10]  698 	ret
                                    699 ;/home/bruno/dev/MSXgl/engine/src/msx-music.c:125: void MSXMusic_Mute()
                                    700 ;	---------------------------------
                                    701 ; Function MSXMusic_Mute
                                    702 ; ---------------------------------
      00011C                        703 _MSXMusic_Mute::
                                    704 ;/home/bruno/dev/MSXgl/engine/src/msx-music.c:127: loop(i, 9)
      00011C 0E 00            [ 7]  705 	ld	c, #0x00
      00011E                        706 00103$:
                                    707 ;/home/bruno/dev/MSXgl/engine/src/msx-music.c:129: MSXMusic_SetRegister(MSXMUSIC_REG_CTRL_1 + i, 0); // seem to be enough
      00011E 79               [ 4]  708 	ld	a,c
      00011F FE 09            [ 7]  709 	cp	a,#0x09
      000121 D0               [11]  710 	ret	NC
      000122 C6 20            [ 7]  711 	add	a, #0x20
      000124 47               [ 4]  712 	ld	b, a
      000125 C5               [11]  713 	push	bc
      000126 2E 00            [ 7]  714 	ld	l, #0x00
                                    715 ;	spillPairReg hl
                                    716 ;	spillPairReg hl
      000128 78               [ 4]  717 	ld	a, b
      000129 CDrFAr00         [17]  718 	call	_MSXMusic_SetRegister
      00012C C1               [10]  719 	pop	bc
                                    720 ;/home/bruno/dev/MSXgl/engine/src/msx-music.c:127: loop(i, 9)
      00012D 0C               [ 4]  721 	inc	c
                                    722 ;/home/bruno/dev/MSXgl/engine/src/msx-music.c:131: }
      00012E C3r1Er01         [10]  723 	jp	00103$
                                    724 ;/home/bruno/dev/MSXgl/engine/src/msx-music.c:136: void MSXMusic_Resume()
                                    725 ;	---------------------------------
                                    726 ; Function MSXMusic_Resume
                                    727 ; ---------------------------------
      000131                        728 _MSXMusic_Resume::
                                    729 ;/home/bruno/dev/MSXgl/engine/src/msx-music.c:138: loop(i, 9)
      000131 0E 00            [ 7]  730 	ld	c, #0x00
      000133                        731 00103$:
      000133 79               [ 4]  732 	ld	a, c
      000134 D6 09            [ 7]  733 	sub	a, #0x09
      000136 D0               [11]  734 	ret	NC
                                    735 ;/home/bruno/dev/MSXgl/engine/src/msx-music.c:140: MSXMusic_SetRegister(MSXMUSIC_REG_CTRL_1 + i, g_MSXMusic_RegBackup[i]); // seem to be enough
      000137 21r00r00         [10]  736 	ld	hl, #_g_MSXMusic_RegBackup
      00013A 06 00            [ 7]  737 	ld	b, #0x00
      00013C 09               [11]  738 	add	hl, bc
      00013D 6E               [ 7]  739 	ld	l, (hl)
                                    740 ;	spillPairReg hl
      00013E 79               [ 4]  741 	ld	a, c
      00013F C6 20            [ 7]  742 	add	a, #0x20
      000141 47               [ 4]  743 	ld	b, a
      000142 C5               [11]  744 	push	bc
      000143 78               [ 4]  745 	ld	a, b
      000144 CDrFAr00         [17]  746 	call	_MSXMusic_SetRegister
      000147 C1               [10]  747 	pop	bc
                                    748 ;/home/bruno/dev/MSXgl/engine/src/msx-music.c:138: loop(i, 9)
      000148 0C               [ 4]  749 	inc	c
                                    750 ;/home/bruno/dev/MSXgl/engine/src/msx-music.c:142: }
      000149 C3r33r01         [10]  751 	jp	00103$
                                    752 	.area _CODE
                                    753 	.area _INITIALIZER
      000000                        754 __xinit__g_MSXMusic_SlotId:
      000000 FF                     755 	.db #0xff	; 255
                                    756 	.area _CABS (ABS)
