                                      1 ;--------------------------------------------------------
                                      2 ; File Created by SDCC : free open source ANSI-C Compiler
                                      3 ; Version 4.2.0 #13081 (Linux)
                                      4 ;--------------------------------------------------------
                                      5 	.module psg
                                      6 	.optsdcc -mz80
                                      7 	
                                      8 ;--------------------------------------------------------
                                      9 ; Public variables in this module
                                     10 ;--------------------------------------------------------
                                     11 	.globl _g_PSG_VolumeBackup
                                     12 	.globl _g_PSG_Regs
                                     13 	.globl _PSG_SetRegister
                                     14 	.globl _PSG_GetRegister
                                     15 	.globl _PSG_SetTone
                                     16 	.globl _PSG_SetNoise
                                     17 	.globl _PSG_SetMixer
                                     18 	.globl _PSG_SetVolume
                                     19 	.globl _PSG_SetEnvelope
                                     20 	.globl _PSG_SetShape
                                     21 	.globl _PSG_EnableTone
                                     22 	.globl _PSG_EnableNoise
                                     23 	.globl _PSG_EnableEnvelope
                                     24 	.globl _PSG_Mute
                                     25 	.globl _PSG_Resume
                                     26 	.globl _PSG_Apply
                                     27 ;--------------------------------------------------------
                                     28 ; special function registers
                                     29 ;--------------------------------------------------------
                           0000A8    30 _g_PortPrimarySlot	=	0x00a8
                           0000A9    31 _g_PortReadKeyboard	=	0x00a9
                           0000AA    32 _g_PortAccessKeyboard	=	0x00aa
                           0000AB    33 _g_PortControl	=	0x00ab
                           000098    34 _g_VDP_DataPort	=	0x0098
                           000099    35 _g_VDP_RegPort	=	0x0099
                           000099    36 _g_VDP_AddrPort	=	0x0099
                           000099    37 _g_VDP_StatPort	=	0x0099
                           00009A    38 _g_VDP_PalPort	=	0x009a
                           00009B    39 _g_VDP_IRegPort	=	0x009b
                           0000A0    40 _g_PSG_RegPort	=	0x00a0
                           0000A1    41 _g_PSG_DataPort	=	0x00a1
                           0000A2    42 _g_PSG_StatPort	=	0x00a2
                           000010    43 _g_PSG_Ext_RegPort	=	0x0010
                           000011    44 _g_PSG_Ext_DataPort	=	0x0011
                           000012    45 _g_PSG_Ext_StatPort	=	0x0012
                           00007C    46 _g_MSXMusic_IndexPort	=	0x007c
                           00007D    47 _g_MSXMusic_DataPort	=	0x007d
                           0000C0    48 _g_MSXAudio_IndexPort	=	0x00c0
                           0000C1    49 _g_MSXAudio_DataPort	=	0x00c1
                           0000C2    50 _g_MSXAudio_IndexPort2	=	0x00c2
                           0000C3    51 _g_MSXAudio_DataPort2	=	0x00c3
                           0000B4    52 _g_RTC_AddrPort	=	0x00b4
                           0000B5    53 _g_RTC_DataPort	=	0x00b5
                                     54 ;--------------------------------------------------------
                                     55 ; ram data
                                     56 ;--------------------------------------------------------
                                     57 	.area _DATA
      000000                         58 _g_PSG_Regs::
      000000                         59 	.ds 16
      000010                         60 _g_PSG_VolumeBackup::
      000010                         61 	.ds 3
                                     62 ;--------------------------------------------------------
                                     63 ; ram data
                                     64 ;--------------------------------------------------------
                                     65 	.area _INITIALIZED
                                     66 ;--------------------------------------------------------
                                     67 ; absolute external ram data
                                     68 ;--------------------------------------------------------
                                     69 	.area _DABS (ABS)
                                     70 ;--------------------------------------------------------
                                     71 ; global & static initialisations
                                     72 ;--------------------------------------------------------
                                     73 	.area _HOME
                                     74 	.area _GSINIT
                                     75 	.area _GSFINAL
                                     76 	.area _GSINIT
                                     77 ;--------------------------------------------------------
                                     78 ; Home
                                     79 ;--------------------------------------------------------
                                     80 	.area _HOME
                                     81 	.area _HOME
                                     82 ;--------------------------------------------------------
                                     83 ; code
                                     84 ;--------------------------------------------------------
                                     85 	.area _CODE
                                     86 ;/home/bruno/dev/MSXgl/engine/src/psg.c:60: void PSG_SetRegister(u8 reg, u8 value)
                                     87 ;	---------------------------------
                                     88 ; Function PSG_SetRegister
                                     89 ; ---------------------------------
      000000                         90 _PSG_SetRegister::
      000000 5F               [ 4]   91 	ld	e, a
      000001 4D               [ 4]   92 	ld	c, l
                                     93 ;/home/bruno/dev/MSXgl/engine/src/psg.c:64: u8* ptr = (u8*)g_PSG_Regs;
      000002 21r00r00         [10]   94 	ld	hl, #_g_PSG_Regs+0
                                     95 ;/home/bruno/dev/MSXgl/engine/src/psg.c:65: ptr += reg;
      000005 16 00            [ 7]   96 	ld	d, #0x00
      000007 19               [11]   97 	add	hl, de
                                     98 ;/home/bruno/dev/MSXgl/engine/src/psg.c:66: *ptr = value;
      000008 71               [ 7]   99 	ld	(hl), c
                                    100 ;/home/bruno/dev/MSXgl/engine/src/psg.c:74: }
      000009 C9               [10]  101 	ret
                                    102 ;/home/bruno/dev/MSXgl/engine/src/psg.c:78: u8 PSG_GetRegister(u8 reg)
                                    103 ;	---------------------------------
                                    104 ; Function PSG_GetRegister
                                    105 ; ---------------------------------
      00000A                        106 _PSG_GetRegister::
      00000A 5F               [ 4]  107 	ld	e, a
                                    108 ;/home/bruno/dev/MSXgl/engine/src/psg.c:82: u8* ptr = (u8*)g_PSG_Regs;
      00000B 21r00r00         [10]  109 	ld	hl, #_g_PSG_Regs+0
                                    110 ;/home/bruno/dev/MSXgl/engine/src/psg.c:83: ptr += reg;
      00000E 16 00            [ 7]  111 	ld	d, #0x00
      000010 19               [11]  112 	add	hl, de
                                    113 ;/home/bruno/dev/MSXgl/engine/src/psg.c:84: return *ptr;
      000011 7E               [ 7]  114 	ld	a, (hl)
                                    115 ;/home/bruno/dev/MSXgl/engine/src/psg.c:92: }
      000012 C9               [10]  116 	ret
                                    117 ;/home/bruno/dev/MSXgl/engine/src/psg.c:98: void PSG_SetTone(u8 chan, u16 period)
                                    118 ;	---------------------------------
                                    119 ; Function PSG_SetTone
                                    120 ; ---------------------------------
      000013                        121 _PSG_SetTone::
      000013 4F               [ 4]  122 	ld	c, a
                                    123 ;/home/bruno/dev/MSXgl/engine/src/psg.c:102: u8* ptr = (u8*)g_PSG_Regs;
      000014 21r00r00         [10]  124 	ld	hl, #_g_PSG_Regs+0
                                    125 ;/home/bruno/dev/MSXgl/engine/src/psg.c:103: ptr += (chan * 2);
      000017 06 00            [ 7]  126 	ld	b, #0x00
      000019 CB 21            [ 8]  127 	sla	c
      00001B CB 10            [ 8]  128 	rl	b
      00001D 09               [11]  129 	add	hl, bc
                                    130 ;/home/bruno/dev/MSXgl/engine/src/psg.c:104: *ptr = (u8)period;
      00001E 73               [ 7]  131 	ld	(hl), e
                                    132 ;/home/bruno/dev/MSXgl/engine/src/psg.c:105: *++ptr = (u8)(period >> 8);
      00001F 23               [ 6]  133 	inc	hl
      000020 72               [ 7]  134 	ld	(hl), d
                                    135 ;/home/bruno/dev/MSXgl/engine/src/psg.c:116: }
      000021 C9               [10]  136 	ret
                                    137 ;/home/bruno/dev/MSXgl/engine/src/psg.c:120: void PSG_SetNoise(u8 period)
                                    138 ;	---------------------------------
                                    139 ; Function PSG_SetNoise
                                    140 ; ---------------------------------
      000022                        141 _PSG_SetNoise::
      000022 4F               [ 4]  142 	ld	c, a
                                    143 ;/home/bruno/dev/MSXgl/engine/src/psg.c:124: u8* ptr = (u8*)g_PSG_Regs + PSG_REG_NOISE;
      000023 11r00r00         [10]  144 	ld	de, #_g_PSG_Regs+0
      000026 21 06 00         [10]  145 	ld	hl, #0x0006
      000029 19               [11]  146 	add	hl, de
                                    147 ;/home/bruno/dev/MSXgl/engine/src/psg.c:125: *ptr = period;
      00002A 71               [ 7]  148 	ld	(hl), c
                                    149 ;/home/bruno/dev/MSXgl/engine/src/psg.c:133: }
      00002B C9               [10]  150 	ret
                                    151 ;/home/bruno/dev/MSXgl/engine/src/psg.c:137: void PSG_SetMixer(u8 mix)
                                    152 ;	---------------------------------
                                    153 ; Function PSG_SetMixer
                                    154 ; ---------------------------------
      00002C                        155 _PSG_SetMixer::
      00002C 4F               [ 4]  156 	ld	c, a
                                    157 ;/home/bruno/dev/MSXgl/engine/src/psg.c:141: u8* ptr = (u8*)g_PSG_Regs + PSG_REG_MIXER;
      00002D 11r00r00         [10]  158 	ld	de, #_g_PSG_Regs+0
      000030 21 07 00         [10]  159 	ld	hl, #0x0007
      000033 19               [11]  160 	add	hl, de
                                    161 ;/home/bruno/dev/MSXgl/engine/src/psg.c:142: *ptr = ~mix; // with PSG_INDIRECT bit #6 & #7 are handled in PSG_Apply() function
      000034 79               [ 4]  162 	ld	a, c
      000035 2F               [ 4]  163 	cpl
      000036 77               [ 7]  164 	ld	(hl), a
                                    165 ;/home/bruno/dev/MSXgl/engine/src/psg.c:150: }
      000037 C9               [10]  166 	ret
                                    167 ;/home/bruno/dev/MSXgl/engine/src/psg.c:154: void PSG_SetVolume(u8 chan, u8 vol)
                                    168 ;	---------------------------------
                                    169 ; Function PSG_SetVolume
                                    170 ; ---------------------------------
      000038                        171 _PSG_SetVolume::
      000038 47               [ 4]  172 	ld	b, a
      000039 4D               [ 4]  173 	ld	c, l
                                    174 ;/home/bruno/dev/MSXgl/engine/src/psg.c:158: u8* ptr = (u8*)g_PSG_Regs + PSG_REG_AMP_A;
      00003A 11r00r00         [10]  175 	ld	de, #_g_PSG_Regs+0
      00003D 21 08 00         [10]  176 	ld	hl, #0x0008
      000040 19               [11]  177 	add	hl, de
                                    178 ;/home/bruno/dev/MSXgl/engine/src/psg.c:159: ptr += chan;
      000041 58               [ 4]  179 	ld	e, b
      000042 16 00            [ 7]  180 	ld	d, #0x00
      000044 19               [11]  181 	add	hl, de
                                    182 ;/home/bruno/dev/MSXgl/engine/src/psg.c:160: *ptr = vol;
      000045 71               [ 7]  183 	ld	(hl), c
                                    184 ;/home/bruno/dev/MSXgl/engine/src/psg.c:168: }
      000046 C9               [10]  185 	ret
                                    186 ;/home/bruno/dev/MSXgl/engine/src/psg.c:172: void PSG_SetEnvelope(u16 period)
                                    187 ;	---------------------------------
                                    188 ; Function PSG_SetEnvelope
                                    189 ; ---------------------------------
      000047                        190 _PSG_SetEnvelope::
      000047 EB               [ 4]  191 	ex	de, hl
                                    192 ;/home/bruno/dev/MSXgl/engine/src/psg.c:176: g_PSG_Regs.Envelope = period;
      000048 ED 53r0Br00      [20]  193 	ld	((_g_PSG_Regs + 11)), de
                                    194 ;/home/bruno/dev/MSXgl/engine/src/psg.c:187: }
      00004C C9               [10]  195 	ret
                                    196 ;/home/bruno/dev/MSXgl/engine/src/psg.c:191: void PSG_SetShape(u8 shape)
                                    197 ;	---------------------------------
                                    198 ; Function PSG_SetShape
                                    199 ; ---------------------------------
      00004D                        200 _PSG_SetShape::
      00004D 4F               [ 4]  201 	ld	c, a
                                    202 ;/home/bruno/dev/MSXgl/engine/src/psg.c:195: g_PSG_Regs.Shape = shape;
      00004E 21r0Dr00         [10]  203 	ld	hl, #(_g_PSG_Regs + 13)
      000051 71               [ 7]  204 	ld	(hl), c
                                    205 ;/home/bruno/dev/MSXgl/engine/src/psg.c:203: }
      000052 C9               [10]  206 	ret
                                    207 ;/home/bruno/dev/MSXgl/engine/src/psg.c:207: void PSG_EnableTone(u8 chan, u8 val)
                                    208 ;	---------------------------------
                                    209 ; Function PSG_EnableTone
                                    210 ; ---------------------------------
      000053                        211 _PSG_EnableTone::
      000053 5F               [ 4]  212 	ld	e, a
      000054 4D               [ 4]  213 	ld	c, l
                                    214 ;/home/bruno/dev/MSXgl/engine/src/psg.c:210: u8 mix = g_PSG_Regs.Mixer;
      000055 21r07r00         [10]  215 	ld	hl, #_g_PSG_Regs+7
      000058 56               [ 7]  216 	ld	d, (hl)
                                    217 ;/home/bruno/dev/MSXgl/engine/src/psg.c:216: u8 bit = 1 << chan;
      000059 43               [ 4]  218 	ld	b, e
      00005A 1E 01            [ 7]  219 	ld	e, #0x01
      00005C 04               [ 4]  220 	inc	b
      00005D C3r62r00         [10]  221 	jp	00111$
      000060                        222 00110$:
      000060 CB 23            [ 8]  223 	sla	e
      000062                        224 00111$:
      000062 10 FC            [13]  225 	djnz	00110$
                                    226 ;/home/bruno/dev/MSXgl/engine/src/psg.c:217: mix &= ~bit;
      000064 7B               [ 4]  227 	ld	a, e
      000065 2F               [ 4]  228 	cpl
      000066 A2               [ 4]  229 	and	a, d
                                    230 ;/home/bruno/dev/MSXgl/engine/src/psg.c:219: if(val == 0)
      000067 0C               [ 4]  231 	inc	c
      000068 0D               [ 4]  232 	dec	c
      000069 20 01            [12]  233 	jr	NZ, 00102$
                                    234 ;/home/bruno/dev/MSXgl/engine/src/psg.c:220: mix |= bit;
      00006B B3               [ 4]  235 	or	a, e
      00006C                        236 00102$:
                                    237 ;/home/bruno/dev/MSXgl/engine/src/psg.c:223: g_PSG_Regs.Mixer = mix;
      00006C 77               [ 7]  238 	ld	(hl), a
                                    239 ;/home/bruno/dev/MSXgl/engine/src/psg.c:227: }
      00006D C9               [10]  240 	ret
                                    241 ;/home/bruno/dev/MSXgl/engine/src/psg.c:231: void PSG_EnableNoise(u8 chan, u8 val)
                                    242 ;	---------------------------------
                                    243 ; Function PSG_EnableNoise
                                    244 ; ---------------------------------
      00006E                        245 _PSG_EnableNoise::
      00006E 5F               [ 4]  246 	ld	e, a
      00006F 4D               [ 4]  247 	ld	c, l
                                    248 ;/home/bruno/dev/MSXgl/engine/src/psg.c:234: u8 mix = g_PSG_Regs.Mixer;
      000070 21r07r00         [10]  249 	ld	hl, #_g_PSG_Regs+7
      000073 56               [ 7]  250 	ld	d, (hl)
                                    251 ;/home/bruno/dev/MSXgl/engine/src/psg.c:240: u8 bit = 8 << chan;
      000074 43               [ 4]  252 	ld	b, e
      000075 1E 08            [ 7]  253 	ld	e, #0x08
      000077 04               [ 4]  254 	inc	b
      000078 C3r7Dr00         [10]  255 	jp	00111$
      00007B                        256 00110$:
      00007B CB 23            [ 8]  257 	sla	e
      00007D                        258 00111$:
      00007D 10 FC            [13]  259 	djnz	00110$
                                    260 ;/home/bruno/dev/MSXgl/engine/src/psg.c:241: mix &= ~bit;
      00007F 7B               [ 4]  261 	ld	a, e
      000080 2F               [ 4]  262 	cpl
      000081 A2               [ 4]  263 	and	a, d
                                    264 ;/home/bruno/dev/MSXgl/engine/src/psg.c:243: if(val == 0)
      000082 0C               [ 4]  265 	inc	c
      000083 0D               [ 4]  266 	dec	c
      000084 20 01            [12]  267 	jr	NZ, 00102$
                                    268 ;/home/bruno/dev/MSXgl/engine/src/psg.c:244: mix |= bit;
      000086 B3               [ 4]  269 	or	a, e
      000087                        270 00102$:
                                    271 ;/home/bruno/dev/MSXgl/engine/src/psg.c:247: g_PSG_Regs.Mixer = mix;
      000087 77               [ 7]  272 	ld	(hl), a
                                    273 ;/home/bruno/dev/MSXgl/engine/src/psg.c:251: }
      000088 C9               [10]  274 	ret
                                    275 ;/home/bruno/dev/MSXgl/engine/src/psg.c:255: void PSG_EnableEnvelope(u8 chan, u8 val)
                                    276 ;	---------------------------------
                                    277 ; Function PSG_EnableEnvelope
                                    278 ; ---------------------------------
      000089                        279 _PSG_EnableEnvelope::
      000089 5F               [ 4]  280 	ld	e, a
      00008A 45               [ 4]  281 	ld	b, l
                                    282 ;/home/bruno/dev/MSXgl/engine/src/psg.c:258: u8 vol = g_PSG_Regs.Volume[chan];
      00008B 21r08r00         [10]  283 	ld	hl, #_g_PSG_Regs+8
      00008E 16 00            [ 7]  284 	ld	d, #0x00
      000090 19               [11]  285 	add	hl, de
      000091 7E               [ 7]  286 	ld	a, (hl)
                                    287 ;/home/bruno/dev/MSXgl/engine/src/psg.c:264: vol &= 0x0F;
      000092 E6 0F            [ 7]  288 	and	a, #0x0f
      000094 4F               [ 4]  289 	ld	c, a
                                    290 ;/home/bruno/dev/MSXgl/engine/src/psg.c:266: if(val != 0)
      000095 78               [ 4]  291 	ld	a, b
      000096 B7               [ 4]  292 	or	a, a
      000097 28 02            [12]  293 	jr	Z, 00102$
                                    294 ;/home/bruno/dev/MSXgl/engine/src/psg.c:267: vol |= PSG_F_ENV;
      000099 CB E1            [ 8]  295 	set	4, c
      00009B                        296 00102$:
                                    297 ;/home/bruno/dev/MSXgl/engine/src/psg.c:270: g_PSG_Regs.Volume[chan] = vol;
      00009B 71               [ 7]  298 	ld	(hl), c
                                    299 ;/home/bruno/dev/MSXgl/engine/src/psg.c:274: }
      00009C C9               [10]  300 	ret
                                    301 ;/home/bruno/dev/MSXgl/engine/src/psg.c:280: void PSG_Mute()
                                    302 ;	---------------------------------
                                    303 ; Function PSG_Mute
                                    304 ; ---------------------------------
      00009D                        305 _PSG_Mute::
                                    306 ;/home/bruno/dev/MSXgl/engine/src/psg.c:284: loop(i, 3)
      00009D 0E 00            [ 7]  307 	ld	c, #0x00
      00009F                        308 00103$:
      00009F 79               [ 4]  309 	ld	a, c
      0000A0 D6 03            [ 7]  310 	sub	a, #0x03
      0000A2 D0               [11]  311 	ret	NC
                                    312 ;/home/bruno/dev/MSXgl/engine/src/psg.c:287: g_PSG_VolumeBackup[i] = g_PSG_Regs.Volume[i];
      0000A3 21r10r00         [10]  313 	ld	hl, #_g_PSG_VolumeBackup
      0000A6 06 00            [ 7]  314 	ld	b, #0x00
      0000A8 09               [11]  315 	add	hl, bc
      0000A9 3Er08            [ 7]  316 	ld	a, #<((_g_PSG_Regs + 8))
      0000AB 81               [ 4]  317 	add	a, c
      0000AC 5F               [ 4]  318 	ld	e, a
      0000AD 3Es00            [ 7]  319 	ld	a, #>((_g_PSG_Regs + 8))
      0000AF CE 00            [ 7]  320 	adc	a, #0x00
      0000B1 57               [ 4]  321 	ld	d, a
      0000B2 1A               [ 7]  322 	ld	a, (de)
      0000B3 77               [ 7]  323 	ld	(hl), a
                                    324 ;/home/bruno/dev/MSXgl/engine/src/psg.c:289: g_PSG_Regs.Volume[i] = 0;
      0000B4 AF               [ 4]  325 	xor	a, a
      0000B5 12               [ 7]  326 	ld	(de), a
                                    327 ;/home/bruno/dev/MSXgl/engine/src/psg.c:284: loop(i, 3)
      0000B6 0C               [ 4]  328 	inc	c
                                    329 ;/home/bruno/dev/MSXgl/engine/src/psg.c:304: }
      0000B7 C3r9Fr00         [10]  330 	jp	00103$
                                    331 ;/home/bruno/dev/MSXgl/engine/src/psg.c:309: void PSG_Resume()
                                    332 ;	---------------------------------
                                    333 ; Function PSG_Resume
                                    334 ; ---------------------------------
      0000BA                        335 _PSG_Resume::
                                    336 ;/home/bruno/dev/MSXgl/engine/src/psg.c:313: loop(i, 3)
      0000BA 0E 00            [ 7]  337 	ld	c, #0x00
      0000BC                        338 00103$:
      0000BC 79               [ 4]  339 	ld	a, c
      0000BD D6 03            [ 7]  340 	sub	a, #0x03
      0000BF D0               [11]  341 	ret	NC
                                    342 ;/home/bruno/dev/MSXgl/engine/src/psg.c:315: g_PSG_Regs.Volume[i] = g_PSG_VolumeBackup[i];
      0000C0 3Er08            [ 7]  343 	ld	a, #<((_g_PSG_Regs + 8))
      0000C2 81               [ 4]  344 	add	a, c
      0000C3 5F               [ 4]  345 	ld	e, a
      0000C4 3Es00            [ 7]  346 	ld	a, #>((_g_PSG_Regs + 8))
      0000C6 CE 00            [ 7]  347 	adc	a, #0x00
      0000C8 57               [ 4]  348 	ld	d, a
      0000C9 21r10r00         [10]  349 	ld	hl, #_g_PSG_VolumeBackup
      0000CC 06 00            [ 7]  350 	ld	b, #0x00
      0000CE 09               [11]  351 	add	hl, bc
      0000CF 7E               [ 7]  352 	ld	a, (hl)
      0000D0 12               [ 7]  353 	ld	(de), a
                                    354 ;/home/bruno/dev/MSXgl/engine/src/psg.c:313: loop(i, 3)
      0000D1 0C               [ 4]  355 	inc	c
                                    356 ;/home/bruno/dev/MSXgl/engine/src/psg.c:327: }
      0000D2 C3rBCr00         [10]  357 	jp	00103$
                                    358 ;/home/bruno/dev/MSXgl/engine/src/psg.c:335: void PSG_Apply()
                                    359 ;	---------------------------------
                                    360 ; Function PSG_Apply
                                    361 ; ---------------------------------
      0000D5                        362 _PSG_Apply::
                                    363 ;/home/bruno/dev/MSXgl/engine/src/psg.c:402: __endasm;
      0000D5 3Ar07r00         [13]  364 	ld	A, (#_g_PSG_Regs + 7)
      0000D8 E6 3F            [ 7]  365 	and	#0b00111111
      0000DA 47               [ 4]  366 	ld	B, A
      0000DB 3E 07            [ 7]  367 	ld	A, #7
      0000DD D3 A0            [11]  368 	out	(#0xA0), A
      0000DF DB A2            [11]  369 	in	A, (#0xA2)
      0000E1 E6 C0            [ 7]  370 	and	#0b11000000
      0000E3 B0               [ 4]  371 	or	B
      0000E4 32r07r00         [13]  372 	ld	(#_g_PSG_Regs + 7), A
      0000E7 21r00r00         [10]  373 	ld	HL, #_g_PSG_Regs
      0000EA 0E A1            [ 7]  374 	ld	C, #0xA1
      0000EC AF               [ 4]  375 	xor	A
                                    376 	.rept	13
                                    377 	out	(0xA0), A
                                    378 	outi
                                    379 	inc	A
                                    380 	.endm
      0000ED D3 A0            [11]    1 	out	(0xA0), A
      0000EF ED A3            [16]    2 	outi
      0000F1 3C               [ 4]    3 	inc	A
      0000F2 D3 A0            [11]    1 	out	(0xA0), A
      0000F4 ED A3            [16]    2 	outi
      0000F6 3C               [ 4]    3 	inc	A
      0000F7 D3 A0            [11]    1 	out	(0xA0), A
      0000F9 ED A3            [16]    2 	outi
      0000FB 3C               [ 4]    3 	inc	A
      0000FC D3 A0            [11]    1 	out	(0xA0), A
      0000FE ED A3            [16]    2 	outi
      000100 3C               [ 4]    3 	inc	A
      000101 D3 A0            [11]    1 	out	(0xA0), A
      000103 ED A3            [16]    2 	outi
      000105 3C               [ 4]    3 	inc	A
      000106 D3 A0            [11]    1 	out	(0xA0), A
      000108 ED A3            [16]    2 	outi
      00010A 3C               [ 4]    3 	inc	A
      00010B D3 A0            [11]    1 	out	(0xA0), A
      00010D ED A3            [16]    2 	outi
      00010F 3C               [ 4]    3 	inc	A
      000110 D3 A0            [11]    1 	out	(0xA0), A
      000112 ED A3            [16]    2 	outi
      000114 3C               [ 4]    3 	inc	A
      000115 D3 A0            [11]    1 	out	(0xA0), A
      000117 ED A3            [16]    2 	outi
      000119 3C               [ 4]    3 	inc	A
      00011A D3 A0            [11]    1 	out	(0xA0), A
      00011C ED A3            [16]    2 	outi
      00011E 3C               [ 4]    3 	inc	A
      00011F D3 A0            [11]    1 	out	(0xA0), A
      000121 ED A3            [16]    2 	outi
      000123 3C               [ 4]    3 	inc	A
      000124 D3 A0            [11]    1 	out	(0xA0), A
      000126 ED A3            [16]    2 	outi
      000128 3C               [ 4]    3 	inc	A
      000129 D3 A0            [11]    1 	out	(0xA0), A
      00012B ED A3            [16]    2 	outi
      00012D 3C               [ 4]    3 	inc	A
      00012E D3 A0            [11]  381 	out	(0xA0), A
      000130 7E               [ 7]  382 	ld	A, (HL)
      000131 A7               [ 4]  383 	and	A
      000132 FAr37r01         [10]  384 	jp	M, PSG_End
      000135 D3 A1            [11]  385 	out	(0xA1), A
      000137                        386 	PSG_End:
      000137 F6 80            [ 7]  387 	or	#0x80
      000139 77               [ 7]  388 	ld	(HL), A
                                    389 ;/home/bruno/dev/MSXgl/engine/src/psg.c:403: }
      00013A C9               [10]  390 	ret
                                    391 	.area _CODE
                                    392 	.area _INITIALIZER
                                    393 	.area _CABS (ABS)
