                                      1 ;--------------------------------------------------------
                                      2 ; File Created by SDCC : free open source ANSI-C Compiler
                                      3 ; Version 4.2.0 #13081 (Linux)
                                      4 ;--------------------------------------------------------
                                      5 	.module string
                                      6 	.optsdcc -mz80
                                      7 	
                                      8 ;--------------------------------------------------------
                                      9 ; Public variables in this module
                                     10 ;--------------------------------------------------------
                                     11 	.globl _String_FromUInt8ZT
                                     12 	.globl _String_FromUInt8
                                     13 	.globl _String_FromUInt16ZT
                                     14 	.globl _String_FromUInt16
                                     15 	.globl _String_Format
                                     16 ;--------------------------------------------------------
                                     17 ; special function registers
                                     18 ;--------------------------------------------------------
                                     19 ;--------------------------------------------------------
                                     20 ; ram data
                                     21 ;--------------------------------------------------------
                                     22 	.area _DATA
                                     23 ;--------------------------------------------------------
                                     24 ; ram data
                                     25 ;--------------------------------------------------------
                                     26 	.area _INITIALIZED
                                     27 ;--------------------------------------------------------
                                     28 ; absolute external ram data
                                     29 ;--------------------------------------------------------
                                     30 	.area _DABS (ABS)
                                     31 ;--------------------------------------------------------
                                     32 ; global & static initialisations
                                     33 ;--------------------------------------------------------
                                     34 	.area _HOME
                                     35 	.area _GSINIT
                                     36 	.area _GSFINAL
                                     37 	.area _GSINIT
                                     38 ;--------------------------------------------------------
                                     39 ; Home
                                     40 ;--------------------------------------------------------
                                     41 	.area _HOME
                                     42 	.area _HOME
                                     43 ;--------------------------------------------------------
                                     44 ; code
                                     45 ;--------------------------------------------------------
                                     46 	.area _CODE
                                     47 ;/home/bruno/dev/MSXgl/engine/src/string.c:29: void String_FromUInt8ZT(u8 value, c8* string)
                                     48 ;	---------------------------------
                                     49 ; Function String_FromUInt8ZT
                                     50 ; ---------------------------------
      000000                         51 _String_FromUInt8ZT::
                                     52 ;/home/bruno/dev/MSXgl/engine/src/string.c:37: __endasm;
      000000 CDr16r00         [17]   53 	call	_String_FromUInt8
      000003 AF               [ 4]   54 	xor	a
      000004 12               [ 7]   55 	ld	(de), a
                                     56 ;/home/bruno/dev/MSXgl/engine/src/string.c:38: }
      000005 C9               [10]   57 	ret
      000006                         58 _g_HexChar:
      000006 30                      59 	.db #0x30	; 48	'0'
      000007 31                      60 	.db #0x31	; 49	'1'
      000008 32                      61 	.db #0x32	; 50	'2'
      000009 33                      62 	.db #0x33	; 51	'3'
      00000A 34                      63 	.db #0x34	; 52	'4'
      00000B 35                      64 	.db #0x35	; 53	'5'
      00000C 36                      65 	.db #0x36	; 54	'6'
      00000D 37                      66 	.db #0x37	; 55	'7'
      00000E 38                      67 	.db #0x38	; 56	'8'
      00000F 39                      68 	.db #0x39	; 57	'9'
      000010 41                      69 	.db #0x41	; 65	'A'
      000011 42                      70 	.db #0x42	; 66	'B'
      000012 43                      71 	.db #0x43	; 67	'C'
      000013 44                      72 	.db #0x44	; 68	'D'
      000014 45                      73 	.db #0x45	; 69	'E'
      000015 46                      74 	.db #0x46	; 70	'F'
                                     75 ;/home/bruno/dev/MSXgl/engine/src/string.c:42: void String_FromUInt8(u8 value, c8* string)
                                     76 ;	---------------------------------
                                     77 ; Function String_FromUInt8
                                     78 ; ---------------------------------
      000016                         79 _String_FromUInt8::
                                     80 ;/home/bruno/dev/MSXgl/engine/src/string.c:67: __endasm;
      000016                         81 	DispA:
      000016 0E 9C            [ 7]   82 	ld	c, #-100
      000018 CDr22r00         [17]   83 	call	Na1
      00001B 0E F6            [ 7]   84 	ld	c, #-10
      00001D CDr22r00         [17]   85 	call	Na1
      000020 0E FF            [ 7]   86 	ld	c, #-1
      000022                         87 	Na1:
      000022 06 2F            [ 7]   88 	ld	b, #'0'-1
      000024                         89 	Na2:
      000024 04               [ 4]   90 	inc	b
      000025 81               [ 4]   91 	add	a, c
      000026 38 FC            [12]   92 	jr	c, Na2
      000028 91               [ 4]   93 	sub	c
      000029 08               [ 4]   94 	ex	af, af'		; '
      00002A 78               [ 4]   95 	ld	a, b
      00002B 12               [ 7]   96 	ld	(de), a
      00002C 13               [ 6]   97 	inc	de
      00002D 08               [ 4]   98 	ex	af, af'		; '
      00002E C9               [10]   99 	ret
                                    100 ;/home/bruno/dev/MSXgl/engine/src/string.c:69: }
      00002F C9               [10]  101 	ret
                                    102 ;/home/bruno/dev/MSXgl/engine/src/string.c:76: void String_FromUInt16ZT(u16 value, c8* string)
                                    103 ;	---------------------------------
                                    104 ; Function String_FromUInt16ZT
                                    105 ; ---------------------------------
      000030                        106 _String_FromUInt16ZT::
                                    107 ;/home/bruno/dev/MSXgl/engine/src/string.c:84: __endasm;
      000030 CDr36r00         [17]  108 	call	_String_FromUInt16
      000033 AF               [ 4]  109 	xor	a
      000034 12               [ 7]  110 	ld	(de), a
                                    111 ;/home/bruno/dev/MSXgl/engine/src/string.c:85: }
      000035 C9               [10]  112 	ret
                                    113 ;/home/bruno/dev/MSXgl/engine/src/string.c:89: void String_FromUInt16(u16 value, c8* string)
                                    114 ;	---------------------------------
                                    115 ; Function String_FromUInt16
                                    116 ; ---------------------------------
      000036                        117 _String_FromUInt16::
                                    118 ;/home/bruno/dev/MSXgl/engine/src/string.c:116: __endasm;
      000036                        119 	Num2Dec:
      000036 01 F0 D8         [10]  120 	ld	bc, #-10000
      000039 CDr4Er00         [17]  121 	call	Num1
      00003C 01 18 FC         [10]  122 	ld	bc, #-1000
      00003F CDr4Er00         [17]  123 	call	Num1
      000042 01 9C FF         [10]  124 	ld	bc, #-100
      000045 CDr4Er00         [17]  125 	call	Num1
      000048 0E F6            [ 7]  126 	ld	c, #-10
      00004A CDr4Er00         [17]  127 	call	Num1
      00004D 48               [ 4]  128 	ld	c, b
      00004E                        129 	Num1:
      00004E 3E 2F            [ 7]  130 	ld	a, #'0'-1
      000050                        131 	Num2:
      000050 3C               [ 4]  132 	inc	a
      000051 09               [11]  133 	add	hl, bc
      000052 38 FC            [12]  134 	jr	c, Num2
      000054 ED 42            [15]  135 	sbc	hl, bc
      000056 12               [ 7]  136 	ld	(de), a
      000057 13               [ 6]  137 	inc	de
      000058 C9               [10]  138 	ret
                                    139 ;/home/bruno/dev/MSXgl/engine/src/string.c:117: }
      000059 C9               [10]  140 	ret
                                    141 ;/home/bruno/dev/MSXgl/engine/src/string.c:129: void String_Format(c8* dest, const c8* format, ...)
                                    142 ;	---------------------------------
                                    143 ; Function String_Format
                                    144 ; ---------------------------------
      00005A                        145 _String_Format::
      00005A DD E5            [15]  146 	push	ix
      00005C DD 21 00 00      [14]  147 	ld	ix,#0
      000060 DD 39            [15]  148 	add	ix,sp
      000062 21 DD FF         [10]  149 	ld	hl, #-35
      000065 39               [11]  150 	add	hl, sp
      000066 F9               [ 6]  151 	ld	sp, hl
                                    152 ;/home/bruno/dev/MSXgl/engine/src/string.c:132: va_start(args, format);
      000067 21 2B 00         [10]  153 	ld	hl, #43
      00006A 39               [11]  154 	add	hl, sp
      00006B DD 75 ED         [19]  155 	ld	-19 (ix), l
      00006E DD 74 EE         [19]  156 	ld	-18 (ix), h
                                    157 ;/home/bruno/dev/MSXgl/engine/src/string.c:135: const c8* ptr = format;
      000071 DD 7E 06         [19]  158 	ld	a, 6 (ix)
      000074 DD 77 F9         [19]  159 	ld	-7 (ix), a
      000077 DD 7E 07         [19]  160 	ld	a, 7 (ix)
      00007A DD 77 FA         [19]  161 	ld	-6 (ix), a
                                    162 ;/home/bruno/dev/MSXgl/engine/src/string.c:136: while(*ptr != 0)
      00007D                        163 00166$:
      00007D DD 6E F9         [19]  164 	ld	l, -7 (ix)
      000080 DD 66 FA         [19]  165 	ld	h, -6 (ix)
      000083 7E               [ 7]  166 	ld	a, (hl)
      000084 DD 77 FF         [19]  167 	ld	-1 (ix), a
      000087 B7               [ 4]  168 	or	a, a
      000088 CArE8r06         [10]  169 	jp	Z, 00168$
                                    170 ;/home/bruno/dev/MSXgl/engine/src/string.c:138: if(*ptr == '%')
      00008B DD 7E FF         [19]  171 	ld	a, -1 (ix)
      00008E D6 25            [ 7]  172 	sub	a, #0x25
      000090 C2rB3r06         [10]  173 	jp	NZ,00164$
                                    174 ;/home/bruno/dev/MSXgl/engine/src/string.c:140: ptr++;
      000093 DD 4E F9         [19]  175 	ld	c, -7 (ix)
      000096 DD 46 FA         [19]  176 	ld	b, -6 (ix)
      000099 03               [ 6]  177 	inc	bc
                                    178 ;/home/bruno/dev/MSXgl/engine/src/string.c:143: u8 pad = STRINT_PAD_NONE;
      00009A DD 36 EF 00      [19]  179 	ld	-17 (ix), #0x00
                                    180 ;/home/bruno/dev/MSXgl/engine/src/string.c:144: u8 len = 0;
      00009E DD 36 F0 00      [19]  181 	ld	-16 (ix), #0x00
                                    182 ;/home/bruno/dev/MSXgl/engine/src/string.c:145: if(*ptr == '0')
      0000A2 0A               [ 7]  183 	ld	a, (bc)
      0000A3 5F               [ 4]  184 	ld	e, a
      0000A4 D6 30            [ 7]  185 	sub	a, #0x30
      0000A6 20 08            [12]  186 	jr	NZ, 00105$
                                    187 ;/home/bruno/dev/MSXgl/engine/src/string.c:147: pad = STRINT_PAD_ZERO;
      0000A8 DD 36 EF 01      [19]  188 	ld	-17 (ix), #0x01
                                    189 ;/home/bruno/dev/MSXgl/engine/src/string.c:148: ptr++;
      0000AC 03               [ 6]  190 	inc	bc
      0000AD C3rC5r00         [10]  191 	jp	00190$
      0000B0                        192 00105$:
                                    193 ;/home/bruno/dev/MSXgl/engine/src/string.c:150: else if((*ptr >= '1') && (*ptr <= '9'))
      0000B0 7B               [ 4]  194 	ld	a, e
      0000B1 D6 31            [ 7]  195 	sub	a, #0x31
      0000B3 38 10            [12]  196 	jr	C, 00190$
      0000B5 3E 39            [ 7]  197 	ld	a, #0x39
      0000B7 93               [ 4]  198 	sub	a, e
      0000B8 38 0B            [12]  199 	jr	C, 00190$
                                    200 ;/home/bruno/dev/MSXgl/engine/src/string.c:152: pad = STRINT_PAD_SPACE;
      0000BA DD 36 EF 02      [19]  201 	ld	-17 (ix), #0x02
                                    202 ;/home/bruno/dev/MSXgl/engine/src/string.c:153: len = *ptr - '0';
      0000BE 7B               [ 4]  203 	ld	a, e
      0000BF C6 D0            [ 7]  204 	add	a, #0xd0
      0000C1 DD 77 F0         [19]  205 	ld	-16 (ix), a
                                    206 ;/home/bruno/dev/MSXgl/engine/src/string.c:154: ptr++;
      0000C4 03               [ 6]  207 	inc	bc
                                    208 ;/home/bruno/dev/MSXgl/engine/src/string.c:156: while((*ptr >= '0') && (*ptr <= '9'))
      0000C5                        209 00190$:
      0000C5 DD 71 FE         [19]  210 	ld	-2 (ix), c
      0000C8 DD 70 FF         [19]  211 	ld	-1 (ix), b
      0000CB                        212 00108$:
      0000CB DD 6E FE         [19]  213 	ld	l, -2 (ix)
      0000CE DD 66 FF         [19]  214 	ld	h, -1 (ix)
      0000D1 4E               [ 7]  215 	ld	c, (hl)
      0000D2 79               [ 4]  216 	ld	a, c
      0000D3 D6 30            [ 7]  217 	sub	a, #0x30
      0000D5 38 1F            [12]  218 	jr	C, 00229$
      0000D7 3E 39            [ 7]  219 	ld	a, #0x39
      0000D9 91               [ 4]  220 	sub	a, c
      0000DA 38 1A            [12]  221 	jr	C, 00229$
                                    222 ;/home/bruno/dev/MSXgl/engine/src/string.c:158: len *= 10;
      0000DC DD 6E F0         [19]  223 	ld	l, -16 (ix)
                                    224 ;	spillPairReg hl
                                    225 ;	spillPairReg hl
      0000DF 5D               [ 4]  226 	ld	e, l
      0000E0 29               [11]  227 	add	hl, hl
      0000E1 29               [11]  228 	add	hl, hl
      0000E2 19               [11]  229 	add	hl, de
      0000E3 29               [11]  230 	add	hl, hl
                                    231 ;/home/bruno/dev/MSXgl/engine/src/string.c:159: len += *ptr - '0';
      0000E4 79               [ 4]  232 	ld	a, c
      0000E5 C6 D0            [ 7]  233 	add	a, #0xd0
      0000E7 85               [ 4]  234 	add	a, l
      0000E8 DD 77 F0         [19]  235 	ld	-16 (ix), a
                                    236 ;/home/bruno/dev/MSXgl/engine/src/string.c:160: ptr++;
      0000EB DD 34 FE         [23]  237 	inc	-2 (ix)
      0000EE 20 DB            [12]  238 	jr	NZ, 00108$
      0000F0 DD 34 FF         [23]  239 	inc	-1 (ix)
      0000F3 C3rCBr00         [10]  240 	jp	00108$
      0000F6                        241 00229$:
      0000F6 DD 7E FE         [19]  242 	ld	a, -2 (ix)
      0000F9 DD 77 F9         [19]  243 	ld	-7 (ix), a
      0000FC DD 7E FF         [19]  244 	ld	a, -1 (ix)
      0000FF DD 77 FA         [19]  245 	ld	-6 (ix), a
                                    246 ;/home/bruno/dev/MSXgl/engine/src/string.c:164: switch(*ptr)
      000102 79               [ 4]  247 	ld	a,c
      000103 FE 25            [ 7]  248 	cp	a,#0x25
      000105 28 31            [12]  249 	jr	Z, 00111$
      000107 FE 44            [ 7]  250 	cp	a,#0x44
      000109 28 3F            [12]  251 	jr	Z, 00115$
      00010B FE 49            [ 7]  252 	cp	a,#0x49
      00010D 28 3B            [12]  253 	jr	Z, 00115$
      00010F FE 55            [ 7]  254 	cp	a,#0x55
      000111 CArDCr06         [10]  255 	jp	Z,00165$
      000114 FE 58            [ 7]  256 	cp	a,#0x58
      000116 CAr75r03         [10]  257 	jp	Z,00133$
      000119 FE 63            [ 7]  258 	cp	a,#0x63
      00011B CAr59r06         [10]  259 	jp	Z,00159$
      00011E FE 64            [ 7]  260 	cp	a,#0x64
      000120 28 28            [12]  261 	jr	Z, 00115$
      000122 FE 69            [ 7]  262 	cp	a,#0x69
      000124 28 24            [12]  263 	jr	Z, 00115$
      000126 FE 73            [ 7]  264 	cp	a,#0x73
      000128 CAr79r06         [10]  265 	jp	Z,00160$
      00012B FE 75            [ 7]  266 	cp	a,#0x75
      00012D CArDCr06         [10]  267 	jp	Z,00165$
      000130 D6 78            [ 7]  268 	sub	a, #0x78
      000132 CArE8r04         [10]  269 	jp	Z,00150$
      000135 C3rDCr06         [10]  270 	jp	00165$
                                    271 ;/home/bruno/dev/MSXgl/engine/src/string.c:166: case '%':
      000138                        272 00111$:
                                    273 ;/home/bruno/dev/MSXgl/engine/src/string.c:167: *dest++ = '%';
      000138 DD 6E 04         [19]  274 	ld	l, 4 (ix)
                                    275 ;	spillPairReg hl
                                    276 ;	spillPairReg hl
      00013B DD 66 05         [19]  277 	ld	h, 5 (ix)
                                    278 ;	spillPairReg hl
                                    279 ;	spillPairReg hl
      00013E 36 25            [10]  280 	ld	(hl), #0x25
      000140 23               [ 6]  281 	inc	hl
      000141 DD 75 04         [19]  282 	ld	4 (ix), l
      000144 DD 74 05         [19]  283 	ld	5 (ix), h
                                    284 ;/home/bruno/dev/MSXgl/engine/src/string.c:168: break;
      000147 C3rDCr06         [10]  285 	jp	00165$
                                    286 ;/home/bruno/dev/MSXgl/engine/src/string.c:176: case 'd':
      00014A                        287 00115$:
                                    288 ;/home/bruno/dev/MSXgl/engine/src/string.c:180: if((*ptr == 'I') || (*ptr == 'D'))
      00014A DD 6E F9         [19]  289 	ld	l, -7 (ix)
      00014D DD 66 FA         [19]  290 	ld	h, -6 (ix)
      000150 7E               [ 7]  291 	ld	a, (hl)
      000151 DD 77 FF         [19]  292 	ld	-1 (ix), a
      000154 D6 49            [ 7]  293 	sub	a, #0x49
      000156 28 07            [12]  294 	jr	Z, 00116$
      000158 DD 7E FF         [19]  295 	ld	a, -1 (ix)
      00015B D6 44            [ 7]  296 	sub	a, #0x44
      00015D 20 4B            [12]  297 	jr	NZ, 00117$
      00015F                        298 00116$:
                                    299 ;/home/bruno/dev/MSXgl/engine/src/string.c:181: val = (i32)va_arg(args, i32);
      00015F DD 7E ED         [19]  300 	ld	a, -19 (ix)
      000162 C6 04            [ 7]  301 	add	a, #0x04
      000164 DD 77 FC         [19]  302 	ld	-4 (ix), a
      000167 DD 7E EE         [19]  303 	ld	a, -18 (ix)
      00016A CE 00            [ 7]  304 	adc	a, #0x00
      00016C DD 77 FD         [19]  305 	ld	-3 (ix), a
      00016F DD 7E FC         [19]  306 	ld	a, -4 (ix)
      000172 DD 77 ED         [19]  307 	ld	-19 (ix), a
      000175 DD 7E FD         [19]  308 	ld	a, -3 (ix)
      000178 DD 77 EE         [19]  309 	ld	-18 (ix), a
      00017B DD 7E FC         [19]  310 	ld	a, -4 (ix)
      00017E C6 FC            [ 7]  311 	add	a, #0xfc
      000180 DD 77 FE         [19]  312 	ld	-2 (ix), a
      000183 DD 7E FD         [19]  313 	ld	a, -3 (ix)
      000186 CE FF            [ 7]  314 	adc	a, #0xff
      000188 DD 77 FF         [19]  315 	ld	-1 (ix), a
      00018B DD 7E FE         [19]  316 	ld	a, -2 (ix)
      00018E DD 77 F7         [19]  317 	ld	-9 (ix), a
      000191 DD 7E FF         [19]  318 	ld	a, -1 (ix)
      000194 DD 77 F8         [19]  319 	ld	-8 (ix), a
      000197 DD 5E F7         [19]  320 	ld	e, -9 (ix)
      00019A DD 56 F8         [19]  321 	ld	d, -8 (ix)
      00019D 21 1E 00         [10]  322 	ld	hl, #30
      0001A0 39               [11]  323 	add	hl, sp
      0001A1 EB               [ 4]  324 	ex	de, hl
      0001A2 01 04 00         [10]  325 	ld	bc, #0x0004
      0001A5 ED B0            [21]  326 	ldir
      0001A7 C3rF9r01         [10]  327 	jp	00118$
      0001AA                        328 00117$:
                                    329 ;/home/bruno/dev/MSXgl/engine/src/string.c:183: val = (i32)va_arg(args, i16);
      0001AA DD 7E ED         [19]  330 	ld	a, -19 (ix)
      0001AD C6 02            [ 7]  331 	add	a, #0x02
      0001AF DD 77 FC         [19]  332 	ld	-4 (ix), a
      0001B2 DD 7E EE         [19]  333 	ld	a, -18 (ix)
      0001B5 CE 00            [ 7]  334 	adc	a, #0x00
      0001B7 DD 77 FD         [19]  335 	ld	-3 (ix), a
      0001BA DD 7E FC         [19]  336 	ld	a, -4 (ix)
      0001BD DD 77 ED         [19]  337 	ld	-19 (ix), a
      0001C0 DD 7E FD         [19]  338 	ld	a, -3 (ix)
      0001C3 DD 77 EE         [19]  339 	ld	-18 (ix), a
      0001C6 DD 7E FC         [19]  340 	ld	a, -4 (ix)
      0001C9 C6 FE            [ 7]  341 	add	a, #0xfe
      0001CB DD 77 FE         [19]  342 	ld	-2 (ix), a
      0001CE DD 7E FD         [19]  343 	ld	a, -3 (ix)
      0001D1 CE FF            [ 7]  344 	adc	a, #0xff
      0001D3 DD 77 FF         [19]  345 	ld	-1 (ix), a
      0001D6 DD 6E FE         [19]  346 	ld	l, -2 (ix)
      0001D9 DD 66 FF         [19]  347 	ld	h, -1 (ix)
      0001DC 7E               [ 7]  348 	ld	a, (hl)
      0001DD DD 77 F7         [19]  349 	ld	-9 (ix), a
      0001E0 23               [ 6]  350 	inc	hl
      0001E1 7E               [ 7]  351 	ld	a, (hl)
      0001E2 DD 77 F8         [19]  352 	ld	-8 (ix), a
      0001E5 DD 7E F7         [19]  353 	ld	a, -9 (ix)
      0001E8 DD 77 FB         [19]  354 	ld	-5 (ix), a
      0001EB DD 7E F8         [19]  355 	ld	a, -8 (ix)
      0001EE DD 77 FC         [19]  356 	ld	-4 (ix), a
      0001F1 07               [ 4]  357 	rlca
      0001F2 9F               [ 4]  358 	sbc	a, a
      0001F3 DD 77 FD         [19]  359 	ld	-3 (ix), a
      0001F6 DD 77 FE         [19]  360 	ld	-2 (ix), a
      0001F9                        361 00118$:
                                    362 ;/home/bruno/dev/MSXgl/engine/src/string.c:188: if(val < 0)
      0001F9 DD CB FE 7E      [20]  363 	bit	7, -2 (ix)
      0001FD 28 2D            [12]  364 	jr	Z, 00121$
                                    365 ;/home/bruno/dev/MSXgl/engine/src/string.c:190: *dest++ = '-';
      0001FF DD 6E 04         [19]  366 	ld	l, 4 (ix)
                                    367 ;	spillPairReg hl
                                    368 ;	spillPairReg hl
      000202 DD 66 05         [19]  369 	ld	h, 5 (ix)
                                    370 ;	spillPairReg hl
                                    371 ;	spillPairReg hl
      000205 36 2D            [10]  372 	ld	(hl), #0x2d
      000207 23               [ 6]  373 	inc	hl
      000208 DD 75 04         [19]  374 	ld	4 (ix), l
      00020B DD 74 05         [19]  375 	ld	5 (ix), h
                                    376 ;/home/bruno/dev/MSXgl/engine/src/string.c:191: val = -val;
      00020E AF               [ 4]  377 	xor	a, a
      00020F DD 96 FB         [19]  378 	sub	a, -5 (ix)
      000212 DD 77 FB         [19]  379 	ld	-5 (ix), a
      000215 3E 00            [ 7]  380 	ld	a, #0x00
      000217 DD 9E FC         [19]  381 	sbc	a, -4 (ix)
      00021A DD 77 FC         [19]  382 	ld	-4 (ix), a
      00021D 3E 00            [ 7]  383 	ld	a, #0x00
      00021F DD 9E FD         [19]  384 	sbc	a, -3 (ix)
      000222 DD 77 FD         [19]  385 	ld	-3 (ix), a
      000225 9F               [ 4]  386 	sbc	a, a
      000226 DD 96 FE         [19]  387 	sub	a, -2 (ix)
      000229 DD 77 FE         [19]  388 	ld	-2 (ix), a
      00022C                        389 00121$:
                                    390 ;/home/bruno/dev/MSXgl/engine/src/string.c:194: c8* ptr = str;
                                    391 ;/home/bruno/dev/MSXgl/engine/src/string.c:195: *ptr = 0;
      00022C DD 36 DD 00      [19]  392 	ld	-35 (ix), #0x00
                                    393 ;/home/bruno/dev/MSXgl/engine/src/string.c:197: while(val >= 10)
      000230 E5               [11]  394 	push	hl
      000231 F5               [11]  395 	push	af
      000232 21 04 00         [10]  396 	ld	hl, #4
      000235 39               [11]  397 	add	hl, sp
      000236 DD 75 F1         [19]  398 	ld	-15 (ix), l
      000239 21 04 00         [10]  399 	ld	hl, #4
      00023C 39               [11]  400 	add	hl, sp
      00023D F1               [10]  401 	pop	af
      00023E DD 74 F2         [19]  402 	ld	-14 (ix), h
      000241 E1               [10]  403 	pop	hl
      000242 DD 36 FF 01      [19]  404 	ld	-1 (ix), #0x01
      000246                        405 00122$:
                                    406 ;/home/bruno/dev/MSXgl/engine/src/string.c:199: *++ptr = '0' + (val % 10);
      000246 DD 7E F1         [19]  407 	ld	a, -15 (ix)
      000249 C6 01            [ 7]  408 	add	a, #0x01
      00024B DD 77 F3         [19]  409 	ld	-13 (ix), a
      00024E DD 7E F2         [19]  410 	ld	a, -14 (ix)
      000251 CE 00            [ 7]  411 	adc	a, #0x00
      000253 DD 77 F4         [19]  412 	ld	-12 (ix), a
                                    413 ;/home/bruno/dev/MSXgl/engine/src/string.c:197: while(val >= 10)
      000256 DD 7E FB         [19]  414 	ld	a, -5 (ix)
      000259 D6 0A            [ 7]  415 	sub	a, #0x0a
      00025B DD 7E FC         [19]  416 	ld	a, -4 (ix)
      00025E DE 00            [ 7]  417 	sbc	a, #0x00
      000260 DD 7E FD         [19]  418 	ld	a, -3 (ix)
      000263 DE 00            [ 7]  419 	sbc	a, #0x00
      000265 DD 7E FE         [19]  420 	ld	a, -2 (ix)
      000268 17               [ 4]  421 	rla
      000269 3F               [ 4]  422 	ccf
      00026A 1F               [ 4]  423 	rra
      00026B DE 80            [ 7]  424 	sbc	a, #0x80
      00026D 38 69            [12]  425 	jr	C, 00230$
                                    426 ;/home/bruno/dev/MSXgl/engine/src/string.c:199: *++ptr = '0' + (val % 10);
      00026F DD 7E F3         [19]  427 	ld	a, -13 (ix)
      000272 DD 77 F1         [19]  428 	ld	-15 (ix), a
      000275 DD 7E F4         [19]  429 	ld	a, -12 (ix)
      000278 DD 77 F2         [19]  430 	ld	-14 (ix), a
      00027B 21 00 00         [10]  431 	ld	hl, #0x0000
      00027E E5               [11]  432 	push	hl
      00027F 2E 0A            [ 7]  433 	ld	l, #0x0a
      000281 E5               [11]  434 	push	hl
      000282 DD 5E FB         [19]  435 	ld	e, -5 (ix)
      000285 DD 56 FC         [19]  436 	ld	d, -4 (ix)
      000288 DD 6E FD         [19]  437 	ld	l, -3 (ix)
                                    438 ;	spillPairReg hl
                                    439 ;	spillPairReg hl
      00028B DD 66 FE         [19]  440 	ld	h, -2 (ix)
                                    441 ;	spillPairReg hl
                                    442 ;	spillPairReg hl
      00028E CDr00r00         [17]  443 	call	__modslong
      000291 F1               [10]  444 	pop	af
      000292 F1               [10]  445 	pop	af
      000293 DD 73 F5         [19]  446 	ld	-11 (ix), e
      000296 DD 72 F6         [19]  447 	ld	-10 (ix), d
      000299 DD 75 F7         [19]  448 	ld	-9 (ix), l
      00029C DD 74 F8         [19]  449 	ld	-8 (ix), h
      00029F DD 7E F5         [19]  450 	ld	a, -11 (ix)
      0002A2 DD 77 F8         [19]  451 	ld	-8 (ix), a
      0002A5 C6 30            [ 7]  452 	add	a, #0x30
      0002A7 DD 6E F3         [19]  453 	ld	l, -13 (ix)
      0002AA DD 66 F4         [19]  454 	ld	h, -12 (ix)
      0002AD 77               [ 7]  455 	ld	(hl), a
                                    456 ;/home/bruno/dev/MSXgl/engine/src/string.c:200: val /= 10;
      0002AE 21 00 00         [10]  457 	ld	hl, #0x0000
      0002B1 E5               [11]  458 	push	hl
      0002B2 2E 0A            [ 7]  459 	ld	l, #0x0a
      0002B4 E5               [11]  460 	push	hl
      0002B5 DD 5E FB         [19]  461 	ld	e, -5 (ix)
      0002B8 DD 56 FC         [19]  462 	ld	d, -4 (ix)
      0002BB DD 6E FD         [19]  463 	ld	l, -3 (ix)
                                    464 ;	spillPairReg hl
                                    465 ;	spillPairReg hl
      0002BE DD 66 FE         [19]  466 	ld	h, -2 (ix)
                                    467 ;	spillPairReg hl
                                    468 ;	spillPairReg hl
      0002C1 CDr00r00         [17]  469 	call	__divslong
      0002C4 F1               [10]  470 	pop	af
      0002C5 F1               [10]  471 	pop	af
      0002C6 DD 73 FB         [19]  472 	ld	-5 (ix), e
      0002C9 DD 72 FC         [19]  473 	ld	-4 (ix), d
      0002CC DD 75 FD         [19]  474 	ld	-3 (ix), l
      0002CF DD 74 FE         [19]  475 	ld	-2 (ix), h
                                    476 ;/home/bruno/dev/MSXgl/engine/src/string.c:201: digit++;
      0002D2 DD 34 FF         [23]  477 	inc	-1 (ix)
      0002D5 C3r46r02         [10]  478 	jp	00122$
      0002D8                        479 00230$:
      0002D8 DD 7E FF         [19]  480 	ld	a, -1 (ix)
      0002DB DD 77 F6         [19]  481 	ld	-10 (ix), a
                                    482 ;/home/bruno/dev/MSXgl/engine/src/string.c:203: *++ptr = '0' + val;
      0002DE DD 7E F3         [19]  483 	ld	a, -13 (ix)
      0002E1 DD 77 F7         [19]  484 	ld	-9 (ix), a
      0002E4 DD 7E F4         [19]  485 	ld	a, -12 (ix)
      0002E7 DD 77 F8         [19]  486 	ld	-8 (ix), a
      0002EA DD 7E FB         [19]  487 	ld	a, -5 (ix)
      0002ED DD 77 FE         [19]  488 	ld	-2 (ix), a
      0002F0 C6 30            [ 7]  489 	add	a, #0x30
      0002F2 DD 6E F7         [19]  490 	ld	l, -9 (ix)
      0002F5 DD 66 F8         [19]  491 	ld	h, -8 (ix)
      0002F8 77               [ 7]  492 	ld	(hl), a
                                    493 ;/home/bruno/dev/MSXgl/engine/src/string.c:205: if(len > digit)
      0002F9 DD 7E FF         [19]  494 	ld	a, -1 (ix)
      0002FC DD 96 F0         [19]  495 	sub	a, -16 (ix)
      0002FF 30 4A            [12]  496 	jr	NC, 00211$
                                    497 ;/home/bruno/dev/MSXgl/engine/src/string.c:207: c8 padChr = (pad == STRINT_PAD_ZERO) ? '0' : ' ';
      000301 DD 7E EF         [19]  498 	ld	a, -17 (ix)
      000304 3D               [ 4]  499 	dec	a
      000305 20 06            [12]  500 	jr	NZ, 00181$
      000307 01 30 00         [10]  501 	ld	bc, #0x0030
      00030A C3r10r03         [10]  502 	jp	00182$
      00030D                        503 00181$:
      00030D 01 20 00         [10]  504 	ld	bc, #0x0020
      000310                        505 00182$:
      000310 DD 71 FE         [19]  506 	ld	-2 (ix), c
                                    507 ;/home/bruno/dev/MSXgl/engine/src/string.c:208: for(u8 i = 0; i < len - digit; ++i)
      000313 DD 4E 04         [19]  508 	ld	c, 4 (ix)
      000316 DD 46 05         [19]  509 	ld	b, 5 (ix)
      000319 DD 36 FF 00      [19]  510 	ld	-1 (ix), #0x00
      00031D                        511 00174$:
      00031D DD 6E F0         [19]  512 	ld	l, -16 (ix)
                                    513 ;	spillPairReg hl
                                    514 ;	spillPairReg hl
      000320 26 00            [ 7]  515 	ld	h, #0x00
                                    516 ;	spillPairReg hl
                                    517 ;	spillPairReg hl
      000322 DD 5E F6         [19]  518 	ld	e, -10 (ix)
      000325 16 00            [ 7]  519 	ld	d, #0x00
      000327 BF               [ 4]  520 	cp	a, a
      000328 ED 52            [15]  521 	sbc	hl, de
      00032A DD 7E FF         [19]  522 	ld	a, -1 (ix)
      00032D 16 00            [ 7]  523 	ld	d, #0x00
      00032F 95               [ 4]  524 	sub	a, l
      000330 7A               [ 4]  525 	ld	a, d
      000331 9C               [ 4]  526 	sbc	a, h
      000332 E2r37r03         [10]  527 	jp	PO, 00440$
      000335 EE 80            [ 7]  528 	xor	a, #0x80
      000337                        529 00440$:
      000337 F2r45r03         [10]  530 	jp	P, 00231$
                                    531 ;/home/bruno/dev/MSXgl/engine/src/string.c:209: *dest++ = padChr;
      00033A DD 7E FE         [19]  532 	ld	a, -2 (ix)
      00033D 02               [ 7]  533 	ld	(bc), a
      00033E 03               [ 6]  534 	inc	bc
                                    535 ;/home/bruno/dev/MSXgl/engine/src/string.c:208: for(u8 i = 0; i < len - digit; ++i)
      00033F DD 34 FF         [23]  536 	inc	-1 (ix)
      000342 C3r1Dr03         [10]  537 	jp	00174$
                                    538 ;/home/bruno/dev/MSXgl/engine/src/string.c:212: while(*ptr != 0)
      000345                        539 00231$:
      000345 DD 71 04         [19]  540 	ld	4 (ix), c
      000348 DD 70 05         [19]  541 	ld	5 (ix), b
      00034B                        542 00211$:
      00034B DD 4E F7         [19]  543 	ld	c, -9 (ix)
      00034E DD 46 F8         [19]  544 	ld	b, -8 (ix)
      000351 DD 7E 04         [19]  545 	ld	a, 4 (ix)
      000354 DD 77 FE         [19]  546 	ld	-2 (ix), a
      000357 DD 7E 05         [19]  547 	ld	a, 5 (ix)
      00035A DD 77 FF         [19]  548 	ld	-1 (ix), a
      00035D                        549 00128$:
      00035D 0A               [ 7]  550 	ld	a, (bc)
      00035E B7               [ 4]  551 	or	a, a
      00035F CArC7r06         [10]  552 	jp	Z, 00232$
                                    553 ;/home/bruno/dev/MSXgl/engine/src/string.c:213: *dest++ = *ptr--;
      000362 0B               [ 6]  554 	dec	bc
      000363 DD 6E FE         [19]  555 	ld	l, -2 (ix)
      000366 DD 66 FF         [19]  556 	ld	h, -1 (ix)
      000369 77               [ 7]  557 	ld	(hl), a
      00036A DD 34 FE         [23]  558 	inc	-2 (ix)
      00036D 20 EE            [12]  559 	jr	NZ, 00128$
      00036F DD 34 FF         [23]  560 	inc	-1 (ix)
      000372 C3r5Dr03         [10]  561 	jp	00128$
                                    562 ;/home/bruno/dev/MSXgl/engine/src/string.c:226: case 'X':
      000375                        563 00133$:
                                    564 ;/home/bruno/dev/MSXgl/engine/src/string.c:228: if(len == 0)
      000375 DD 7E F0         [19]  565 	ld	a, -16 (ix)
      000378 B7               [ 4]  566 	or	a, a
      000379 20 04            [12]  567 	jr	NZ, 00135$
                                    568 ;/home/bruno/dev/MSXgl/engine/src/string.c:229: len = 8;
      00037B DD 36 F0 08      [19]  569 	ld	-16 (ix), #0x08
      00037F                        570 00135$:
                                    571 ;/home/bruno/dev/MSXgl/engine/src/string.c:230: u32 val = (u32)va_arg(args, u32);
      00037F DD 6E ED         [19]  572 	ld	l, -19 (ix)
      000382 DD 66 EE         [19]  573 	ld	h, -18 (ix)
      000385 11 04 00         [10]  574 	ld	de, #0x0004
      000388 19               [11]  575 	add	hl, de
      000389 DD 75 ED         [19]  576 	ld	-19 (ix), l
      00038C DD 74 EE         [19]  577 	ld	-18 (ix), h
      00038F 11 FC FF         [10]  578 	ld	de, #0xfffc
      000392 19               [11]  579 	add	hl, de
      000393 EB               [ 4]  580 	ex	de,hl
      000394 21 1F 00         [10]  581 	ld	hl, #31
      000397 39               [11]  582 	add	hl, sp
      000398 EB               [ 4]  583 	ex	de, hl
      000399 01 04 00         [10]  584 	ld	bc, #0x0004
      00039C ED B0            [21]  585 	ldir
                                    586 ;/home/bruno/dev/MSXgl/engine/src/string.c:232: if(len > 7)
      00039E 3E 07            [ 7]  587 	ld	a, #0x07
      0003A0 DD 96 F0         [19]  588 	sub	a, -16 (ix)
      0003A3 30 23            [12]  589 	jr	NC, 00137$
                                    590 ;/home/bruno/dev/MSXgl/engine/src/string.c:233: *dest++ = g_HexChar[(val >> 28) & 0xF];
      0003A5 DD 4E 04         [19]  591 	ld	c, 4 (ix)
      0003A8 DD 46 05         [19]  592 	ld	b, 5 (ix)
      0003AB DD 5E FF         [19]  593 	ld	e, -1 (ix)
      0003AE 3E 04            [ 7]  594 	ld	a, #0x04
      0003B0                        595 00442$:
      0003B0 CB 3B            [ 8]  596 	srl	e
      0003B2 3D               [ 4]  597 	dec	a
      0003B3 20 FB            [12]  598 	jr	NZ, 00442$
      0003B5 7B               [ 4]  599 	ld	a, e
      0003B6 E6 0F            [ 7]  600 	and	a, #0x0f
      0003B8 5F               [ 4]  601 	ld	e, a
      0003B9 16 00            [ 7]  602 	ld	d, #0x00
      0003BB 21r06r00         [10]  603 	ld	hl, #_g_HexChar
      0003BE 19               [11]  604 	add	hl, de
      0003BF 7E               [ 7]  605 	ld	a, (hl)
      0003C0 02               [ 7]  606 	ld	(bc), a
      0003C1 03               [ 6]  607 	inc	bc
      0003C2 DD 71 04         [19]  608 	ld	4 (ix), c
      0003C5 DD 70 05         [19]  609 	ld	5 (ix), b
      0003C8                        610 00137$:
                                    611 ;/home/bruno/dev/MSXgl/engine/src/string.c:234: if(len > 6)
      0003C8 3E 06            [ 7]  612 	ld	a, #0x06
      0003CA DD 96 F0         [19]  613 	sub	a, -16 (ix)
      0003CD 30 1B            [12]  614 	jr	NC, 00139$
                                    615 ;/home/bruno/dev/MSXgl/engine/src/string.c:235: *dest++ = g_HexChar[(val >> 24) & 0xF];
      0003CF DD 4E 04         [19]  616 	ld	c, 4 (ix)
      0003D2 DD 46 05         [19]  617 	ld	b, 5 (ix)
      0003D5 DD 7E FF         [19]  618 	ld	a, -1 (ix)
      0003D8 E6 0F            [ 7]  619 	and	a, #0x0f
      0003DA 5F               [ 4]  620 	ld	e, a
      0003DB 16 00            [ 7]  621 	ld	d, #0x00
      0003DD 21r06r00         [10]  622 	ld	hl, #_g_HexChar
      0003E0 19               [11]  623 	add	hl, de
      0003E1 7E               [ 7]  624 	ld	a, (hl)
      0003E2 02               [ 7]  625 	ld	(bc), a
      0003E3 03               [ 6]  626 	inc	bc
      0003E4 DD 71 04         [19]  627 	ld	4 (ix), c
      0003E7 DD 70 05         [19]  628 	ld	5 (ix), b
      0003EA                        629 00139$:
                                    630 ;/home/bruno/dev/MSXgl/engine/src/string.c:236: if(len > 5)
      0003EA 3E 05            [ 7]  631 	ld	a, #0x05
      0003EC DD 96 F0         [19]  632 	sub	a, -16 (ix)
      0003EF 30 28            [12]  633 	jr	NC, 00141$
                                    634 ;/home/bruno/dev/MSXgl/engine/src/string.c:237: *dest++ = g_HexChar[(val >> 20) & 0xF];
      0003F1 DD 4E 04         [19]  635 	ld	c, 4 (ix)
      0003F4 DD 46 05         [19]  636 	ld	b, 5 (ix)
      0003F7 DD 5E FE         [19]  637 	ld	e, -2 (ix)
      0003FA DD 56 FF         [19]  638 	ld	d, -1 (ix)
      0003FD 3E 04            [ 7]  639 	ld	a, #0x04
      0003FF                        640 00444$:
      0003FF CB 3A            [ 8]  641 	srl	d
      000401 CB 1B            [ 8]  642 	rr	e
      000403 3D               [ 4]  643 	dec	a
      000404 20 F9            [12]  644 	jr	NZ, 00444$
      000406 7B               [ 4]  645 	ld	a, e
      000407 E6 0F            [ 7]  646 	and	a, #0x0f
      000409 5F               [ 4]  647 	ld	e, a
      00040A 16 00            [ 7]  648 	ld	d, #0x00
      00040C 21r06r00         [10]  649 	ld	hl, #_g_HexChar
      00040F 19               [11]  650 	add	hl, de
      000410 7E               [ 7]  651 	ld	a, (hl)
      000411 02               [ 7]  652 	ld	(bc), a
      000412 03               [ 6]  653 	inc	bc
      000413 DD 71 04         [19]  654 	ld	4 (ix), c
      000416 DD 70 05         [19]  655 	ld	5 (ix), b
      000419                        656 00141$:
                                    657 ;/home/bruno/dev/MSXgl/engine/src/string.c:238: if(len > 4)
      000419 3E 04            [ 7]  658 	ld	a, #0x04
      00041B DD 96 F0         [19]  659 	sub	a, -16 (ix)
      00041E 30 1B            [12]  660 	jr	NC, 00143$
                                    661 ;/home/bruno/dev/MSXgl/engine/src/string.c:239: *dest++ = g_HexChar[(val >> 16) & 0xF];
      000420 DD 4E 04         [19]  662 	ld	c, 4 (ix)
      000423 DD 46 05         [19]  663 	ld	b, 5 (ix)
      000426 DD 7E FE         [19]  664 	ld	a, -2 (ix)
      000429 E6 0F            [ 7]  665 	and	a, #0x0f
      00042B 5F               [ 4]  666 	ld	e, a
      00042C 16 00            [ 7]  667 	ld	d, #0x00
      00042E 21r06r00         [10]  668 	ld	hl, #_g_HexChar
      000431 19               [11]  669 	add	hl, de
      000432 7E               [ 7]  670 	ld	a, (hl)
      000433 02               [ 7]  671 	ld	(bc), a
      000434 03               [ 6]  672 	inc	bc
      000435 DD 71 04         [19]  673 	ld	4 (ix), c
      000438 DD 70 05         [19]  674 	ld	5 (ix), b
      00043B                        675 00143$:
                                    676 ;/home/bruno/dev/MSXgl/engine/src/string.c:240: if(len > 3)
      00043B 3E 03            [ 7]  677 	ld	a, #0x03
      00043D DD 96 F0         [19]  678 	sub	a, -16 (ix)
      000440 30 2D            [12]  679 	jr	NC, 00145$
                                    680 ;/home/bruno/dev/MSXgl/engine/src/string.c:241: *dest++ = g_HexChar[(val >> 12) & 0xF];
      000442 DD 4E 04         [19]  681 	ld	c, 4 (ix)
      000445 DD 46 05         [19]  682 	ld	b, 5 (ix)
      000448 DD 5E FD         [19]  683 	ld	e, -3 (ix)
      00044B DD 56 FE         [19]  684 	ld	d, -2 (ix)
      00044E DD 6E FF         [19]  685 	ld	l, -1 (ix)
                                    686 ;	spillPairReg hl
                                    687 ;	spillPairReg hl
                                    688 ;	spillPairReg hl
                                    689 ;	spillPairReg hl
      000451 3E 04            [ 7]  690 	ld	a, #0x04
      000453                        691 00446$:
      000453 CB 3D            [ 8]  692 	srl	l
      000455 CB 1A            [ 8]  693 	rr	d
      000457 CB 1B            [ 8]  694 	rr	e
      000459 3D               [ 4]  695 	dec	a
      00045A 20 F7            [12]  696 	jr	NZ, 00446$
      00045C 7B               [ 4]  697 	ld	a, e
      00045D E6 0F            [ 7]  698 	and	a, #0x0f
      00045F 5F               [ 4]  699 	ld	e, a
      000460 16 00            [ 7]  700 	ld	d, #0x00
      000462 21r06r00         [10]  701 	ld	hl, #_g_HexChar
      000465 19               [11]  702 	add	hl, de
      000466 7E               [ 7]  703 	ld	a, (hl)
      000467 02               [ 7]  704 	ld	(bc), a
      000468 03               [ 6]  705 	inc	bc
      000469 DD 71 04         [19]  706 	ld	4 (ix), c
      00046C DD 70 05         [19]  707 	ld	5 (ix), b
      00046F                        708 00145$:
                                    709 ;/home/bruno/dev/MSXgl/engine/src/string.c:242: if(len > 2)
      00046F 3E 02            [ 7]  710 	ld	a, #0x02
      000471 DD 96 F0         [19]  711 	sub	a, -16 (ix)
      000474 30 1B            [12]  712 	jr	NC, 00147$
                                    713 ;/home/bruno/dev/MSXgl/engine/src/string.c:243: *dest++ = g_HexChar[(val >> 8) & 0xF];
      000476 DD 4E 04         [19]  714 	ld	c, 4 (ix)
      000479 DD 46 05         [19]  715 	ld	b, 5 (ix)
      00047C DD 7E FD         [19]  716 	ld	a, -3 (ix)
      00047F E6 0F            [ 7]  717 	and	a, #0x0f
      000481 5F               [ 4]  718 	ld	e, a
      000482 16 00            [ 7]  719 	ld	d, #0x00
      000484 21r06r00         [10]  720 	ld	hl, #_g_HexChar
      000487 19               [11]  721 	add	hl, de
      000488 7E               [ 7]  722 	ld	a, (hl)
      000489 02               [ 7]  723 	ld	(bc), a
      00048A 03               [ 6]  724 	inc	bc
      00048B DD 71 04         [19]  725 	ld	4 (ix), c
      00048E DD 70 05         [19]  726 	ld	5 (ix), b
      000491                        727 00147$:
                                    728 ;/home/bruno/dev/MSXgl/engine/src/string.c:244: if(len > 1)
      000491 3E 01            [ 7]  729 	ld	a, #0x01
      000493 DD 96 F0         [19]  730 	sub	a, -16 (ix)
      000496 30 32            [12]  731 	jr	NC, 00149$
                                    732 ;/home/bruno/dev/MSXgl/engine/src/string.c:245: *dest++ = g_HexChar[(val >> 4) & 0xF];
      000498 DD 4E 04         [19]  733 	ld	c, 4 (ix)
      00049B DD 46 05         [19]  734 	ld	b, 5 (ix)
      00049E DD 5E FC         [19]  735 	ld	e, -4 (ix)
      0004A1 DD 56 FD         [19]  736 	ld	d, -3 (ix)
      0004A4 DD 6E FE         [19]  737 	ld	l, -2 (ix)
                                    738 ;	spillPairReg hl
                                    739 ;	spillPairReg hl
      0004A7 DD 66 FF         [19]  740 	ld	h, -1 (ix)
                                    741 ;	spillPairReg hl
                                    742 ;	spillPairReg hl
      0004AA 3E 04            [ 7]  743 	ld	a, #0x04
      0004AC                        744 00448$:
      0004AC CB 3C            [ 8]  745 	srl	h
      0004AE CB 1D            [ 8]  746 	rr	l
      0004B0 CB 1A            [ 8]  747 	rr	d
      0004B2 CB 1B            [ 8]  748 	rr	e
      0004B4 3D               [ 4]  749 	dec	a
      0004B5 20 F5            [12]  750 	jr	NZ, 00448$
      0004B7 7B               [ 4]  751 	ld	a, e
      0004B8 E6 0F            [ 7]  752 	and	a, #0x0f
      0004BA 5F               [ 4]  753 	ld	e, a
      0004BB 16 00            [ 7]  754 	ld	d, #0x00
      0004BD 21r06r00         [10]  755 	ld	hl, #_g_HexChar
      0004C0 19               [11]  756 	add	hl, de
      0004C1 7E               [ 7]  757 	ld	a, (hl)
      0004C2 02               [ 7]  758 	ld	(bc), a
      0004C3 03               [ 6]  759 	inc	bc
      0004C4 DD 71 04         [19]  760 	ld	4 (ix), c
      0004C7 DD 70 05         [19]  761 	ld	5 (ix), b
      0004CA                        762 00149$:
                                    763 ;/home/bruno/dev/MSXgl/engine/src/string.c:246: *dest++ = g_HexChar[val & 0xF];
      0004CA DD 4E 04         [19]  764 	ld	c, 4 (ix)
      0004CD DD 46 05         [19]  765 	ld	b, 5 (ix)
      0004D0 DD 7E FC         [19]  766 	ld	a, -4 (ix)
      0004D3 E6 0F            [ 7]  767 	and	a, #0x0f
      0004D5 5F               [ 4]  768 	ld	e, a
      0004D6 16 00            [ 7]  769 	ld	d, #0x00
      0004D8 21r06r00         [10]  770 	ld	hl, #_g_HexChar
      0004DB 19               [11]  771 	add	hl, de
      0004DC 7E               [ 7]  772 	ld	a, (hl)
      0004DD 02               [ 7]  773 	ld	(bc), a
      0004DE 03               [ 6]  774 	inc	bc
      0004DF DD 71 04         [19]  775 	ld	4 (ix), c
      0004E2 DD 70 05         [19]  776 	ld	5 (ix), b
                                    777 ;/home/bruno/dev/MSXgl/engine/src/string.c:247: break;
      0004E5 C3rDCr06         [10]  778 	jp	00165$
                                    779 ;/home/bruno/dev/MSXgl/engine/src/string.c:252: case 'x':
      0004E8                        780 00150$:
                                    781 ;/home/bruno/dev/MSXgl/engine/src/string.c:254: if(len == 0)
      0004E8 DD 7E F0         [19]  782 	ld	a, -16 (ix)
      0004EB B7               [ 4]  783 	or	a, a
      0004EC 20 04            [12]  784 	jr	NZ, 00152$
                                    785 ;/home/bruno/dev/MSXgl/engine/src/string.c:255: len = 4;
      0004EE DD 36 F0 04      [19]  786 	ld	-16 (ix), #0x04
      0004F2                        787 00152$:
                                    788 ;/home/bruno/dev/MSXgl/engine/src/string.c:256: u16 val = (u16)va_arg(args, u16);
      0004F2 DD 4E ED         [19]  789 	ld	c, -19 (ix)
      0004F5 DD 46 EE         [19]  790 	ld	b, -18 (ix)
      0004F8 03               [ 6]  791 	inc	bc
      0004F9 03               [ 6]  792 	inc	bc
      0004FA DD 71 ED         [19]  793 	ld	-19 (ix), c
      0004FD DD 70 EE         [19]  794 	ld	-18 (ix), b
      000500 0B               [ 6]  795 	dec	bc
      000501 0B               [ 6]  796 	dec	bc
      000502 0A               [ 7]  797 	ld	a, (bc)
      000503 DD 77 F5         [19]  798 	ld	-11 (ix), a
      000506 03               [ 6]  799 	inc	bc
      000507 0A               [ 7]  800 	ld	a, (bc)
      000508 DD 77 F6         [19]  801 	ld	-10 (ix), a
                                    802 ;/home/bruno/dev/MSXgl/engine/src/string.c:257: if(len > 3)
      00050B 3E 03            [ 7]  803 	ld	a, #0x03
      00050D DD 96 F0         [19]  804 	sub	a, -16 (ix)
      000510 30 56            [12]  805 	jr	NC, 00154$
                                    806 ;/home/bruno/dev/MSXgl/engine/src/string.c:258: *dest++ = g_HexChar[(val >> 12) & 0xF];
      000512 DD 7E 04         [19]  807 	ld	a, 4 (ix)
      000515 DD 77 F7         [19]  808 	ld	-9 (ix), a
      000518 DD 7E 05         [19]  809 	ld	a, 5 (ix)
      00051B DD 77 F8         [19]  810 	ld	-8 (ix), a
      00051E DD 7E F6         [19]  811 	ld	a, -10 (ix)
      000521 07               [ 4]  812 	rlca
      000522 07               [ 4]  813 	rlca
      000523 07               [ 4]  814 	rlca
      000524 07               [ 4]  815 	rlca
      000525 E6 0F            [ 7]  816 	and	a, #0x0f
      000527 DD 77 FE         [19]  817 	ld	-2 (ix), a
      00052A DD 36 FF 00      [19]  818 	ld	-1 (ix), #0x00
      00052E DD 7E FE         [19]  819 	ld	a, -2 (ix)
      000531 E6 0F            [ 7]  820 	and	a, #0x0f
      000533 DD 77 FC         [19]  821 	ld	-4 (ix), a
      000536 DD 36 FD 00      [19]  822 	ld	-3 (ix), #0x00
      00053A 3Er06            [ 7]  823 	ld	a, #<(_g_HexChar)
      00053C DD 86 FC         [19]  824 	add	a, -4 (ix)
      00053F DD 77 FE         [19]  825 	ld	-2 (ix), a
      000542 3Es00            [ 7]  826 	ld	a, #>(_g_HexChar)
      000544 DD 8E FD         [19]  827 	adc	a, -3 (ix)
      000547 DD 77 FF         [19]  828 	ld	-1 (ix), a
      00054A DD 6E FE         [19]  829 	ld	l, -2 (ix)
      00054D DD 66 FF         [19]  830 	ld	h, -1 (ix)
      000550 7E               [ 7]  831 	ld	a, (hl)
      000551 DD 6E F7         [19]  832 	ld	l, -9 (ix)
      000554 DD 66 F8         [19]  833 	ld	h, -8 (ix)
      000557 77               [ 7]  834 	ld	(hl), a
      000558 DD 7E F7         [19]  835 	ld	a, -9 (ix)
      00055B C6 01            [ 7]  836 	add	a, #0x01
      00055D DD 77 04         [19]  837 	ld	4 (ix), a
      000560 DD 7E F8         [19]  838 	ld	a, -8 (ix)
      000563 CE 00            [ 7]  839 	adc	a, #0x00
      000565 DD 77 05         [19]  840 	ld	5 (ix), a
      000568                        841 00154$:
                                    842 ;/home/bruno/dev/MSXgl/engine/src/string.c:259: if(len > 2)
      000568 3E 02            [ 7]  843 	ld	a, #0x02
      00056A DD 96 F0         [19]  844 	sub	a, -16 (ix)
      00056D 30 53            [12]  845 	jr	NC, 00156$
                                    846 ;/home/bruno/dev/MSXgl/engine/src/string.c:260: *dest++ = g_HexChar[(val >> 8) & 0xF];
      00056F DD 7E 04         [19]  847 	ld	a, 4 (ix)
      000572 DD 77 F7         [19]  848 	ld	-9 (ix), a
      000575 DD 7E 05         [19]  849 	ld	a, 5 (ix)
      000578 DD 77 F8         [19]  850 	ld	-8 (ix), a
      00057B DD 7E F6         [19]  851 	ld	a, -10 (ix)
      00057E DD 77 FF         [19]  852 	ld	-1 (ix), a
      000581 DD 77 FE         [19]  853 	ld	-2 (ix), a
      000584 DD 36 FF 00      [19]  854 	ld	-1 (ix), #0x00
      000588 DD 7E FE         [19]  855 	ld	a, -2 (ix)
      00058B E6 0F            [ 7]  856 	and	a, #0x0f
      00058D DD 77 FC         [19]  857 	ld	-4 (ix), a
      000590 DD 36 FD 00      [19]  858 	ld	-3 (ix), #0x00
      000594 3Er06            [ 7]  859 	ld	a, #<(_g_HexChar)
      000596 DD 86 FC         [19]  860 	add	a, -4 (ix)
      000599 DD 77 FE         [19]  861 	ld	-2 (ix), a
      00059C 3Es00            [ 7]  862 	ld	a, #>(_g_HexChar)
      00059E DD 8E FD         [19]  863 	adc	a, -3 (ix)
      0005A1 DD 77 FF         [19]  864 	ld	-1 (ix), a
      0005A4 DD 6E FE         [19]  865 	ld	l, -2 (ix)
      0005A7 DD 66 FF         [19]  866 	ld	h, -1 (ix)
      0005AA 7E               [ 7]  867 	ld	a, (hl)
      0005AB DD 6E F7         [19]  868 	ld	l, -9 (ix)
      0005AE DD 66 F8         [19]  869 	ld	h, -8 (ix)
      0005B1 77               [ 7]  870 	ld	(hl), a
      0005B2 DD 7E F7         [19]  871 	ld	a, -9 (ix)
      0005B5 C6 01            [ 7]  872 	add	a, #0x01
      0005B7 DD 77 04         [19]  873 	ld	4 (ix), a
      0005BA DD 7E F8         [19]  874 	ld	a, -8 (ix)
      0005BD CE 00            [ 7]  875 	adc	a, #0x00
      0005BF DD 77 05         [19]  876 	ld	5 (ix), a
      0005C2                        877 00156$:
                                    878 ;/home/bruno/dev/MSXgl/engine/src/string.c:261: if(len > 1)
      0005C2 3E 01            [ 7]  879 	ld	a, #0x01
      0005C4 DD 96 F0         [19]  880 	sub	a, -16 (ix)
      0005C7 30 72            [12]  881 	jr	NC, 00158$
                                    882 ;/home/bruno/dev/MSXgl/engine/src/string.c:262: *dest++ = g_HexChar[(val >> 4) & 0xF];
      0005C9 DD 7E 04         [19]  883 	ld	a, 4 (ix)
      0005CC DD 77 F7         [19]  884 	ld	-9 (ix), a
      0005CF DD 7E 05         [19]  885 	ld	a, 5 (ix)
      0005D2 DD 77 F8         [19]  886 	ld	-8 (ix), a
      0005D5 DD 7E F5         [19]  887 	ld	a, -11 (ix)
      0005D8 DD 77 FE         [19]  888 	ld	-2 (ix), a
      0005DB DD 7E F6         [19]  889 	ld	a, -10 (ix)
      0005DE DD 77 FF         [19]  890 	ld	-1 (ix), a
      0005E1 DD CB FF 3E      [23]  891 	srl	-1 (ix)
      0005E5 DD CB FE 1E      [23]  892 	rr	-2 (ix)
      0005E9 DD CB FF 3E      [23]  893 	srl	-1 (ix)
      0005ED DD CB FE 1E      [23]  894 	rr	-2 (ix)
      0005F1 DD CB FF 3E      [23]  895 	srl	-1 (ix)
      0005F5 DD CB FE 1E      [23]  896 	rr	-2 (ix)
      0005F9 DD CB FF 3E      [23]  897 	srl	-1 (ix)
      0005FD DD CB FE 1E      [23]  898 	rr	-2 (ix)
      000601 DD 7E FE         [19]  899 	ld	a, -2 (ix)
      000604 E6 0F            [ 7]  900 	and	a, #0x0f
      000606 DD 77 FC         [19]  901 	ld	-4 (ix), a
      000609 DD 36 FD 00      [19]  902 	ld	-3 (ix), #0x00
      00060D 3Er06            [ 7]  903 	ld	a, #<(_g_HexChar)
      00060F DD 86 FC         [19]  904 	add	a, -4 (ix)
      000612 DD 77 FE         [19]  905 	ld	-2 (ix), a
      000615 3Es00            [ 7]  906 	ld	a, #>(_g_HexChar)
      000617 DD 8E FD         [19]  907 	adc	a, -3 (ix)
      00061A DD 77 FF         [19]  908 	ld	-1 (ix), a
      00061D DD 6E FE         [19]  909 	ld	l, -2 (ix)
      000620 DD 66 FF         [19]  910 	ld	h, -1 (ix)
      000623 7E               [ 7]  911 	ld	a, (hl)
      000624 DD 6E F7         [19]  912 	ld	l, -9 (ix)
      000627 DD 66 F8         [19]  913 	ld	h, -8 (ix)
      00062A 77               [ 7]  914 	ld	(hl), a
      00062B DD 7E F7         [19]  915 	ld	a, -9 (ix)
      00062E C6 01            [ 7]  916 	add	a, #0x01
      000630 DD 77 04         [19]  917 	ld	4 (ix), a
      000633 DD 7E F8         [19]  918 	ld	a, -8 (ix)
      000636 CE 00            [ 7]  919 	adc	a, #0x00
      000638 DD 77 05         [19]  920 	ld	5 (ix), a
      00063B                        921 00158$:
                                    922 ;/home/bruno/dev/MSXgl/engine/src/string.c:263: *dest++ = g_HexChar[val & 0xF];
      00063B DD 4E 04         [19]  923 	ld	c, 4 (ix)
      00063E DD 46 05         [19]  924 	ld	b, 5 (ix)
      000641 DD 7E F5         [19]  925 	ld	a, -11 (ix)
      000644 E6 0F            [ 7]  926 	and	a, #0x0f
      000646 6F               [ 4]  927 	ld	l, a
                                    928 ;	spillPairReg hl
                                    929 ;	spillPairReg hl
      000647 26 00            [ 7]  930 	ld	h, #0x00
                                    931 ;	spillPairReg hl
                                    932 ;	spillPairReg hl
      000649 11r06r00         [10]  933 	ld	de, #_g_HexChar
      00064C 19               [11]  934 	add	hl, de
      00064D 7E               [ 7]  935 	ld	a, (hl)
      00064E 02               [ 7]  936 	ld	(bc), a
      00064F 03               [ 6]  937 	inc	bc
      000650 DD 71 04         [19]  938 	ld	4 (ix), c
      000653 DD 70 05         [19]  939 	ld	5 (ix), b
                                    940 ;/home/bruno/dev/MSXgl/engine/src/string.c:264: break;
      000656 C3rDCr06         [10]  941 	jp	00165$
                                    942 ;/home/bruno/dev/MSXgl/engine/src/string.c:268: case 'c':
      000659                        943 00159$:
                                    944 ;/home/bruno/dev/MSXgl/engine/src/string.c:270: c8 val = (c8)va_arg(args, c8);
      000659 DD 4E ED         [19]  945 	ld	c, -19 (ix)
      00065C DD 46 EE         [19]  946 	ld	b, -18 (ix)
      00065F 03               [ 6]  947 	inc	bc
      000660 DD 71 ED         [19]  948 	ld	-19 (ix), c
      000663 DD 70 EE         [19]  949 	ld	-18 (ix), b
      000666 0B               [ 6]  950 	dec	bc
      000667 0A               [ 7]  951 	ld	a, (bc)
                                    952 ;/home/bruno/dev/MSXgl/engine/src/string.c:271: *dest++ = val;
      000668 DD 4E 04         [19]  953 	ld	c, 4 (ix)
      00066B DD 46 05         [19]  954 	ld	b, 5 (ix)
      00066E 02               [ 7]  955 	ld	(bc), a
      00066F 03               [ 6]  956 	inc	bc
      000670 DD 71 04         [19]  957 	ld	4 (ix), c
      000673 DD 70 05         [19]  958 	ld	5 (ix), b
                                    959 ;/home/bruno/dev/MSXgl/engine/src/string.c:272: break;
      000676 C3rDCr06         [10]  960 	jp	00165$
                                    961 ;/home/bruno/dev/MSXgl/engine/src/string.c:276: case 's':
      000679                        962 00160$:
                                    963 ;/home/bruno/dev/MSXgl/engine/src/string.c:278: const c8* val = (const c8*)va_arg(args, const c8*);
      000679 DD 6E ED         [19]  964 	ld	l, -19 (ix)
                                    965 ;	spillPairReg hl
                                    966 ;	spillPairReg hl
      00067C DD 66 EE         [19]  967 	ld	h, -18 (ix)
                                    968 ;	spillPairReg hl
                                    969 ;	spillPairReg hl
      00067F 23               [ 6]  970 	inc	hl
      000680 23               [ 6]  971 	inc	hl
      000681 DD 75 ED         [19]  972 	ld	-19 (ix), l
      000684 DD 74 EE         [19]  973 	ld	-18 (ix), h
      000687 2B               [ 6]  974 	dec	hl
      000688 2B               [ 6]  975 	dec	hl
      000689 4E               [ 7]  976 	ld	c, (hl)
      00068A 23               [ 6]  977 	inc	hl
      00068B 46               [ 7]  978 	ld	b, (hl)
                                    979 ;/home/bruno/dev/MSXgl/engine/src/string.c:279: u8 len = String_Length(val);
      00068C 1E 00            [ 7]  980 	ld	e, #0x00
      00068E 69               [ 4]  981 	ld	l, c
                                    982 ;	spillPairReg hl
                                    983 ;	spillPairReg hl
      00068F 60               [ 4]  984 	ld	h, b
                                    985 ;	spillPairReg hl
                                    986 ;	spillPairReg hl
      000690                        987 00169$:
      000690 7E               [ 7]  988 	ld	a, (hl)
      000691 23               [ 6]  989 	inc	hl
      000692 B7               [ 4]  990 	or	a, a
      000693 28 04            [12]  991 	jr	Z, 00171$
      000695 1C               [ 4]  992 	inc	e
      000696 C3r90r06         [10]  993 	jp	00169$
      000699                        994 00171$:
                                    995 ;/home/bruno/dev/MSXgl/engine/src/string.c:280: for(u8 i = 0; i < len; i++)
      000699 C5               [11]  996 	push	bc
      00069A FD E1            [14]  997 	pop	iy
      00069C DD 4E 04         [19]  998 	ld	c, 4 (ix)
      00069F DD 46 05         [19]  999 	ld	b, 5 (ix)
      0006A2 16 00            [ 7] 1000 	ld	d, #0x00
      0006A4                       1001 00177$:
      0006A4 7A               [ 4] 1002 	ld	a, d
      0006A5 93               [ 4] 1003 	sub	a, e
      0006A6 30 2E            [12] 1004 	jr	NC, 00234$
                                   1005 ;/home/bruno/dev/MSXgl/engine/src/string.c:281: *dest++ = *val++;
      0006A8 FD 7E 00         [19] 1006 	ld	a, 0 (iy)
      0006AB FD 23            [10] 1007 	inc	iy
      0006AD 02               [ 7] 1008 	ld	(bc), a
      0006AE 03               [ 6] 1009 	inc	bc
                                   1010 ;/home/bruno/dev/MSXgl/engine/src/string.c:280: for(u8 i = 0; i < len; i++)
      0006AF 14               [ 4] 1011 	inc	d
      0006B0 C3rA4r06         [10] 1012 	jp	00177$
                                   1013 ;/home/bruno/dev/MSXgl/engine/src/string.c:284: }
      0006B3                       1014 00164$:
                                   1015 ;/home/bruno/dev/MSXgl/engine/src/string.c:287: *dest++ = *ptr;
      0006B3 DD 4E 04         [19] 1016 	ld	c, 4 (ix)
      0006B6 DD 46 05         [19] 1017 	ld	b, 5 (ix)
      0006B9 DD 7E FF         [19] 1018 	ld	a, -1 (ix)
      0006BC 02               [ 7] 1019 	ld	(bc), a
      0006BD 03               [ 6] 1020 	inc	bc
      0006BE DD 71 04         [19] 1021 	ld	4 (ix), c
      0006C1 DD 70 05         [19] 1022 	ld	5 (ix), b
                                   1023 ;/home/bruno/dev/MSXgl/engine/src/string.c:293: va_end(args);
      0006C4 C3rDCr06         [10] 1024 	jp	00165$
                                   1025 ;/home/bruno/dev/MSXgl/engine/src/string.c:287: *dest++ = *ptr;
      0006C7                       1026 00232$:
      0006C7 DD 7E FE         [19] 1027 	ld	a, -2 (ix)
      0006CA DD 77 04         [19] 1028 	ld	4 (ix), a
      0006CD DD 7E FF         [19] 1029 	ld	a, -1 (ix)
      0006D0 DD 77 05         [19] 1030 	ld	5 (ix), a
                                   1031 ;/home/bruno/dev/MSXgl/engine/src/string.c:293: va_end(args);
      0006D3 C3rDCr06         [10] 1032 	jp	00165$
                                   1033 ;/home/bruno/dev/MSXgl/engine/src/string.c:287: *dest++ = *ptr;
      0006D6                       1034 00234$:
      0006D6 DD 71 04         [19] 1035 	ld	4 (ix), c
      0006D9 DD 70 05         [19] 1036 	ld	5 (ix), b
      0006DC                       1037 00165$:
                                   1038 ;/home/bruno/dev/MSXgl/engine/src/string.c:289: ptr++;
      0006DC DD 34 F9         [23] 1039 	inc	-7 (ix)
      0006DF C2r7Dr00         [10] 1040 	jp	NZ,00166$
      0006E2 DD 34 FA         [23] 1041 	inc	-6 (ix)
      0006E5 C3r7Dr00         [10] 1042 	jp	00166$
      0006E8                       1043 00168$:
                                   1044 ;/home/bruno/dev/MSXgl/engine/src/string.c:291: *dest = 0;
      0006E8 DD 4E 04         [19] 1045 	ld	c, 4 (ix)
      0006EB DD 46 05         [19] 1046 	ld	b, 5 (ix)
      0006EE AF               [ 4] 1047 	xor	a, a
      0006EF 02               [ 7] 1048 	ld	(bc), a
                                   1049 ;/home/bruno/dev/MSXgl/engine/src/string.c:293: va_end(args);
                                   1050 ;/home/bruno/dev/MSXgl/engine/src/string.c:294: }
      0006F0 DD F9            [10] 1051 	ld	sp, ix
      0006F2 DD E1            [14] 1052 	pop	ix
      0006F4 C9               [10] 1053 	ret
                                   1054 	.area _CODE
                                   1055 	.area _INITIALIZER
                                   1056 	.area _CABS (ABS)
